Archive member included to satisfy reference by file (symbol)

/opt/st/stm32cubeide_1.18.0/plugins/com.st.stm32cube.ide.mcu.externaltools.gnu-tools-for-stm32.13.3.rel1.linux64_1.0.0.202410170706/tools/bin/../lib/gcc/arm-none-eabi/13.3.1/../../../../arm-none-eabi/lib/thumb/v6-m/nofp/libc_nano.a(libc_a-assert.o)
                              ./app/littlefs/lfs.o (__assert_func)
/opt/st/stm32cubeide_1.18.0/plugins/com.st.stm32cube.ide.mcu.externaltools.gnu-tools-for-stm32.13.3.rel1.linux64_1.0.0.202410170706/tools/bin/../lib/gcc/arm-none-eabi/13.3.1/../../../../arm-none-eabi/lib/thumb/v6-m/nofp/libc_nano.a(libc_a-exit.o)
                              /opt/st/stm32cubeide_1.18.0/plugins/com.st.stm32cube.ide.mcu.externaltools.gnu-tools-for-stm32.13.3.rel1.linux64_1.0.0.202410170706/tools/bin/../lib/gcc/arm-none-eabi/13.3.1/../../../../arm-none-eabi/lib/thumb/v6-m/nofp/crt0.o (exit)
/opt/st/stm32cubeide_1.18.0/plugins/com.st.stm32cube.ide.mcu.externaltools.gnu-tools-for-stm32.13.3.rel1.linux64_1.0.0.202410170706/tools/bin/../lib/gcc/arm-none-eabi/13.3.1/../../../../arm-none-eabi/lib/thumb/v6-m/nofp/libc_nano.a(libc_a-malloc.o)
                              ./app/littlefs/lfs.o (malloc)
/opt/st/stm32cubeide_1.18.0/plugins/com.st.stm32cube.ide.mcu.externaltools.gnu-tools-for-stm32.13.3.rel1.linux64_1.0.0.202410170706/tools/bin/../lib/gcc/arm-none-eabi/13.3.1/../../../../arm-none-eabi/lib/thumb/v6-m/nofp/libc_nano.a(libc_a-mallocr.o)
                              /opt/st/stm32cubeide_1.18.0/plugins/com.st.stm32cube.ide.mcu.externaltools.gnu-tools-for-stm32.13.3.rel1.linux64_1.0.0.202410170706/tools/bin/../lib/gcc/arm-none-eabi/13.3.1/../../../../arm-none-eabi/lib/thumb/v6-m/nofp/libc_nano.a(libc_a-malloc.o) (_malloc_r)
/opt/st/stm32cubeide_1.18.0/plugins/com.st.stm32cube.ide.mcu.externaltools.gnu-tools-for-stm32.13.3.rel1.linux64_1.0.0.202410170706/tools/bin/../lib/gcc/arm-none-eabi/13.3.1/../../../../arm-none-eabi/lib/thumb/v6-m/nofp/libc_nano.a(libc_a-mlock.o)
                              /opt/st/stm32cubeide_1.18.0/plugins/com.st.stm32cube.ide.mcu.externaltools.gnu-tools-for-stm32.13.3.rel1.linux64_1.0.0.202410170706/tools/bin/../lib/gcc/arm-none-eabi/13.3.1/../../../../arm-none-eabi/lib/thumb/v6-m/nofp/libc_nano.a(libc_a-mallocr.o) (__malloc_lock)
/opt/st/stm32cubeide_1.18.0/plugins/com.st.stm32cube.ide.mcu.externaltools.gnu-tools-for-stm32.13.3.rel1.linux64_1.0.0.202410170706/tools/bin/../lib/gcc/arm-none-eabi/13.3.1/../../../../arm-none-eabi/lib/thumb/v6-m/nofp/libc_nano.a(libc_a-findfp.o)
                              /opt/st/stm32cubeide_1.18.0/plugins/com.st.stm32cube.ide.mcu.externaltools.gnu-tools-for-stm32.13.3.rel1.linux64_1.0.0.202410170706/tools/bin/../lib/gcc/arm-none-eabi/13.3.1/../../../../arm-none-eabi/lib/thumb/v6-m/nofp/libc_nano.a(libc_a-exit.o) (__stdio_exit_handler)
/opt/st/stm32cubeide_1.18.0/plugins/com.st.stm32cube.ide.mcu.externaltools.gnu-tools-for-stm32.13.3.rel1.linux64_1.0.0.202410170706/tools/bin/../lib/gcc/arm-none-eabi/13.3.1/../../../../arm-none-eabi/lib/thumb/v6-m/nofp/libc_nano.a(libc_a-fprintf.o)
                              /opt/st/stm32cubeide_1.18.0/plugins/com.st.stm32cube.ide.mcu.externaltools.gnu-tools-for-stm32.13.3.rel1.linux64_1.0.0.202410170706/tools/bin/../lib/gcc/arm-none-eabi/13.3.1/../../../../arm-none-eabi/lib/thumb/v6-m/nofp/libc_nano.a(libc_a-assert.o) (fiprintf)
/opt/st/stm32cubeide_1.18.0/plugins/com.st.stm32cube.ide.mcu.externaltools.gnu-tools-for-stm32.13.3.rel1.linux64_1.0.0.202410170706/tools/bin/../lib/gcc/arm-none-eabi/13.3.1/../../../../arm-none-eabi/lib/thumb/v6-m/nofp/libc_nano.a(libc_a-fwalk.o)
                              /opt/st/stm32cubeide_1.18.0/plugins/com.st.stm32cube.ide.mcu.externaltools.gnu-tools-for-stm32.13.3.rel1.linux64_1.0.0.202410170706/tools/bin/../lib/gcc/arm-none-eabi/13.3.1/../../../../arm-none-eabi/lib/thumb/v6-m/nofp/libc_nano.a(libc_a-findfp.o) (_fwalk_sglue)
/opt/st/stm32cubeide_1.18.0/plugins/com.st.stm32cube.ide.mcu.externaltools.gnu-tools-for-stm32.13.3.rel1.linux64_1.0.0.202410170706/tools/bin/../lib/gcc/arm-none-eabi/13.3.1/../../../../arm-none-eabi/lib/thumb/v6-m/nofp/libc_nano.a(libc_a-printf.o)
                              ./app/littlefs/lfs.o (printf)
/opt/st/stm32cubeide_1.18.0/plugins/com.st.stm32cube.ide.mcu.externaltools.gnu-tools-for-stm32.13.3.rel1.linux64_1.0.0.202410170706/tools/bin/../lib/gcc/arm-none-eabi/13.3.1/../../../../arm-none-eabi/lib/thumb/v6-m/nofp/libc_nano.a(libc_a-stdio.o)
                              /opt/st/stm32cubeide_1.18.0/plugins/com.st.stm32cube.ide.mcu.externaltools.gnu-tools-for-stm32.13.3.rel1.linux64_1.0.0.202410170706/tools/bin/../lib/gcc/arm-none-eabi/13.3.1/../../../../arm-none-eabi/lib/thumb/v6-m/nofp/libc_nano.a(libc_a-findfp.o) (__sread)
[...]
Memory Configuration

Name             Origin             Length             Attributes
RAM              0x20000000         0x00003000         xrw
FLASH            0x08000000         0x00020000         xr
*default*        0x00000000         0xffffffff

Linker script and memory map

LOAD /opt/st/stm32cubeide_1.18.0/plugins/com.st.stm32cube.ide.mcu.externaltools.gnu-tools-for-stm32.13.3.rel1.linux64_1.0.0.202410170706/tools/bin/../lib/gcc/arm-none-eabi/13.3.1/thumb/v6-m/nofp/crti.o
LOAD /opt/st/stm32cubeide_1.18.0/plugins/com.st.stm32cube.ide.mcu.externaltools.gnu-tools-for-stm32.13.3.rel1.linux64_1.0.0.202410170706/tools/bin/../lib/gcc/arm-none-eabi/13.3.1/thumb/v6-m/nofp/crtbegin.o
LOAD /opt/st/stm32cubeide_1.18.0/plugins/com.st.stm32cube.ide.mcu.externaltools.gnu-tools-for-stm32.13.3.rel1.linux64_1.0.0.202410170706/tools/bin/../lib/gcc/arm-none-eabi/13.3.1/../../../../arm-none-eabi/lib/thumb/v6-m/nofp/crt0.o
LOAD ./Core/Src/main.o
LOAD ./Core/Src/stm32u0xx_hal_msp.o
LOAD ./Core/Src/stm32u0xx_it.o
LOAD ./Core/Src/syscalls.o
LOAD ./Core/Src/sysmem.o
LOAD ./Core/Src/system_stm32u0xx.o
LOAD ./Core/Startup/startup_stm32u031k6ux.o
LOAD ./Drivers/STM32U0xx_HAL_Driver/Src/stm32u0xx_hal.o
LOAD ./Drivers/STM32U0xx_HAL_Driver/Src/stm32u0xx_hal_cortex.o
LOAD ./Drivers/STM32U0xx_HAL_Driver/Src/stm32u0xx_hal_dma.o
LOAD ./Drivers/STM32U0xx_HAL_Driver/Src/stm32u0xx_hal_dma_ex.o
LOAD ./Drivers/STM32U0xx_HAL_Driver/Src/stm32u0xx_hal_exti.o
LOAD ./Drivers/STM32U0xx_HAL_Driver/Src/stm32u0xx_hal_flash.o
LOAD ./Drivers/STM32U0xx_HAL_Driver/Src/stm32u0xx_hal_flash_ex.o
LOAD ./Drivers/STM32U0xx_HAL_Driver/Src/stm32u0xx_hal_gpio.o
LOAD ./Drivers/STM32U0xx_HAL_Driver/Src/stm32u0xx_hal_pwr.o
LOAD ./Drivers/STM32U0xx_HAL_Driver/Src/stm32u0xx_hal_pwr_ex.o
LOAD ./Drivers/STM32U0xx_HAL_Driver/Src/stm32u0xx_hal_rcc.o
LOAD ./Drivers/STM32U0xx_HAL_Driver/Src/stm32u0xx_hal_rcc_ex.o
LOAD ./Drivers/STM32U0xx_HAL_Driver/Src/stm32u0xx_hal_rtc.o
LOAD ./Drivers/STM32U0xx_HAL_Driver/Src/stm32u0xx_hal_rtc_ex.o
LOAD ./Drivers/STM32U0xx_HAL_Driver/Src/stm32u0xx_hal_spi.o
LOAD ./Drivers/STM32U0xx_HAL_Driver/Src/stm32u0xx_hal_spi_ex.o
LOAD ./Drivers/STM32U0xx_HAL_Driver/Src/stm32u0xx_hal_tim.o
LOAD ./Drivers/STM32U0xx_HAL_Driver/Src/stm32u0xx_hal_tim_ex.o
LOAD ./Drivers/STM32U0xx_HAL_Driver/Src/stm32u0xx_hal_uart.o
LOAD ./Drivers/STM32U0xx_HAL_Driver/Src/stm32u0xx_hal_uart_ex.o
LOAD ./app/AT45DB021E.o
LOAD ./app/app.o
LOAD ./app/database.o
LOAD ./app/hw.o
LOAD ./app/log.o
LOAD ./app/rfid.o
LOAD ./app/littlefs/lfs.o
LOAD ./app/littlefs/lfs_util.o
START GROUP
LOAD /opt/st/stm32cubeide_1.18.0/plugins/com.st.stm32cube.ide.mcu.externaltools.gnu-tools-for-stm32.13.3.rel1.linux64_1.0.0.202410170706/tools/bin/../lib/gcc/arm-none-eabi/13.3.1/../../../../arm-none-eabi/lib/thumb/v6-m/nofp/libc_nano.a
LOAD /opt/st/stm32cubeide_1.18.0/plugins/com.st.stm32cube.ide.mcu.externaltools.gnu-tools-for-stm32.13.3.rel1.linux64_1.0.0.202410170706/tools/bin/../lib/gcc/arm-none-eabi/13.3.1/../../../../arm-none-eabi/lib/thumb/v6-m/nofp/libm.a
END GROUP
START GROUP
LOAD /opt/st/stm32cubeide_1.18.0/plugins/com.st.stm32cube.ide.mcu.externaltools.gnu-tools-for-stm32.13.3.rel1.linux64_1.0.0.202410170706/tools/bin/../lib/gcc/arm-none-eabi/13.3.1/thumb/v6-m/nofp/libgcc.a
LOAD /opt/st/stm32cubeide_1.18.0/plugins/com.st.stm32cube.ide.mcu.externaltools.gnu-tools-for-stm32.13.3.rel1.linux64_1.0.0.202410170706/tools/bin/../lib/gcc/arm-none-eabi/13.3.1/../../../../arm-none-eabi/lib/thumb/v6-m/nofp/libc_nano.a
END GROUP
START GROUP
LOAD /opt/st/stm32cubeide_1.18.0/plugins/com.st.stm32cube.ide.mcu.externaltools.gnu-tools-for-stm32.13.3.rel1.linux64_1.0.0.202410170706/tools/bin/../lib/gcc/arm-none-eabi/13.3.1/thumb/v6-m/nofp/libgcc.a
LOAD /opt/st/stm32cubeide_1.18.0/plugins/com.st.stm32cube.ide.mcu.externaltools.gnu-tools-for-stm32.13.3.rel1.linux64_1.0.0.202410170706/tools/bin/../lib/gcc/arm-none-eabi/13.3.1/../../../../arm-none-eabi/lib/thumb/v6-m/nofp/libc_nano.a
LOAD /opt/st/stm32cubeide_1.18.0/plugins/com.st.stm32cube.ide.mcu.externaltools.gnu-tools-for-stm32.13.3.rel1.linux64_1.0.0.202410170706/tools/bin/../lib/gcc/arm-none-eabi/13.3.1/../../../../arm-none-eabi/lib/thumb/v6-m/nofp/libnosys.a
END GROUP
START GROUP
LOAD /opt/st/stm32cubeide_1.18.0/plugins/com.st.stm32cube.ide.mcu.externaltools.gnu-tools-for-stm32.13.3.rel1.linux64_1.0.0.202410170706/tools/bin/../lib/gcc/arm-none-eabi/13.3.1/thumb/v6-m/nofp/libgcc.a
LOAD /opt/st/stm32cubeide_1.18.0/plugins/com.st.stm32cube.ide.mcu.externaltools.gnu-tools-for-stm32.13.3.rel1.linux64_1.0.0.202410170706/tools/bin/../lib/gcc/arm-none-eabi/13.3.1/../../../../arm-none-eabi/lib/thumb/v6-m/nofp/libc_nano.a
LOAD /opt/st/stm32cubeide_1.18.0/plugins/com.st.stm32cube.ide.mcu.externaltools.gnu-tools-for-stm32.13.3.rel1.linux64_1.0.0.202410170706/tools/bin/../lib/gcc/arm-none-eabi/13.3.1/../../../../arm-none-eabi/lib/thumb/v6-m/nofp/libnosys.a
END GROUP
LOAD /opt/st/stm32cubeide_1.18.0/plugins/com.st.stm32cube.ide.mcu.externaltools.gnu-tools-for-stm32.13.3.rel1.linux64_1.0.0.202410170706/tools/bin/../lib/gcc/arm-none-eabi/13.3.1/thumb/v6-m/nofp/crtend.o
LOAD /opt/st/stm32cubeide_1.18.0/plugins/com.st.stm32cube.ide.mcu.externaltools.gnu-tools-for-stm32.13.3.rel1.linux64_1.0.0.202410170706/tools/bin/../lib/gcc/arm-none-eabi/13.3.1/thumb/v6-m/nofp/crtn.o
                0x20003000                        _estack = (ORIGIN (RAM) + LENGTH (RAM))
                0x00000200                        _Min_Heap_Size = 0x200
                0x00000400                        _Min_Stack_Size = 0x400

.isr_vector     0x08000000       0xc0
                0x08000000                        . = ALIGN (0x4)
 *(.isr_vector)
 .isr_vector    0x08000000       0xc0 ./Core/Startup/startup_stm32u031k6ux.o
                0x08000000                g_pfnVectors
                0x080000c0                        . = ALIGN (0x4)

.text           0x080000c0     0xee50
                0x080000c0                        . = ALIGN (0x4)
 *(.text)
 .text          0x080000c0       0x48 /opt/st/stm32cubeide_1.18.0/plugins/com.st.stm32cube.ide.mcu.externaltools.gnu-tools-for-stm32.13.3.rel1.linux64_1.0.0.202410170706/tools/bin/../lib/gcc/arm-none-eabi/13.3.1/thumb/v6-m/nofp/crtbegin.o
 .text          0x08000108       0x14 /opt/st/stm32cubeide_1.18.0/plugins/com.st.stm32cube.ide.mcu.externaltools.gnu-tools-for-stm32.13.3.rel1.linux64_1.0.0.202410170706/tools/bin/../lib/gcc/arm-none-eabi/13.3.1/thumb/v6-m/nofp/libgcc.a(_thumb1_case_shi.o)
                0x08000108                __gnu_thumb1_case_shi
 .text          0x0800011c      0x114 /opt/st/stm32cubeide_1.18.0/plugins/com.st.stm32cube.ide.mcu.externaltools.gnu-tools-for-stm32.13.3.rel1.linux64_1.0.0.202410170706/tools/bin/../lib/gcc/arm-none-eabi/13.3.1/thumb/v6-m/nofp/libgcc.a(_udivsi3.o)
                0x0800011c                __udivsi3
                0x0800011c                __aeabi_uidiv
                0x08000228                __aeabi_uidivmod
 .text          0x08000230      0x1d4 /opt/st/stm32cubeide_1.18.0/plugins/com.st.stm32cube.ide.mcu.externaltools.gnu-tools-for-stm32.13.3.rel1.linux64_1.0.0.202410170706/tools/bin/../lib/gcc/arm-none-eabi/13.3.1/thumb/v6-m/nofp/libgcc.a(_divsi3.o)
                0x08000230                __aeabi_idiv
                0x08000230                __divsi3
                0x080003fc                __aeabi_idivmod
 .text          0x08000404        0x4 /opt/st/stm32cubeide_1.18.0/plugins/com.st.stm32cube.ide.mcu.externaltools.gnu-tools-for-stm32.13.3.rel1.linux64_1.0.0.202410170706/tools/bin/../lib/gcc/arm-none-eabi/13.3.1/thumb/v6-m/nofp/libgcc.a(_dvmd_tls.o)
                0x08000404                __aeabi_ldiv0
                0x08000404                __aeabi_idiv0
 .text          0x08000408       0x3c /opt/st/stm32cubeide_1.18.0/plugins/com.st.stm32cube.ide.mcu.externaltools.gnu-tools-for-stm32.13.3.rel1.linux64_1.0.0.202410170706/tools/bin/../lib/gcc/arm-none-eabi/13.3.1/thumb/v6-m/nofp/libgcc.a(_clzsi2.o)
                0x08000408                __clzsi2
 .text          0x08000444       0x40 /opt/st/stm32cubeide_1.18.0/plugins/com.st.stm32cube.ide.mcu.externaltools.gnu-tools-for-stm32.13.3.rel1.linux64_1.0.0.202410170706/tools/bin/../lib/gcc/arm-none-eabi/13.3.1/thumb/v6-m/nofp/libgcc.a(_ctzsi2.o)
                0x08000444                __ctzsi2
 .text          0x08000484       0x40 /opt/st/stm32cubeide_1.18.0/plugins/com.st.stm32cube.ide.mcu.externaltools.gnu-tools-for-stm32.13.3.rel1.linux64_1.0.0.202410170706/tools/bin/../lib/gcc/arm-none-eabi/13.3.1/thumb/v6-m/nofp/libgcc.a(_aeabi_uldivmod.o)
                0x08000484                __aeabi_uldivmod
 .text          0x080004c4       0x34 /opt/st/stm32cubeide_1.18.0/plugins/com.st.stm32cube.ide.mcu.externaltools.gnu-tools-for-stm32.13.3.rel1.linux64_1.0.0.202410170706/tools/bin/../lib/gcc/arm-none-eabi/13.3.1/thumb/v6-m/nofp/libgcc.a(_popcountsi2.o)
                0x080004c4                __popcountsi2
 .text          0x080004f8      0x198 /opt/st/stm32cubeide_1.18.0/plugins/com.st.stm32cube.ide.mcu.externaltools.gnu-tools-for-stm32.13.3.rel1.linux64_1.0.0.202410170706/tools/bin/../lib/gcc/arm-none-eabi/13.3.1/thumb/v6-m/nofp/libgcc.a(_udivmoddi4.o)
                0x080004f8                __udivmoddi4
 .text          0x08000690       0x18 /opt/st/stm32cubeide_1.18.0/plugins/com.st.stm32cube.ide.mcu.externaltools.gnu-tools-for-stm32.13.3.rel1.linux64_1.0.0.202410170706/tools/bin/../lib/gcc/arm-none-eabi/13.3.1/thumb/v6-m/nofp/libgcc.a(_clzdi2.o)
                0x08000690                __clzdi2
 *(.text*)
 .text.main     0x080006a8       0x2e ./Core/Src/main.o
                0x080006a8                main
 .text.SystemClock_Config
                0x080006d6       0x90 ./Core/Src/main.o
                0x080006d6                SystemClock_Config
 *fill*         0x08000766        0x2 
 .text.MX_LPUART2_UART_Init
                0x08000768       0x98 ./Core/Src/main.o
 .text.MX_RTC_Init
                0x08000800       0x60 ./Core/Src/main.o
 .text.MX_SPI1_Init
                0x08000860       0x7c ./Core/Src/main.o
 .text.MX_SPI2_Init
                0x080008dc       0x7c ./Core/Src/main.o
 .text.MX_TIM2_Init
                0x08000958       0xc0 ./Core/Src/main.o
 .text.MX_GPIO_Init
                0x08000a18      0x148 ./Core/Src/main.o
 .text.Error_Handler
                0x08000b60        0xc ./Core/Src/main.o
                0x08000b60                Error_Handler
 .text.HAL_MspInit
                0x08000b6c       0x48 ./Core/Src/stm32u0xx_hal_msp.o
                0x08000b6c                HAL_MspInit
 .text.HAL_UART_MspInit
                0x08000bb4       0xc0 ./Core/Src/stm32u0xx_hal_msp.o
                0x08000bb4                HAL_UART_MspInit
 .text.HAL_RTC_MspInit
                0x08000c74       0x80 ./Core/Src/stm32u0xx_hal_msp.o
                0x08000c74                HAL_RTC_MspInit
 .text.HAL_SPI_MspInit
                0x08000cf4      0x10c ./Core/Src/stm32u0xx_hal_msp.o
                0x08000cf4                HAL_SPI_MspInit
 .text.HAL_TIM_PWM_MspInit
                0x08000e00       0x38 ./Core/Src/stm32u0xx_hal_msp.o
                0x08000e00                HAL_TIM_PWM_MspInit
 .text.HAL_TIM_MspPostInit
                0x08000e38       0x78 ./Core/Src/stm32u0xx_hal_msp.o
                0x08000e38                HAL_TIM_MspPostInit
 .text.NMI_Handler
                0x08000eb0        0x8 ./Core/Src/stm32u0xx_it.o
                0x08000eb0                NMI_Handler
 .text.HardFault_Handler
                0x08000eb8        0x8 ./Core/Src/stm32u0xx_it.o
                0x08000eb8                HardFault_Handler
 .text.SVC_Handler
                0x08000ec0        0xa ./Core/Src/stm32u0xx_it.o
                0x08000ec0                SVC_Handler
 .text.PendSV_Handler
                0x08000eca        0xa ./Core/Src/stm32u0xx_it.o
                0x08000eca                PendSV_Handler
 .text.SysTick_Handler
                0x08000ed4        0xe ./Core/Src/stm32u0xx_it.o
                0x08000ed4                SysTick_Handler
 .text.EXTI0_1_IRQHandler
                0x08000ee2       0x10 ./Core/Src/stm32u0xx_it.o
                0x08000ee2                EXTI0_1_IRQHandler
 .text._getpid  0x08000ef2        0xc ./Core/Src/syscalls.o
                0x08000ef2                _getpid
 .text._kill    0x08000efe       0x20 ./Core/Src/syscalls.o
                0x08000efe                _kill
 .text._exit    0x08000f1e       0x1a ./Core/Src/syscalls.o
                0x08000f1e                _exit
 .text._read    0x08000f38       0x3a ./Core/Src/syscalls.o
                0x08000f38                _read
 .text._write   0x08000f72       0x38 ./Core/Src/syscalls.o
                0x08000f72                _write
 .text._close   0x08000faa       0x14 ./Core/Src/syscalls.o
                0x08000faa                _close
 .text._fstat   0x08000fbe       0x1c ./Core/Src/syscalls.o
                0x08000fbe                _fstat
 .text._isatty  0x08000fda       0x12 ./Core/Src/syscalls.o
                0x08000fda                _isatty
 .text._lseek   0x08000fec       0x16 ./Core/Src/syscalls.o
                0x08000fec                _lseek
 *fill*         0x08001002        0x2 
 .text._sbrk    0x08001004       0x6c ./Core/Src/sysmem.o
                0x08001004                _sbrk
 .text.SystemInit
                0x08001070       0x58 ./Core/Src/system_stm32u0xx.o
                0x08001070                SystemInit
 .text.Reset_Handler
                0x080010c8       0x50 ./Core/Startup/startup_stm32u031k6ux.o
                0x080010c8                Reset_Handler
 .text.Default_Handler
                0x08001118        0x2 ./Core/Startup/startup_stm32u031k6ux.o
                0x08001118                I2C2_3_IRQHandler
                0x08001118                WWDG_IWDG_IRQHandler
                0x08001118                TIM1_CC_IRQHandler
                0x08001118                TSC_IRQHandler
                0x08001118                ADC_COMP1_IRQHandler
                0x08001118                I2C1_IRQHandler
                0x08001118                TIM7_LPTIM2_IRQHandler
                0x08001118                RCC_CRS_IRQHandler
                0x08001118                RTC_TAMP_IRQHandler
                0x08001118                DMA1_Ch4_7_DMAMUX_OVR_IRQHandler
                0x08001118                SPI1_IRQHandler
                0x08001118                EXTI2_3_IRQHandler
                0x08001118                USART2_LPUART2_IRQHandler
                0x08001118                USART4_IRQHandler
                0x08001118                TIM16_IRQHandler
                0x08001118                TIM3_IRQHandler
                0x08001118                EXTI4_15_IRQHandler
                0x08001118                DMA1_Channel1_IRQHandler
                0x08001118                Default_Handler
                0x08001118                TIM15_IRQHandler
                0x08001118                PVD_PVM_IRQHandler
                0x08001118                SPI2_IRQHandler
                0x08001118                RNG_IRQHandler
                0x08001118                TIM6_DAC_LPTIM1_IRQHandler
                0x08001118                TIM2_IRQHandler
                0x08001118                DMA1_Channel2_3_IRQHandler
                0x08001118                FLASH_ECC_IRQHandler
                0x08001118                USART3_LPUART1_IRQHandler
                0x08001118                USART1_IRQHandler
                0x08001118                TIM1_BRK_UP_TRG_COM_IRQHandler
 .text.HAL_Init
                0x0800111a       0x2e ./Drivers/STM32U0xx_HAL_Driver/Src/stm32u0xx_hal.o
                0x0800111a                HAL_Init
 .text.HAL_InitTick
                0x08001148       0x94 ./Drivers/STM32U0xx_HAL_Driver/Src/stm32u0xx_hal.o
                0x08001148                HAL_InitTick
 .text.HAL_IncTick
                0x080011dc       0x20 ./Drivers/STM32U0xx_HAL_Driver/Src/stm32u0xx_hal.o
                0x080011dc                HAL_IncTick
 .text.HAL_GetTick
                0x080011fc       0x14 ./Drivers/STM32U0xx_HAL_Driver/Src/stm32u0xx_hal.o
                0x080011fc                HAL_GetTick
 .text.HAL_Delay
                0x08001210       0x44 ./Drivers/STM32U0xx_HAL_Driver/Src/stm32u0xx_hal.o
                0x08001210                HAL_Delay
 .text.__NVIC_EnableIRQ
                0x08001254       0x34 ./Drivers/STM32U0xx_HAL_Driver/Src/stm32u0xx_hal_cortex.o
 .text.__NVIC_SetPriority
                0x08001288       0xdc ./Drivers/STM32U0xx_HAL_Driver/Src/stm32u0xx_hal_cortex.o
 .text.SysTick_Config
                0x08001364       0x48 ./Drivers/STM32U0xx_HAL_Driver/Src/stm32u0xx_hal_cortex.o
 .text.HAL_NVIC_SetPriority
                0x080013ac       0x2a ./Drivers/STM32U0xx_HAL_Driver/Src/stm32u0xx_hal_cortex.o
                0x080013ac                HAL_NVIC_SetPriority
 .text.HAL_NVIC_EnableIRQ
                0x080013d6       0x20 ./Drivers/STM32U0xx_HAL_Driver/Src/stm32u0xx_hal_cortex.o
                0x080013d6                HAL_NVIC_EnableIRQ
 .text.HAL_SYSTICK_Config
                0x080013f6       0x1a ./Drivers/STM32U0xx_HAL_Driver/Src/stm32u0xx_hal_cortex.o
                0x080013f6                HAL_SYSTICK_Config
 .text.HAL_GPIO_Init
                0x08001410      0x2d8 ./Drivers/STM32U0xx_HAL_Driver/Src/stm32u0xx_hal_gpio.o
                0x08001410                HAL_GPIO_Init
 .text.HAL_GPIO_WritePin
                0x080016e8       0x3a ./Drivers/STM32U0xx_HAL_Driver/Src/stm32u0xx_hal_gpio.o
                0x080016e8                HAL_GPIO_WritePin
 *fill*         0x08001722        0x2 
 .text.HAL_GPIO_EXTI_IRQHandler
                0x08001724       0x54 ./Drivers/STM32U0xx_HAL_Driver/Src/stm32u0xx_hal_gpio.o
                0x08001724                HAL_GPIO_EXTI_IRQHandler
 .text.HAL_GPIO_EXTI_Falling_Callback
                0x08001778       0x14 ./Drivers/STM32U0xx_HAL_Driver/Src/stm32u0xx_hal_gpio.o
                0x08001778                HAL_GPIO_EXTI_Falling_Callback
 .text.HAL_PWREx_ControlVoltageScaling
                0x0800178c       0xc0 ./Drivers/STM32U0xx_HAL_Driver/Src/stm32u0xx_hal_pwr_ex.o
                0x0800178c                HAL_PWREx_ControlVoltageScaling
 .text.HAL_PWREx_GetVoltageRange
                0x0800184c       0x18 ./Drivers/STM32U0xx_HAL_Driver/Src/stm32u0xx_hal_pwr_ex.o
                0x0800184c                HAL_PWREx_GetVoltageRange
 .text.HAL_RCC_OscConfig
                0x08001864      0x7cc ./Drivers/STM32U0xx_HAL_Driver/Src/stm32u0xx_hal_rcc.o
                0x08001864                HAL_RCC_OscConfig
 .text.HAL_RCC_ClockConfig
                0x08002030      0x1d8 ./Drivers/STM32U0xx_HAL_Driver/Src/stm32u0xx_hal_rcc.o
                0x08002030                HAL_RCC_ClockConfig
 .text.HAL_RCC_GetSysClockFreq
                0x08002208      0x138 ./Drivers/STM32U0xx_HAL_Driver/Src/stm32u0xx_hal_rcc.o
                0x08002208                HAL_RCC_GetSysClockFreq
 .text.HAL_RCC_GetHCLKFreq
                0x08002340       0x14 ./Drivers/STM32U0xx_HAL_Driver/Src/stm32u0xx_hal_rcc.o
                0x08002340                HAL_RCC_GetHCLKFreq
 .text.HAL_RCC_GetPCLK1Freq
                0x08002354       0x30 ./Drivers/STM32U0xx_HAL_Driver/Src/stm32u0xx_hal_rcc.o
                0x08002354                HAL_RCC_GetPCLK1Freq
 .text.RCC_SetFlashLatencyFromMSIRange
                0x08002384       0xd8 ./Drivers/STM32U0xx_HAL_Driver/Src/stm32u0xx_hal_rcc.o
 .text.HAL_RCCEx_PeriphCLKConfig
                0x0800245c      0x3c8 ./Drivers/STM32U0xx_HAL_Driver/Src/stm32u0xx_hal_rcc_ex.o
                0x0800245c                HAL_RCCEx_PeriphCLKConfig
 .text.HAL_RCCEx_GetPeriphCLKFreq
                0x08002824      0x850 ./Drivers/STM32U0xx_HAL_Driver/Src/stm32u0xx_hal_rcc_ex.o
                0x08002824                HAL_RCCEx_GetPeriphCLKFreq
 .text.HAL_RCCEx_GetPLLClockFreq
                0x08003074      0x17c ./Drivers/STM32U0xx_HAL_Driver/Src/stm32u0xx_hal_rcc_ex.o
                0x08003074                HAL_RCCEx_GetPLLClockFreq
 .text.HAL_RTC_Init
                0x080031f0      0x14c ./Drivers/STM32U0xx_HAL_Driver/Src/stm32u0xx_hal_rtc.o
                0x080031f0                HAL_RTC_Init
 .text.HAL_RTC_WaitForSynchro
                0x0800333c       0x4c ./Drivers/STM32U0xx_HAL_Driver/Src/stm32u0xx_hal_rtc.o
                0x0800333c                HAL_RTC_WaitForSynchro
 .text.RTC_EnterInitMode
                0x08003388       0x58 ./Drivers/STM32U0xx_HAL_Driver/Src/stm32u0xx_hal_rtc.o
                0x08003388                RTC_EnterInitMode
 .text.HAL_SPI_Init
                0x080033e0      0x15c ./Drivers/STM32U0xx_HAL_Driver/Src/stm32u0xx_hal_spi.o
                0x080033e0                HAL_SPI_Init
 .text.HAL_SPI_Transmit
                0x0800353c      0x2be ./Drivers/STM32U0xx_HAL_Driver/Src/stm32u0xx_hal_spi.o
                0x0800353c                HAL_SPI_Transmit
 *fill*         0x080037fa        0x2 
 .text.HAL_SPI_Receive
                0x080037fc      0x2a4 ./Drivers/STM32U0xx_HAL_Driver/Src/stm32u0xx_hal_spi.o
                0x080037fc                HAL_SPI_Receive
 .text.HAL_SPI_TransmitReceive
                0x08003aa0      0x3c4 ./Drivers/STM32U0xx_HAL_Driver/Src/stm32u0xx_hal_spi.o
                0x08003aa0                HAL_SPI_TransmitReceive
 .text.SPI_WaitFlagStateUntilTimeout
                0x08003e64      0x11c ./Drivers/STM32U0xx_HAL_Driver/Src/stm32u0xx_hal_spi.o
 .text.SPI_WaitFifoStateUntilTimeout
                0x08003f80      0x144 ./Drivers/STM32U0xx_HAL_Driver/Src/stm32u0xx_hal_spi.o
 .text.SPI_EndRxTransaction
                0x080040c4       0xbc ./Drivers/STM32U0xx_HAL_Driver/Src/stm32u0xx_hal_spi.o
 .text.SPI_EndRxTxTransaction
                0x08004180       0x8c ./Drivers/STM32U0xx_HAL_Driver/Src/stm32u0xx_hal_spi.o
 .text.HAL_TIM_Base_Start_IT
                0x0800420c       0xb8 ./Drivers/STM32U0xx_HAL_Driver/Src/stm32u0xx_hal_tim.o
                0x0800420c                HAL_TIM_Base_Start_IT
 .text.HAL_TIM_Base_Stop_IT
                0x080042c4       0x5c ./Drivers/STM32U0xx_HAL_Driver/Src/stm32u0xx_hal_tim.o
                0x080042c4                HAL_TIM_Base_Stop_IT
 .text.HAL_TIM_PWM_Init
                0x08004320       0xb0 ./Drivers/STM32U0xx_HAL_Driver/Src/stm32u0xx_hal_tim.o
                0x08004320                HAL_TIM_PWM_Init
 .text.HAL_TIM_PWM_Start
                0x080043d0      0x1c4 ./Drivers/STM32U0xx_HAL_Driver/Src/stm32u0xx_hal_tim.o
                0x080043d0                HAL_TIM_PWM_Start
 .text.HAL_TIM_PWM_ConfigChannel
                0x08004594      0x200 ./Drivers/STM32U0xx_HAL_Driver/Src/stm32u0xx_hal_tim.o
                0x08004594                HAL_TIM_PWM_ConfigChannel
 .text.TIM_Base_SetConfig
                0x08004794       0xfc ./Drivers/STM32U0xx_HAL_Driver/Src/stm32u0xx_hal_tim.o
                0x08004794                TIM_Base_SetConfig
 .text.TIM_OC1_SetConfig
                0x08004890      0x100 ./Drivers/STM32U0xx_HAL_Driver/Src/stm32u0xx_hal_tim.o
 .text.TIM_OC2_SetConfig
                0x08004990       0xfc ./Drivers/STM32U0xx_HAL_Driver/Src/stm32u0xx_hal_tim.o
                0x08004990                TIM_OC2_SetConfig
 .text.TIM_OC3_SetConfig
                0x08004a8c      0x104 ./Drivers/STM32U0xx_HAL_Driver/Src/stm32u0xx_hal_tim.o
 .text.TIM_OC4_SetConfig
                0x08004b90       0xc8 ./Drivers/STM32U0xx_HAL_Driver/Src/stm32u0xx_hal_tim.o
 .text.TIM_OC5_SetConfig
                0x08004c58       0xb4 ./Drivers/STM32U0xx_HAL_Driver/Src/stm32u0xx_hal_tim.o
 .text.TIM_OC6_SetConfig
                0x08004d0c       0xbc ./Drivers/STM32U0xx_HAL_Driver/Src/stm32u0xx_hal_tim.o
 .text.TIM_CCxChannelCmd
                0x08004dc8       0x46 ./Drivers/STM32U0xx_HAL_Driver/Src/stm32u0xx_hal_tim.o
                0x08004dc8                TIM_CCxChannelCmd
 *fill*         0x08004e0e        0x2 
 .text.HAL_TIMEx_MasterConfigSynchronization
                0x08004e10       0xdc ./Drivers/STM32U0xx_HAL_Driver/Src/stm32u0xx_hal_tim_ex.o
                0x08004e10                HAL_TIMEx_MasterConfigSynchronization
 .text.HAL_UART_Init
                0x08004eec       0xac ./Drivers/STM32U0xx_HAL_Driver/Src/stm32u0xx_hal_uart.o
                0x08004eec                HAL_UART_Init
 .text.UART_SetConfig
                0x08004f98      0x374 ./Drivers/STM32U0xx_HAL_Driver/Src/stm32u0xx_hal_uart.o
                0x08004f98                UART_SetConfig
 .text.UART_AdvFeatureConfig
                0x0800530c      0x168 ./Drivers/STM32U0xx_HAL_Driver/Src/stm32u0xx_hal_uart.o
                0x0800530c                UART_AdvFeatureConfig
 .text.UART_CheckIdleState
                0x08005474      0x154 ./Drivers/STM32U0xx_HAL_Driver/Src/stm32u0xx_hal_uart.o
                0x08005474                UART_CheckIdleState
 .text.UART_WaitOnFlagUntilTimeout
                0x080055c8       0xde ./Drivers/STM32U0xx_HAL_Driver/Src/stm32u0xx_hal_uart.o
                0x080055c8                UART_WaitOnFlagUntilTimeout
 *fill*         0x080056a6        0x2 
 .text.UART_EndRxTransfer
                0x080056a8       0xcc ./Drivers/STM32U0xx_HAL_Driver/Src/stm32u0xx_hal_uart.o
 .text.HAL_UARTEx_DisableFifoMode
                0x08005774       0x74 ./Drivers/STM32U0xx_HAL_Driver/Src/stm32u0xx_hal_uart_ex.o
                0x08005774                HAL_UARTEx_DisableFifoMode
 .text.HAL_UARTEx_SetTxFifoThreshold
                0x080057e8       0x7e ./Drivers/STM32U0xx_HAL_Driver/Src/stm32u0xx_hal_uart_ex.o
                0x080057e8                HAL_UARTEx_SetTxFifoThreshold
 *fill*         0x08005866        0x2 
 .text.HAL_UARTEx_SetRxFifoThreshold
                0x08005868       0x84 ./Drivers/STM32U0xx_HAL_Driver/Src/stm32u0xx_hal_uart_ex.o
                0x08005868                HAL_UARTEx_SetRxFifoThreshold
 .text.UARTEx_SetNbDataToProcess
                0x080058ec       0xbc ./Drivers/STM32U0xx_HAL_Driver/Src/stm32u0xx_hal_uart_ex.o
 .text.ATAT45DB_nCS_start_transaction
                0x080059a8       0x1a ./app/AT45DB021E.o
                0x080059a8                ATAT45DB_nCS_start_transaction
 .text.ATAT45DB_nCS_finish_transaction
                0x080059c2       0x1a ./app/AT45DB021E.o
                0x080059c2                ATAT45DB_nCS_finish_transaction
 .text.ATAT45DB_read_sr
                0x080059dc       0x64 ./app/AT45DB021E.o
                0x080059dc                ATAT45DB_read_sr
 .text.AT45DB_is_sr_ready
                0x08005a40       0x44 ./app/AT45DB021E.o
                0x08005a40                AT45DB_is_sr_ready
 .text.lfs_AT45DB_read
                0x08005a84       0xac ./app/AT45DB021E.o
                0x08005a84                lfs_AT45DB_read
 .text.lsf_AT45DB_write
                0x08005b30       0xf8 ./app/AT45DB021E.o
                0x08005b30                lsf_AT45DB_write
 .text.lfs_AT45DB_erase
                0x08005c28       0x88 ./app/AT45DB021E.o
                0x08005c28                lfs_AT45DB_erase
 .text.lfs_AT45DB_sync
                0x08005cb0       0x26 ./app/AT45DB021E.o
                0x08005cb0                lfs_AT45DB_sync
 *fill*         0x08005cd6        0x2 
 .text.app_tag_check_registered
                0x08005cd8       0x54 ./app/app.o
                0x08005cd8                app_tag_check_registered
 .text.app_is_tag_manager
                0x08005d2c       0x24 ./app/app.o
                0x08005d2c                app_is_tag_manager
 .text.app_rfid_read_tag_manager
                0x08005d50       0x64 ./app/app.o
                0x08005d50                app_rfid_read_tag_manager
 .text.app_rfid_insert_new_tag
                0x08005db4       0x9c ./app/app.o
                0x08005db4                app_rfid_insert_new_tag
 .text.app_config_mode
                0x08005e50       0xc8 ./app/app.o
                0x08005e50                app_config_mode
 .text.app_door_open
                0x08005f18       0x1e ./app/app.o
                0x08005f18                app_door_open
 *fill*         0x08005f36        0x2 
 .text.app_door_access_denied
                0x08005f38       0x28 ./app/app.o
                0x08005f38                app_door_access_denied
 .text.app_rfid_checks_tag
                0x08005f60       0x64 ./app/app.o
                0x08005f60                app_rfid_checks_tag
 .text.app_init
                0x08005fc4       0x24 ./app/app.o
                0x08005fc4                app_init
 .text.app_loop
                0x08005fe8       0x64 ./app/app.o
                0x08005fe8                app_loop
 .text.hw_delay_ms
                0x0800604c       0x18 ./app/hw.o
                0x0800604c                hw_delay_ms
 .text.hw_tick_ms_get
                0x08006064       0x10 ./app/hw.o
                0x08006064                hw_tick_ms_get
 .text.hw_timer_start
                0x08006074       0x40 ./app/hw.o
                0x08006074                hw_timer_start
 .text.hw_timer_stop
                0x080060b4       0x18 ./app/hw.o
                0x080060b4                hw_timer_stop
 .text.hw_servo_init
                0x080060cc       0x18 ./app/hw.o
                0x080060cc                hw_servo_init
 .text.hw_servo_set_position
                0x080060e4       0x54 ./app/hw.o
                0x080060e4                hw_servo_set_position
 .text.hw_servo_unlock
                0x08006138       0x24 ./app/hw.o
                0x08006138                hw_servo_unlock
 .text.hw_led_write
                0x0800615c       0x4c ./app/hw.o
                0x0800615c                hw_led_write
 .text.HAL_GPIO_EXTI_Rising_Callback
                0x080061a8       0x38 ./app/hw.o
                0x080061a8                HAL_GPIO_EXTI_Rising_Callback
 .text.log_init
                0x080061e0       0xa4 ./app/log.o
                0x080061e0                log_init
 .text.log_append
                0x08006284       0x7c ./app/log.o
                0x08006284                log_append
 .text.SPI1SendByte
                0x08006300       0x38 ./app/rfid.o
                0x08006300                SPI1SendByte
 .text.SPI1_WriteReg
                0x08006338       0x4a ./app/rfid.o
                0x08006338                SPI1_WriteReg
 .text.SPI1_ReadReg
                0x08006382       0x4c ./app/rfid.o
                0x08006382                SPI1_ReadReg
 .text.MFRC522_WriteRegister
                0x080063ce       0x3a ./app/rfid.o
                0x080063ce                MFRC522_WriteRegister
 .text.MFRC522_ReadRegister
                0x08006408       0x46 ./app/rfid.o
                0x08006408                MFRC522_ReadRegister
 .text.MFRC522_Check
                0x0800644e       0x42 ./app/rfid.o
                0x0800644e                MFRC522_Check
 .text.MFRC522_CheckTag
                0x08006490       0x60 ./app/rfid.o
                0x08006490                MFRC522_CheckTag
 .text.MFRC522_SetBitMask
                0x080064f0       0x3c ./app/rfid.o
                0x080064f0                MFRC522_SetBitMask
 .text.MFRC522_ClearBitMask
                0x0800652c       0x44 ./app/rfid.o
                0x0800652c                MFRC522_ClearBitMask
 .text.MFRC522_Request
                0x08006570       0x60 ./app/rfid.o
                0x08006570                MFRC522_Request
 .text.MFRC522_ToCard
                0x080065d0      0x250 ./app/rfid.o
                0x080065d0                MFRC522_ToCard
 .text.MFRC522_Anticoll
                0x08006820       0xaa ./app/rfid.o
                0x08006820                MFRC522_Anticoll
 .text.MFRC522_CalculateCRC
                0x080068ca       0xb8 ./app/rfid.o
                0x080068ca                MFRC522_CalculateCRC
 .text.MFRC522_Init
                0x08006982       0x4a ./app/rfid.o
                0x08006982                MFRC522_Init
 .text.MFRC522_Reset
                0x080069cc       0x12 ./app/rfid.o
                0x080069cc                MFRC522_Reset
 .text.MFRC522_AntennaOn
                0x080069de       0x2c ./app/rfid.o
                0x080069de                MFRC522_AntennaOn
 .text.MFRC522_Halt
                0x08006a0a       0x3a ./app/rfid.o
                0x08006a0a                MFRC522_Halt
 .text.lfs_max  0x08006a44       0x1c ./app/littlefs/lfs.o
 .text.lfs_min  0x08006a60       0x1c ./app/littlefs/lfs.o
 .text.lfs_aligndown
                0x08006a7c       0x24 ./app/littlefs/lfs.o
 .text.lfs_alignup
                0x08006aa0       0x26 ./app/littlefs/lfs.o
 .text.lfs_npw2
                0x08006ac6       0x22 ./app/littlefs/lfs.o
 .text.lfs_ctz  0x08006ae8       0x18 ./app/littlefs/lfs.o
 .text.lfs_popc
                0x08006b00       0x18 ./app/littlefs/lfs.o
 .text.lfs_scmp
                0x08006b18       0x18 ./app/littlefs/lfs.o
 .text.lfs_fromle32
                0x08006b30       0x12 ./app/littlefs/lfs.o
 .text.lfs_tole32
                0x08006b42       0x1a ./app/littlefs/lfs.o
 .text.lfs_frombe32
                0x08006b5c       0x14 ./app/littlefs/lfs.o
 .text.lfs_tobe32
                0x08006b70       0x1a ./app/littlefs/lfs.o
 .text.lfs_malloc
                0x08006b8a       0x1a ./app/littlefs/lfs.o
 .text.lfs_free
                0x08006ba4       0x18 ./app/littlefs/lfs.o
 .text.lfs_cache_drop
                0x08006bbc       0x1a ./app/littlefs/lfs.o
 .text.lfs_cache_zero
                0x08006bd6       0x2c ./app/littlefs/lfs.o
 *fill*         0x08006c02        0x2 
 .text.lfs_bd_read
                0x08006c04      0x2b0 ./app/littlefs/lfs.o
 .text.lfs_bd_cmp
                0x08006eb4       0xaa ./app/littlefs/lfs.o
 .text.lfs_bd_crc
                0x08006f5e       0x92 ./app/littlefs/lfs.o
 .text.lfs_bd_flush
                0x08006ff0      0x10c ./app/littlefs/lfs.o
 .text.lfs_bd_sync
                0x080070fc       0x74 ./app/littlefs/lfs.o
 .text.lfs_bd_prog
                0x08007170      0x168 ./app/littlefs/lfs.o
 .text.lfs_bd_erase
                0x080072d8       0x64 ./app/littlefs/lfs.o
 .text.lfs_path_namelen
                0x0800733c       0x24 ./app/littlefs/lfs.o
 .text.lfs_path_islast
                0x08007360       0x44 ./app/littlefs/lfs.o
 .text.lfs_path_isdir
                0x080073a4       0x26 ./app/littlefs/lfs.o
 .text.lfs_pair_swap
                0x080073ca       0x26 ./app/littlefs/lfs.o
 .text.lfs_pair_isnull
                0x080073f0       0x30 ./app/littlefs/lfs.o
 .text.lfs_pair_cmp
                0x08007420       0x50 ./app/littlefs/lfs.o
 .text.lfs_pair_issync
                0x08007470       0x58 ./app/littlefs/lfs.o
 .text.lfs_pair_fromle32
                0x080074c8       0x34 ./app/littlefs/lfs.o
 .text.lfs_pair_tole32
                0x080074fc       0x34 ./app/littlefs/lfs.o
 .text.lfs_tag_isvalid
                0x08007530       0x18 ./app/littlefs/lfs.o
 .text.lfs_tag_isdelete
                0x08007548       0x1e ./app/littlefs/lfs.o
 .text.lfs_tag_type1
                0x08007566       0x1e ./app/littlefs/lfs.o
 .text.lfs_tag_type2
                0x08007584       0x1e ./app/littlefs/lfs.o
 .text.lfs_tag_type3
                0x080075a2       0x1c ./app/littlefs/lfs.o
 .text.lfs_tag_chunk
                0x080075be       0x16 ./app/littlefs/lfs.o
 .text.lfs_tag_splice
                0x080075d4       0x1c ./app/littlefs/lfs.o
 .text.lfs_tag_id
                0x080075f0       0x1c ./app/littlefs/lfs.o
 .text.lfs_tag_size
                0x0800760c       0x16 ./app/littlefs/lfs.o
 .text.lfs_tag_dsize
                0x08007622       0x2a ./app/littlefs/lfs.o
 .text.lfs_gstate_xor
                0x0800764c       0x3c ./app/littlefs/lfs.o
 .text.lfs_gstate_iszero
                0x08007688       0x36 ./app/littlefs/lfs.o
 .text.lfs_gstate_hasorphans
                0x080076be       0x22 ./app/littlefs/lfs.o
 .text.lfs_gstate_getorphans
                0x080076e0       0x1e ./app/littlefs/lfs.o
 .text.lfs_gstate_hasmove
                0x080076fe       0x22 ./app/littlefs/lfs.o
 .text.lfs_gstate_needssuperblock
                0x08007720       0x24 ./app/littlefs/lfs.o
 .text.lfs_gstate_hasmovehere
                0x08007744       0x40 ./app/littlefs/lfs.o
 .text.lfs_gstate_fromle32
                0x08007784       0x40 ./app/littlefs/lfs.o
 .text.lfs_gstate_tole32
                0x080077c4       0x40 ./app/littlefs/lfs.o
 .text.lfs_fcrc_fromle32
                0x08007804       0x30 ./app/littlefs/lfs.o
 .text.lfs_fcrc_tole32
                0x08007834       0x30 ./app/littlefs/lfs.o
 .text.lfs_ctz_fromle32
                0x08007864       0x30 ./app/littlefs/lfs.o
 .text.lfs_ctz_tole32
                0x08007894       0x30 ./app/littlefs/lfs.o
 .text.lfs_superblock_fromle32
                0x080078c4       0x70 ./app/littlefs/lfs.o
 .text.lfs_superblock_tole32
                0x08007934       0x70 ./app/littlefs/lfs.o
 .text.lfs_mlist_isopen
                0x080079a4       0x36 ./app/littlefs/lfs.o
 .text.lfs_mlist_remove
                0x080079da       0x40 ./app/littlefs/lfs.o
 .text.lfs_mlist_append
                0x08007a1a       0x20 ./app/littlefs/lfs.o
 *fill*         0x08007a3a        0x2 
 .text.lfs_fs_disk_version
                0x08007a3c       0x18 ./app/littlefs/lfs.o
 .text.lfs_fs_disk_version_major
                0x08007a54       0x1e ./app/littlefs/lfs.o
 .text.lfs_fs_disk_version_minor
                0x08007a72       0x1c ./app/littlefs/lfs.o
 .text.lfs_alloc_ckpoint
                0x08007a8e       0x18 ./app/littlefs/lfs.o
 .text.lfs_alloc_drop
                0x08007aa6       0x24 ./app/littlefs/lfs.o
 .text.lfs_alloc_lookahead
                0x08007aca       0x68 ./app/littlefs/lfs.o
 *fill*         0x08007b32        0x2 
 .text.lfs_alloc_scan
                0x08007b34       0x88 ./app/littlefs/lfs.o
 .text.lfs_alloc
                0x08007bbc      0x118 ./app/littlefs/lfs.o
 .text.lfs_dir_getslice
                0x08007cd4      0x20c ./app/littlefs/lfs.o
 .text.lfs_dir_get
                0x08007ee0       0x3a ./app/littlefs/lfs.o
 .text.lfs_dir_getread
                0x08007f1a      0x1cc ./app/littlefs/lfs.o
 *fill*         0x080080e6        0x2 
 .text.lfs_dir_traverse_filter
                0x080080e8       0xc0 ./app/littlefs/lfs.o
 .text.lfs_dir_traverse
                0x080081a8      0x978 ./app/littlefs/lfs.o
 .text.lfs_dir_fetchmatch
                0x08008b20      0x7fc ./app/littlefs/lfs.o
 .text.lfs_dir_fetch
                0x0800931c       0x38 ./app/littlefs/lfs.o
 .text.lfs_dir_getgstate
                0x08009354       0x64 ./app/littlefs/lfs.o
 .text.lfs_dir_find_match
                0x080093b8       0xa0 ./app/littlefs/lfs.o
 .text.lfs_dir_find
                0x08009458      0x230 ./app/littlefs/lfs.o
 .text.lfs_dir_commitprog
                0x08009688       0x6e ./app/littlefs/lfs.o
 .text.lfs_dir_commitattr
                0x080096f6      0x10c ./app/littlefs/lfs.o
 *fill*         0x08009802        0x2 
 .text.lfs_dir_commitcrc
                0x08009804      0x308 ./app/littlefs/lfs.o
 .text.lfs_dir_alloc
                0x08009b0c      0x100 ./app/littlefs/lfs.o
 .text.lfs_dir_split
                0x08009c0c       0xc2 ./app/littlefs/lfs.o
 .text.lfs_dir_commit_size
                0x08009cce       0x2e ./app/littlefs/lfs.o
 .text.lfs_dir_commit_commit
                0x08009cfc       0x2a ./app/littlefs/lfs.o
 .text.lfs_dir_needsrelocation
                0x08009d26       0x48 ./app/littlefs/lfs.o
 *fill*         0x08009d6e        0x2 
 .text.lfs_dir_compact
                0x08009d70      0x468 ./app/littlefs/lfs.o
 .text.lfs_dir_splittingcompact
                0x0800a1d8      0x26c ./app/littlefs/lfs.o
 .text.lfs_dir_relocatingcommit
                0x0800a444      0x5e0 ./app/littlefs/lfs.o
 .text.lfs_dir_orphaningcommit
                0x0800aa24      0x6bc ./app/littlefs/lfs.o
 .text.lfs_dir_commit
                0x0800b0e0       0x50 ./app/littlefs/lfs.o
 .text.lfs_ctz_index
                0x0800b130       0x76 ./app/littlefs/lfs.o
 .text.lfs_ctz_find
                0x0800b1a6       0xe4 ./app/littlefs/lfs.o
 *fill*         0x0800b28a        0x2 
 .text.lfs_ctz_extend
                0x0800b28c      0x234 ./app/littlefs/lfs.o
 .text.lfs_ctz_traverse
                0x0800b4c0      0x106 ./app/littlefs/lfs.o
 *fill*         0x0800b5c6        0x2 
 .text.lfs_file_opencfg_
                0x0800b5c8      0x3ec ./app/littlefs/lfs.o
 .text.lfs_file_open_
                0x0800b9b4       0x34 ./app/littlefs/lfs.o
 .text.lfs_file_close_
                0x0800b9e8       0x44 ./app/littlefs/lfs.o
 .text.lfs_file_relocate
                0x0800ba2c      0x1cc ./app/littlefs/lfs.o
 .text.lfs_file_outline
                0x0800bbf8       0x50 ./app/littlefs/lfs.o
 .text.lfs_file_flush
                0x0800bc48      0x1d8 ./app/littlefs/lfs.o
 .text.lfs_file_sync_
                0x0800be20      0x16c ./app/littlefs/lfs.o
 .text.lfs_file_flushedread
                0x0800bf8c      0x1b8 ./app/littlefs/lfs.o
 .text.lfs_file_flushedwrite
                0x0800c144      0x24a ./app/littlefs/lfs.o
 *fill*         0x0800c38e        0x2 
 .text.lfs_file_write_
                0x0800c390      0x118 ./app/littlefs/lfs.o
 .text.lfs_init
                0x0800c4a8      0x608 ./app/littlefs/lfs.o
 .text.lfs_deinit
                0x0800cab0       0x4e ./app/littlefs/lfs.o
 *fill*         0x0800cafe        0x2 
 .text.lfs_tortoise_detectcycles
                0x0800cb00       0x80 ./app/littlefs/lfs.o
 .text.lfs_mount_
                0x0800cb80      0x4a8 ./app/littlefs/lfs.o
 .text.lfs_unmount_
                0x0800d028       0x1a ./app/littlefs/lfs.o
 *fill*         0x0800d042        0x2 
 .text.lfs_fs_traverse_
                0x0800d044      0x294 ./app/littlefs/lfs.o
 .text.lfs_fs_pred
                0x0800d2d8       0xa8 ./app/littlefs/lfs.o
 .text.lfs_fs_parent_match
                0x0800d380       0x80 ./app/littlefs/lfs.o
 .text.lfs_fs_parent
                0x0800d400       0xd0 ./app/littlefs/lfs.o
 .text.lfs_fs_prepsuperblock
                0x0800d4d0       0x30 ./app/littlefs/lfs.o
 .text.lfs_fs_preporphans
                0x0800d500       0xac ./app/littlefs/lfs.o
 .text.lfs_fs_prepmove
                0x0800d5ac       0x80 ./app/littlefs/lfs.o
 .text.lfs_fs_desuperblock
                0x0800d62c       0xf8 ./app/littlefs/lfs.o
 .text.lfs_fs_demove
                0x0800d724      0x110 ./app/littlefs/lfs.o
 .text.lfs_fs_deorphan
                0x0800d834      0x3dc ./app/littlefs/lfs.o
 .text.lfs_fs_forceconsistency
                0x0800dc10       0x56 ./app/littlefs/lfs.o
 .text.lfs_fs_size_count
                0x0800dc66       0x22 ./app/littlefs/lfs.o
 .text.lfs_fs_size_
                0x0800dc88       0x38 ./app/littlefs/lfs.o
 .text.lfs_mount
                0x0800dcc0       0x32 ./app/littlefs/lfs.o
                0x0800dcc0                lfs_mount
 *fill*         0x0800dcf2        0x2 
 .text.lfs_file_open
                0x0800dcf4       0x70 ./app/littlefs/lfs.o
                0x0800dcf4                lfs_file_open
 .text.lfs_file_close
                0x0800dd64       0x60 ./app/littlefs/lfs.o
                0x0800dd64                lfs_file_close
 .text.lfs_file_write
                0x0800ddc4       0x64 ./app/littlefs/lfs.o
                0x0800ddc4                lfs_file_write
 .text.lfs_crc  0x0800de28       0x78 ./app/littlefs/lfs_util.o
                0x0800de28                lfs_crc
 .text.__assert_func
                0x0800dea0       0x3c /opt/st/stm32cubeide_1.18.0/plugins/com.st.stm32cube.ide.mcu.externaltools.gnu-tools-for-stm32.13.3.rel1.linux64_1.0.0.202410170706/tools/bin/../lib/gcc/arm-none-eabi/13.3.1/../../../../arm-none-eabi/lib/thumb/v6-m/nofp/libc_nano.a(libc_a-assert.o)
                0x0800dea0                __assert_func
 .text.malloc   0x0800dedc       0x14 /opt/st/stm32cubeide_1.18.0/plugins/com.st.stm32cube.ide.mcu.externaltools.gnu-tools-for-stm32.13.3.rel1.linux64_1.0.0.202410170706/tools/bin/../lib/gcc/arm-none-eabi/13.3.1/../../../../arm-none-eabi/lib/thumb/v6-m/nofp/libc_nano.a(libc_a-malloc.o)
                0x0800dedc                malloc
 .text.free     0x0800def0       0x14 /opt/st/stm32cubeide_1.18.0/plugins/com.st.stm32cube.ide.mcu.externaltools.gnu-tools-for-stm32.13.3.rel1.linux64_1.0.0.202410170706/tools/bin/../lib/gcc/arm-none-eabi/13.3.1/../../../../arm-none-eabi/lib/thumb/v6-m/nofp/libc_nano.a(libc_a-malloc.o)
                0x0800def0                free
 .text.sbrk_aligned
                0x0800df04       0x44 /opt/st/stm32cubeide_1.18.0/plugins/com.st.stm32cube.ide.mcu.externaltools.gnu-tools-for-stm32.13.3.rel1.linux64_1.0.0.202410170706/tools/bin/../lib/gcc/arm-none-eabi/13.3.1/../../../../arm-none-eabi/lib/thumb/v6-m/nofp/libc_nano.a(libc_a-mallocr.o)
 .text._malloc_r
                0x0800df48      0x100 /opt/st/stm32cubeide_1.18.0/plugins/com.st.stm32cube.ide.mcu.externaltools.gnu-tools-for-stm32.13.3.rel1.linux64_1.0.0.202410170706/tools/bin/../lib/gcc/arm-none-eabi/13.3.1/../../../../arm-none-eabi/lib/thumb/v6-m/nofp/libc_nano.a(libc_a-mallocr.o)
                0x0800df48                _malloc_r
 .text.__malloc_lock
                0x0800e048       0x10 /opt/st/stm32cubeide_1.18.0/plugins/com.st.stm32cube.ide.mcu.externaltools.gnu-tools-for-stm32.13.3.rel1.linux64_1.0.0.202410170706/tools/bin/../lib/gcc/arm-none-eabi/13.3.1/../../../../arm-none-eabi/lib/thumb/v6-m/nofp/libc_nano.a(libc_a-mlock.o)
                0x0800e048                __malloc_lock
 .text.__malloc_unlock
                0x0800e058       0x10 /opt/st/stm32cubeide_1.18.0/plugins/com.st.stm32cube.ide.mcu.externaltools.gnu-tools-for-stm32.13.3.rel1.linux64_1.0.0.202410170706/tools/bin/../lib/gcc/arm-none-eabi/13.3.1/../../../../arm-none-eabi/lib/thumb/v6-m/nofp/libc_nano.a(libc_a-mlock.o)
                0x0800e058                __malloc_unlock
 .text.std      0x0800e068       0x6c /opt/st/stm32cubeide_1.18.0/plugins/com.st.stm32cube.ide.mcu.externaltools.gnu-tools-for-stm32.13.3.rel1.linux64_1.0.0.202410170706/tools/bin/../lib/gcc/arm-none-eabi/13.3.1/../../../../arm-none-eabi/lib/thumb/v6-m/nofp/libc_nano.a(libc_a-findfp.o)
 .text.stdio_exit_handler
                0x0800e0d4       0x1c /opt/st/stm32cubeide_1.18.0/plugins/com.st.stm32cube.ide.mcu.externaltools.gnu-tools-for-stm32.13.3.rel1.linux64_1.0.0.202410170706/tools/bin/../lib/gcc/arm-none-eabi/13.3.1/../../../../arm-none-eabi/lib/thumb/v6-m/nofp/libc_nano.a(libc_a-findfp.o)
 .text.cleanup_stdio
                0x0800e0f0       0x3c /opt/st/stm32cubeide_1.18.0/plugins/com.st.stm32cube.ide.mcu.externaltools.gnu-tools-for-stm32.13.3.rel1.linux64_1.0.0.202410170706/tools/bin/../lib/gcc/arm-none-eabi/13.3.1/../../../../arm-none-eabi/lib/thumb/v6-m/nofp/libc_nano.a(libc_a-findfp.o)
 .text.global_stdio_init.part.0
                0x0800e12c       0x3c /opt/st/stm32cubeide_1.18.0/plugins/com.st.stm32cube.ide.mcu.externaltools.gnu-tools-for-stm32.13.3.rel1.linux64_1.0.0.202410170706/tools/bin/../lib/gcc/arm-none-eabi/13.3.1/../../../../arm-none-eabi/lib/thumb/v6-m/nofp/libc_nano.a(libc_a-findfp.o)
 .text.__sfp_lock_acquire
                0x0800e168       0x10 /opt/st/stm32cubeide_1.18.0/plugins/com.st.stm32cube.ide.mcu.externaltools.gnu-tools-for-stm32.13.3.rel1.linux64_1.0.0.202410170706/tools/bin/../lib/gcc/arm-none-eabi/13.3.1/../../../../arm-none-eabi/lib/thumb/v6-m/nofp/libc_nano.a(libc_a-findfp.o)
                0x0800e168                __sfp_lock_acquire
 .text.__sfp_lock_release
                0x0800e178       0x10 /opt/st/stm32cubeide_1.18.0/plugins/com.st.stm32cube.ide.mcu.externaltools.gnu-tools-for-stm32.13.3.rel1.linux64_1.0.0.202410170706/tools/bin/../lib/gcc/arm-none-eabi/13.3.1/../../../../arm-none-eabi/lib/thumb/v6-m/nofp/libc_nano.a(libc_a-findfp.o)
                0x0800e178                __sfp_lock_release
 .text.__sinit  0x0800e188       0x30 /opt/st/stm32cubeide_1.18.0/plugins/com.st.stm32cube.ide.mcu.externaltools.gnu-tools-for-stm32.13.3.rel1.linux64_1.0.0.202410170706/tools/bin/../lib/gcc/arm-none-eabi/13.3.1/../../../../arm-none-eabi/lib/thumb/v6-m/nofp/libc_nano.a(libc_a-findfp.o)
                0x0800e188                __sinit
 .text.fprintf  0x0800e1b8       0x20 /opt/st/stm32cubeide_1.18.0/plugins/com.st.stm32cube.ide.mcu.externaltools.gnu-tools-for-stm32.13.3.rel1.linux64_1.0.0.202410170706/tools/bin/../lib/gcc/arm-none-eabi/13.3.1/../../../../arm-none-eabi/lib/thumb/v6-m/nofp/libc_nano.a(libc_a-fprintf.o)
                0x0800e1b8                fprintf
                0x0800e1b8                fiprintf
 .text._fwalk_sglue
                0x0800e1d8       0x38 /opt/st/stm32cubeide_1.18.0/plugins/com.st.stm32cube.ide.mcu.externaltools.gnu-tools-for-stm32.13.3.rel1.linux64_1.0.0.202410170706/tools/bin/../lib/gcc/arm-none-eabi/13.3.1/../../../../arm-none-eabi/lib/thumb/v6-m/nofp/libc_nano.a(libc_a-fwalk.o)
                0x0800e1d8                _fwalk_sglue
 .text.printf   0x0800e210       0x20 /opt/st/stm32cubeide_1.18.0/plugins/com.st.stm32cube.ide.mcu.externaltools.gnu-tools-for-stm32.13.3.rel1.linux64_1.0.0.202410170706/tools/bin/../lib/gcc/arm-none-eabi/13.3.1/../../../../arm-none-eabi/lib/thumb/v6-m/nofp/libc_nano.a(libc_a-printf.o)
                0x0800e210                printf
                0x0800e210                iprintf
 .text.__sread  0x0800e230       0x28 /opt/st/stm32cubeide_1.18.0/plugins/com.st.stm32cube.ide.mcu.externaltools.gnu-tools-for-stm32.13.3.rel1.linux64_1.0.0.202410170706/tools/bin/../lib/gcc/arm-none-eabi/13.3.1/../../../../arm-none-eabi/lib/thumb/v6-m/nofp/libc_nano.a(libc_a-stdio.o)
                0x0800e230                __sread
 .text.__swrite
                0x0800e258       0x38 /opt/st/stm32cubeide_1.18.0/plugins/com.st.stm32cube.ide.mcu.externaltools.gnu-tools-for-stm32.13.3.rel1.linux64_1.0.0.202410170706/tools/bin/../lib/gcc/arm-none-eabi/13.3.1/../../../../arm-none-eabi/lib/thumb/v6-m/nofp/libc_nano.a(libc_a-stdio.o)
                0x0800e258                __swrite
 .text.__sseek  0x0800e290       0x2c /opt/st/stm32cubeide_1.18.0/plugins/com.st.stm32cube.ide.mcu.externaltools.gnu-tools-for-stm32.13.3.rel1.linux64_1.0.0.202410170706/tools/bin/../lib/gcc/arm-none-eabi/13.3.1/../../../../arm-none-eabi/lib/thumb/v6-m/nofp/libc_nano.a(libc_a-stdio.o)
                0x0800e290                __sseek
 .text.__sclose
                0x0800e2bc        0xc /opt/st/stm32cubeide_1.18.0/plugins/com.st.stm32cube.ide.mcu.externaltools.gnu-tools-for-stm32.13.3.rel1.linux64_1.0.0.202410170706/tools/bin/../lib/gcc/arm-none-eabi/13.3.1/../../../../arm-none-eabi/lib/thumb/v6-m/nofp/libc_nano.a(libc_a-stdio.o)
                0x0800e2bc                __sclose
 .text.memcmp   0x0800e2c8       0x1c /opt/st/stm32cubeide_1.18.0/plugins/com.st.stm32cube.ide.mcu.externaltools.gnu-tools-for-stm32.13.3.rel1.linux64_1.0.0.202410170706/tools/bin/../lib/gcc/arm-none-eabi/13.3.1/../../../../arm-none-eabi/lib/thumb/v6-m/nofp/libc_nano.a(libc_a-memcmp.o)
                0x0800e2c8                memcmp
 .text.memset   0x0800e2e4       0x10 /opt/st/stm32cubeide_1.18.0/plugins/com.st.stm32cube.ide.mcu.externaltools.gnu-tools-for-stm32.13.3.rel1.linux64_1.0.0.202410170706/tools/bin/../lib/gcc/arm-none-eabi/13.3.1/../../../../arm-none-eabi/lib/thumb/v6-m/nofp/libc_nano.a(libc_a-memset.o)
                0x0800e2e4                memset
 .text.strcspn  0x0800e2f4       0x22 /opt/st/stm32cubeide_1.18.0/plugins/com.st.stm32cube.ide.mcu.externaltools.gnu-tools-for-stm32.13.3.rel1.linux64_1.0.0.202410170706/tools/bin/../lib/gcc/arm-none-eabi/13.3.1/../../../../arm-none-eabi/lib/thumb/v6-m/nofp/libc_nano.a(libc_a-strcspn.o)
                0x0800e2f4                strcspn
 .text.strspn   0x0800e316       0x22 /opt/st/stm32cubeide_1.18.0/plugins/com.st.stm32cube.ide.mcu.externaltools.gnu-tools-for-stm32.13.3.rel1.linux64_1.0.0.202410170706/tools/bin/../lib/gcc/arm-none-eabi/13.3.1/../../../../arm-none-eabi/lib/thumb/v6-m/nofp/libc_nano.a(libc_a-strspn.o)
                0x0800e316                strspn
 .text._close_r
                0x0800e338       0x24 /opt/st/stm32cubeide_1.18.0/plugins/com.st.stm32cube.ide.mcu.externaltools.gnu-tools-for-stm32.13.3.rel1.linux64_1.0.0.202410170706/tools/bin/../lib/gcc/arm-none-eabi/13.3.1/../../../../arm-none-eabi/lib/thumb/v6-m/nofp/libc_nano.a(libc_a-closer.o)
                0x0800e338                _close_r
 .text._lseek_r
                0x0800e35c       0x28 /opt/st/stm32cubeide_1.18.0/plugins/com.st.stm32cube.ide.mcu.externaltools.gnu-tools-for-stm32.13.3.rel1.linux64_1.0.0.202410170706/tools/bin/../lib/gcc/arm-none-eabi/13.3.1/../../../../arm-none-eabi/lib/thumb/v6-m/nofp/libc_nano.a(libc_a-lseekr.o)
                0x0800e35c                _lseek_r
 .text._read_r  0x0800e384       0x28 /opt/st/stm32cubeide_1.18.0/plugins/com.st.stm32cube.ide.mcu.externaltools.gnu-tools-for-stm32.13.3.rel1.linux64_1.0.0.202410170706/tools/bin/../lib/gcc/arm-none-eabi/13.3.1/../../../../arm-none-eabi/lib/thumb/v6-m/nofp/libc_nano.a(libc_a-readr.o)
                0x0800e384                _read_r
 .text._sbrk_r  0x0800e3ac       0x24 /opt/st/stm32cubeide_1.18.0/plugins/com.st.stm32cube.ide.mcu.externaltools.gnu-tools-for-stm32.13.3.rel1.linux64_1.0.0.202410170706/tools/bin/../lib/gcc/arm-none-eabi/13.3.1/../../../../arm-none-eabi/lib/thumb/v6-m/nofp/libc_nano.a(libc_a-sbrkr.o)
                0x0800e3ac                _sbrk_r
 .text._write_r
                0x0800e3d0       0x28 /opt/st/stm32cubeide_1.18.0/plugins/com.st.stm32cube.ide.mcu.externaltools.gnu-tools-for-stm32.13.3.rel1.linux64_1.0.0.202410170706/tools/bin/../lib/gcc/arm-none-eabi/13.3.1/../../../../arm-none-eabi/lib/thumb/v6-m/nofp/libc_nano.a(libc_a-writer.o)
                0x0800e3d0                _write_r
 .text.__errno  0x0800e3f8        0xc /opt/st/stm32cubeide_1.18.0/plugins/com.st.stm32cube.ide.mcu.externaltools.gnu-tools-for-stm32.13.3.rel1.linux64_1.0.0.202410170706/tools/bin/../lib/gcc/arm-none-eabi/13.3.1/../../../../arm-none-eabi/lib/thumb/v6-m/nofp/libc_nano.a(libc_a-errno.o)
                0x0800e3f8                __errno
 .text.__libc_init_array
                0x0800e404       0x48 /opt/st/stm32cubeide_1.18.0/plugins/com.st.stm32cube.ide.mcu.externaltools.gnu-tools-for-stm32.13.3.rel1.linux64_1.0.0.202410170706/tools/bin/../lib/gcc/arm-none-eabi/13.3.1/../../../../arm-none-eabi/lib/thumb/v6-m/nofp/libc_nano.a(libc_a-init.o)
                0x0800e404                __libc_init_array
 .text.__retarget_lock_init_recursive
                0x0800e44c        0x2 /opt/st/stm32cubeide_1.18.0/plugins/com.st.stm32cube.ide.mcu.externaltools.gnu-tools-for-stm32.13.3.rel1.linux64_1.0.0.202410170706/tools/bin/../lib/gcc/arm-none-eabi/13.3.1/../../../../arm-none-eabi/lib/thumb/v6-m/nofp/libc_nano.a(libc_a-lock.o)
                0x0800e44c                __retarget_lock_init_recursive
 .text.__retarget_lock_acquire_recursive
                0x0800e44e        0x2 /opt/st/stm32cubeide_1.18.0/plugins/com.st.stm32cube.ide.mcu.externaltools.gnu-tools-for-stm32.13.3.rel1.linux64_1.0.0.202410170706/tools/bin/../lib/gcc/arm-none-eabi/13.3.1/../../../../arm-none-eabi/lib/thumb/v6-m/nofp/libc_nano.a(libc_a-lock.o)
                0x0800e44e                __retarget_lock_acquire_recursive
 .text.__retarget_lock_release_recursive
                0x0800e450        0x2 /opt/st/stm32cubeide_1.18.0/plugins/com.st.stm32cube.ide.mcu.externaltools.gnu-tools-for-stm32.13.3.rel1.linux64_1.0.0.202410170706/tools/bin/../lib/gcc/arm-none-eabi/13.3.1/../../../../arm-none-eabi/lib/thumb/v6-m/nofp/libc_nano.a(libc_a-lock.o)
                0x0800e450                __retarget_lock_release_recursive
 .text.memcpy   0x0800e452       0x12 /opt/st/stm32cubeide_1.18.0/plugins/com.st.stm32cube.ide.mcu.externaltools.gnu-tools-for-stm32.13.3.rel1.linux64_1.0.0.202410170706/tools/bin/../lib/gcc/arm-none-eabi/13.3.1/../../../../arm-none-eabi/lib/thumb/v6-m/nofp/libc_nano.a(libc_a-memcpy-stub.o)
                0x0800e452                memcpy
 .text.abort    0x0800e464        0xe /opt/st/stm32cubeide_1.18.0/plugins/com.st.stm32cube.ide.mcu.externaltools.gnu-tools-for-stm32.13.3.rel1.linux64_1.0.0.202410170706/tools/bin/../lib/gcc/arm-none-eabi/13.3.1/../../../../arm-none-eabi/lib/thumb/v6-m/nofp/libc_nano.a(libc_a-abort.o)
                0x0800e464                abort
 *fill*         0x0800e472        0x2 
 .text._free_r  0x0800e474       0x94 /opt/st/stm32cubeide_1.18.0/plugins/com.st.stm32cube.ide.mcu.externaltools.gnu-tools-for-stm32.13.3.rel1.linux64_1.0.0.202410170706/tools/bin/../lib/gcc/arm-none-eabi/13.3.1/../../../../arm-none-eabi/lib/thumb/v6-m/nofp/libc_nano.a(libc_a-freer.o)
                0x0800e474                _free_r
 .text.__sfputc_r
                0x0800e508       0x2a /opt/st/stm32cubeide_1.18.0/plugins/com.st.stm32cube.ide.mcu.externaltools.gnu-tools-for-stm32.13.3.rel1.linux64_1.0.0.202410170706/tools/bin/../lib/gcc/arm-none-eabi/13.3.1/../../../../arm-none-eabi/lib/thumb/v6-m/nofp/libc_nano.a(libc_a-nano-vfprintf.o)
 .text.__sfputs_r
                0x0800e532       0x24 /opt/st/stm32cubeide_1.18.0/plugins/com.st.stm32cube.ide.mcu.externaltools.gnu-tools-for-stm32.13.3.rel1.linux64_1.0.0.202410170706/tools/bin/../lib/gcc/arm-none-eabi/13.3.1/../../../../arm-none-eabi/lib/thumb/v6-m/nofp/libc_nano.a(libc_a-nano-vfprintf.o)
                0x0800e532                __sfputs_r
 *fill*         0x0800e556        0x2 
 .text._vfprintf_r
                0x0800e558      0x238 /opt/st/stm32cubeide_1.18.0/plugins/com.st.stm32cube.ide.mcu.externaltools.gnu-tools-for-stm32.13.3.rel1.linux64_1.0.0.202410170706/tools/bin/../lib/gcc/arm-none-eabi/13.3.1/../../../../arm-none-eabi/lib/thumb/v6-m/nofp/libc_nano.a(libc_a-nano-vfprintf.o)
                0x0800e558                _vfiprintf_r
                0x0800e558                _vfprintf_r
 .text._printf_common
                0x0800e790       0xde /opt/st/stm32cubeide_1.18.0/plugins/com.st.stm32cube.ide.mcu.externaltools.gnu-tools-for-stm32.13.3.rel1.linux64_1.0.0.202410170706/tools/bin/../lib/gcc/arm-none-eabi/13.3.1/../../../../arm-none-eabi/lib/thumb/v6-m/nofp/libc_nano.a(libc_a-nano-vfprintf_i.o)
                0x0800e790                _printf_common
 *fill*         0x0800e86e        0x2 
 .text._printf_i
                0x0800e870      0x218 /opt/st/stm32cubeide_1.18.0/plugins/com.st.stm32cube.ide.mcu.externaltools.gnu-tools-for-stm32.13.3.rel1.linux64_1.0.0.202410170706/tools/bin/../lib/gcc/arm-none-eabi/13.3.1/../../../../arm-none-eabi/lib/thumb/v6-m/nofp/libc_nano.a(libc_a-nano-vfprintf_i.o)
                0x0800e870                _printf_i
 .text.__sflush_r
                0x0800ea88      0x10c /opt/st/stm32cubeide_1.18.0/plugins/com.st.stm32cube.ide.mcu.externaltools.gnu-tools-for-stm32.13.3.rel1.linux64_1.0.0.202410170706/tools/bin/../lib/gcc/arm-none-eabi/13.3.1/../../../../arm-none-eabi/lib/thumb/v6-m/nofp/libc_nano.a(libc_a-fflush.o)
                0x0800ea88                __sflush_r
 .text._fflush_r
                0x0800eb94       0x56 /opt/st/stm32cubeide_1.18.0/plugins/com.st.stm32cube.ide.mcu.externaltools.gnu-tools-for-stm32.13.3.rel1.linux64_1.0.0.202410170706/tools/bin/../lib/gcc/arm-none-eabi/13.3.1/../../../../arm-none-eabi/lib/thumb/v6-m/nofp/libc_nano.a(libc_a-fflush.o)
                0x0800eb94                _fflush_r
 .text.__swbuf_r
                0x0800ebea       0x84 /opt/st/stm32cubeide_1.18.0/plugins/com.st.stm32cube.ide.mcu.externaltools.gnu-tools-for-stm32.13.3.rel1.linux64_1.0.0.202410170706/tools/bin/../lib/gcc/arm-none-eabi/13.3.1/../../../../arm-none-eabi/lib/thumb/v6-m/nofp/libc_nano.a(libc_a-wbuf.o)
                0x0800ebea                __swbuf_r
 *fill*         0x0800ec6e        0x2 
 .text.__swsetup_r
                0x0800ec70       0xbc /opt/st/stm32cubeide_1.18.0/plugins/com.st.stm32cube.ide.mcu.externaltools.gnu-tools-for-stm32.13.3.rel1.linux64_1.0.0.202410170706/tools/bin/../lib/gcc/arm-none-eabi/13.3.1/../../../../arm-none-eabi/lib/thumb/v6-m/nofp/libc_nano.a(libc_a-wsetup.o)
                0x0800ec70                __swsetup_r
 .text._raise_r
                0x0800ed2c       0x52 /opt/st/stm32cubeide_1.18.0/plugins/com.st.stm32cube.ide.mcu.externaltools.gnu-tools-for-stm32.13.3.rel1.linux64_1.0.0.202410170706/tools/bin/../lib/gcc/arm-none-eabi/13.3.1/../../../../arm-none-eabi/lib/thumb/v6-m/nofp/libc_nano.a(libc_a-signal.o)
                0x0800ed2c                _raise_r
 *fill*         0x0800ed7e        0x2 
 .text.raise    0x0800ed80       0x14 /opt/st/stm32cubeide_1.18.0/plugins/com.st.stm32cube.ide.mcu.externaltools.gnu-tools-for-stm32.13.3.rel1.linux64_1.0.0.202410170706/tools/bin/../lib/gcc/arm-none-eabi/13.3.1/../../../../arm-none-eabi/lib/thumb/v6-m/nofp/libc_nano.a(libc_a-signal.o)
                0x0800ed80                raise
 .text._kill_r  0x0800ed94       0x24 /opt/st/stm32cubeide_1.18.0/plugins/com.st.stm32cube.ide.mcu.externaltools.gnu-tools-for-stm32.13.3.rel1.linux64_1.0.0.202410170706/tools/bin/../lib/gcc/arm-none-eabi/13.3.1/../../../../arm-none-eabi/lib/thumb/v6-m/nofp/libc_nano.a(libc_a-signalr.o)
                0x0800ed94                _kill_r
 .text._getpid_r
                0x0800edb8        0x8 /opt/st/stm32cubeide_1.18.0/plugins/com.st.stm32cube.ide.mcu.externaltools.gnu-tools-for-stm32.13.3.rel1.linux64_1.0.0.202410170706/tools/bin/../lib/gcc/arm-none-eabi/13.3.1/../../../../arm-none-eabi/lib/thumb/v6-m/nofp/libc_nano.a(libc_a-signalr.o)
                0x0800edb8                _getpid_r
 .text.memchr   0x0800edc0       0x16 /opt/st/stm32cubeide_1.18.0/plugins/com.st.stm32cube.ide.mcu.externaltools.gnu-tools-for-stm32.13.3.rel1.linux64_1.0.0.202410170706/tools/bin/../lib/gcc/arm-none-eabi/13.3.1/../../../../arm-none-eabi/lib/thumb/v6-m/nofp/libc_nano.a(libc_a-memchr-stub.o)
                0x0800edc0                memchr
 *fill*         0x0800edd6        0x2 
 .text.__swhatbuf_r
                0x0800edd8       0x54 /opt/st/stm32cubeide_1.18.0/plugins/com.st.stm32cube.ide.mcu.externaltools.gnu-tools-for-stm32.13.3.rel1.linux64_1.0.0.202410170706/tools/bin/../lib/gcc/arm-none-eabi/13.3.1/../../../../arm-none-eabi/lib/thumb/v6-m/nofp/libc_nano.a(libc_a-makebuf.o)
                0x0800edd8                __swhatbuf_r
 .text.__smakebuf_r
                0x0800ee2c       0x82 /opt/st/stm32cubeide_1.18.0/plugins/com.st.stm32cube.ide.mcu.externaltools.gnu-tools-for-stm32.13.3.rel1.linux64_1.0.0.202410170706/tools/bin/../lib/gcc/arm-none-eabi/13.3.1/../../../../arm-none-eabi/lib/thumb/v6-m/nofp/libc_nano.a(libc_a-makebuf.o)
                0x0800ee2c                __smakebuf_r
 *fill*         0x0800eeae        0x2 
 .text._fstat_r
                0x0800eeb0       0x24 /opt/st/stm32cubeide_1.18.0/plugins/com.st.stm32cube.ide.mcu.externaltools.gnu-tools-for-stm32.13.3.rel1.linux64_1.0.0.202410170706/tools/bin/../lib/gcc/arm-none-eabi/13.3.1/../../../../arm-none-eabi/lib/thumb/v6-m/nofp/libc_nano.a(libc_a-fstatr.o)
                0x0800eeb0                _fstat_r
 .text._isatty_r
                0x0800eed4       0x24 /opt/st/stm32cubeide_1.18.0/plugins/com.st.stm32cube.ide.mcu.externaltools.gnu-tools-for-stm32.13.3.rel1.linux64_1.0.0.202410170706/tools/bin/../lib/gcc/arm-none-eabi/13.3.1/../../../../arm-none-eabi/lib/thumb/v6-m/nofp/libc_nano.a(libc_a-isattyr.o)
                0x0800eed4                _isatty_r
 *(.glue_7)
 .glue_7        0x0800eef8        0x0 linker stubs
 *(.glue_7t)
 .glue_7t       0x0800eef8        0x0 linker stubs
 *(.eh_frame)
 .eh_frame      0x0800eef8        0x0 /opt/st/stm32cubeide_1.18.0/plugins/com.st.stm32cube.ide.mcu.externaltools.gnu-tools-for-stm32.13.3.rel1.linux64_1.0.0.202410170706/tools/bin/../lib/gcc/arm-none-eabi/13.3.1/thumb/v6-m/nofp/crtbegin.o
 *(.init)
 .init          0x0800eef8        0x4 /opt/st/stm32cubeide_1.18.0/plugins/com.st.stm32cube.ide.mcu.externaltools.gnu-tools-for-stm32.13.3.rel1.linux64_1.0.0.202410170706/tools/bin/../lib/gcc/arm-none-eabi/13.3.1/thumb/v6-m/nofp/crti.o
                0x0800eef8                _init
 .init          0x0800eefc        0x8 /opt/st/stm32cubeide_1.18.0/plugins/com.st.stm32cube.ide.mcu.externaltools.gnu-tools-for-stm32.13.3.rel1.linux64_1.0.0.202410170706/tools/bin/../lib/gcc/arm-none-eabi/13.3.1/thumb/v6-m/nofp/crtn.o
 *(.fini)
 .fini          0x0800ef04        0x4 /opt/st/stm32cubeide_1.18.0/plugins/com.st.stm32cube.ide.mcu.externaltools.gnu-tools-for-stm32.13.3.rel1.linux64_1.0.0.202410170706/tools/bin/../lib/gcc/arm-none-eabi/13.3.1/thumb/v6-m/nofp/crti.o
                0x0800ef04                _fini
 .fini          0x0800ef08        0x8 /opt/st/stm32cubeide_1.18.0/plugins/com.st.stm32cube.ide.mcu.externaltools.gnu-tools-for-stm32.13.3.rel1.linux64_1.0.0.202410170706/tools/bin/../lib/gcc/arm-none-eabi/13.3.1/thumb/v6-m/nofp/crtn.o
                0x0800ef10                        . = ALIGN (0x4)
                0x0800ef10                        _etext = .

.vfp11_veneer   0x0800ef10        0x0
 .vfp11_veneer  0x0800ef10        0x0 linker stubs

.v4_bx          0x0800ef10        0x0
 .v4_bx         0x0800ef10        0x0 linker stubs

.iplt           0x0800ef10        0x0
 .iplt          0x0800ef10        0x0 /opt/st/stm32cubeide_1.18.0/plugins/com.st.stm32cube.ide.mcu.externaltools.gnu-tools-for-stm32.13.3.rel1.linux64_1.0.0.202410170706/tools/bin/../lib/gcc/arm-none-eabi/13.3.1/thumb/v6-m/nofp/crtbegin.o

.rodata         0x0800ef10     0x1160
                0x0800ef10                        . = ALIGN (0x4)
 *(.rodata)
 .rodata        0x0800ef10        0x1 ./app/AT45DB021E.o
 *fill*         0x0800ef11        0x3 
 .rodata        0x0800ef14      0xdda ./app/littlefs/lfs.o
 *(.rodata*)
 *fill*         0x0800fcee        0x2 
 .rodata.AHBPrescTable
                0x0800fcf0       0x10 ./Core/Src/system_stm32u0xx.o
                0x0800fcf0                AHBPrescTable
 .rodata.APBPrescTable
                0x0800fd00        0x8 ./Core/Src/system_stm32u0xx.o
                0x0800fd00                APBPrescTable
 .rodata.MSIRangeTable
                0x0800fd08       0x30 ./Core/Src/system_stm32u0xx.o
                0x0800fd08                MSIRangeTable
 .rodata.HAL_RCCEx_GetPeriphCLKFreq
                0x0800fd38       0x84 ./Drivers/STM32U0xx_HAL_Driver/Src/stm32u0xx_hal_rcc_ex.o
 .rodata.HAL_TIM_PWM_ConfigChannel
                0x0800fdbc       0x54 ./Drivers/STM32U0xx_HAL_Driver/Src/stm32u0xx_hal_tim.o
 .rodata.UARTPrescTable
                0x0800fe10       0x18 ./Drivers/STM32U0xx_HAL_Driver/Src/stm32u0xx_hal_uart.o
                0x0800fe10                UARTPrescTable
 .rodata.numerator.1
                0x0800fe28        0x8 ./Drivers/STM32U0xx_HAL_Driver/Src/stm32u0xx_hal_uart_ex.o
 .rodata.denominator.0
                0x0800fe30        0x8 ./Drivers/STM32U0xx_HAL_Driver/Src/stm32u0xx_hal_uart_ex.o
 .rodata.lfs_AT45DB_cfg
                0x0800fe38       0x54 ./app/log.o
 .rodata.LOG_FILE_PATH
                0x0800fe8c        0xd ./app/log.o
 *fill*         0x0800fe99        0x3 
 .rodata.LOG_HEADER
                0x0800fe9c        0xb ./app/log.o
 *fill*         0x0800fea7        0x1 
 .rodata.__func__.28
                0x0800fea8        0xc ./app/littlefs/lfs.o
 .rodata.__func__.27
                0x0800feb4        0xd ./app/littlefs/lfs.o
 *fill*         0x0800fec1        0x3 
 .rodata.__func__.26
                0x0800fec4        0xc ./app/littlefs/lfs.o
 .rodata.__func__.25
                0x0800fed0        0xc ./app/littlefs/lfs.o
 .rodata.__func__.24
                0x0800fedc        0xd ./app/littlefs/lfs.o
 *fill*         0x0800fee9        0x3 
 .rodata.__func__.23
                0x0800feec       0x11 ./app/littlefs/lfs.o
 *fill*         0x0800fefd        0x3 
 .rodata.__func__.22
                0x0800ff00       0x10 ./app/littlefs/lfs.o
 .rodata.__func__.21
                0x0800ff10       0x19 ./app/littlefs/lfs.o
 *fill*         0x0800ff29        0x3 
 .rodata.__func__.20
                0x0800ff2c       0x18 ./app/littlefs/lfs.o
 .rodata.defaults.19
                0x0800ff44        0xc ./app/littlefs/lfs.o
 .rodata.__func__.17
                0x0800ff50       0x10 ./app/littlefs/lfs.o
 .rodata.__func__.15
                0x0800ff60        0x9 ./app/littlefs/lfs.o
 *fill*         0x0800ff69        0x3 
 .rodata.__func__.13
                0x0800ff6c       0x13 ./app/littlefs/lfs.o
 *fill*         0x0800ff7f        0x1 
 .rodata.__func__.12
                0x0800ff80        0xe ./app/littlefs/lfs.o
 *fill*         0x0800ff8e        0x2 
 .rodata.__func__.10
                0x0800ff90        0xe ./app/littlefs/lfs.o
 *fill*         0x0800ff9e        0x2 
 .rodata.__func__.8
                0x0800ffa0        0xf ./app/littlefs/lfs.o
 *fill*         0x0800ffaf        0x1 
 .rodata.__func__.5
                0x0800ffb0        0xf ./app/littlefs/lfs.o
 *fill*         0x0800ffbf        0x1 
 .rodata.rtable.0
                0x0800ffc0       0x40 ./app/littlefs/lfs_util.o
 .rodata.__assert_func.str1.1
                0x08010000       0x6f /opt/st/stm32cubeide_1.18.0/plugins/com.st.stm32cube.ide.mcu.externaltools.gnu-tools-for-stm32.13.3.rel1.linux64_1.0.0.202410170706/tools/bin/../lib/gcc/arm-none-eabi/13.3.1/../../../../arm-none-eabi/lib/thumb/v6-m/nofp/libc_nano.a(libc_a-assert.o)
                                 0x3d (size before relaxing)
 .rodata._vfprintf_r.str1.1
                0x0801006f       0x11 /opt/st/stm32cubeide_1.18.0/plugins/com.st.stm32cube.ide.mcu.externaltools.gnu-tools-for-stm32.13.3.rel1.linux64_1.0.0.202410170706/tools/bin/../lib/gcc/arm-none-eabi/13.3.1/../../../../arm-none-eabi/lib/thumb/v6-m/nofp/libc_nano.a(libc_a-nano-vfprintf.o)
 .rodata._printf_i.str1.1
                0x0801006f       0x22 /opt/st/stm32cubeide_1.18.0/plugins/com.st.stm32cube.ide.mcu.externaltools.gnu-tools-for-stm32.13.3.rel1.linux64_1.0.0.202410170706/tools/bin/../lib/gcc/arm-none-eabi/13.3.1/../../../../arm-none-eabi/lib/thumb/v6-m/nofp/libc_nano.a(libc_a-nano-vfprintf_i.o)
                0x08010094                        . = ALIGN (0x4)
 *fill*         0x0801006f        0x1 

.ARM.extab      0x08010070        0x0
                0x08010070                        . = ALIGN (0x4)
 *(.ARM.extab* .gnu.linkonce.armextab.*)
                0x08010070                        . = ALIGN (0x4)

.ARM            0x08010070        0x8
                0x08010070                        . = ALIGN (0x4)
                0x08010070                        __exidx_start = .
 *(.ARM.exidx*)
 .ARM.exidx     0x08010070        0x8 /opt/st/stm32cubeide_1.18.0/plugins/com.st.stm32cube.ide.mcu.externaltools.gnu-tools-for-stm32.13.3.rel1.linux64_1.0.0.202410170706/tools/bin/../lib/gcc/arm-none-eabi/13.3.1/thumb/v6-m/nofp/libgcc.a(_udivmoddi4.o)
                0x08010078                        __exidx_end = .
                0x08010078                        . = ALIGN (0x4)

.preinit_array  0x08010078        0x0
                0x08010078                        . = ALIGN (0x4)
                0x08010078                        PROVIDE (__preinit_array_start = .)
 *(.preinit_array*)
                0x08010078                        PROVIDE (__preinit_array_end = .)
                0x08010078                        . = ALIGN (0x4)

.init_array     0x08010078        0x4
                0x08010078                        . = ALIGN (0x4)
                0x08010078                        PROVIDE (__init_array_start = .)
 *(SORT_BY_NAME(.init_array.*))
 *(.init_array*)
 .init_array    0x08010078        0x4 /opt/st/stm32cubeide_1.18.0/plugins/com.st.stm32cube.ide.mcu.externaltools.gnu-tools-for-stm32.13.3.rel1.linux64_1.0.0.202410170706/tools/bin/../lib/gcc/arm-none-eabi/13.3.1/thumb/v6-m/nofp/crtbegin.o
                0x0801007c                        PROVIDE (__init_array_end = .)
                0x0801007c                        . = ALIGN (0x4)

.fini_array     0x0801007c        0x4
                0x0801007c                        . = ALIGN (0x4)
                [!provide]                        PROVIDE (__fini_array_start = .)
 *(SORT_BY_NAME(.fini_array.*))
 *(.fini_array*)
 .fini_array    0x0801007c        0x4 /opt/st/stm32cubeide_1.18.0/plugins/com.st.stm32cube.ide.mcu.externaltools.gnu-tools-for-stm32.13.3.rel1.linux64_1.0.0.202410170706/tools/bin/../lib/gcc/arm-none-eabi/13.3.1/thumb/v6-m/nofp/crtbegin.o
                [!provide]                        PROVIDE (__fini_array_end = .)
                0x08010080                        . = ALIGN (0x4)
                0x08010080                        _sidata = LOADADDR (.data)

.rel.dyn        0x08010080        0x0
 .rel.iplt      0x08010080        0x0 /opt/st/stm32cubeide_1.18.0/plugins/com.st.stm32cube.ide.mcu.externaltools.gnu-tools-for-stm32.13.3.rel1.linux64_1.0.0.202410170706/tools/bin/../lib/gcc/arm-none-eabi/13.3.1/thumb/v6-m/nofp/crtbegin.o

.data           0x20000000       0xd8 load address 0x08010080
                0x20000000                        . = ALIGN (0x4)
                0x20000000                        _sdata = .
 *(.data)
 *(.data*)
 .data.SystemCoreClock
                0x20000000        0x4 ./Core/Src/system_stm32u0xx.o
                0x20000000                SystemCoreClock
 .data.uwTickPrio
                0x20000004        0x4 ./Drivers/STM32U0xx_HAL_Driver/Src/stm32u0xx_hal.o
                0x20000004                uwTickPrio
 .data.uwTickFreq
                0x20000008        0x4 ./Drivers/STM32U0xx_HAL_Driver/Src/stm32u0xx_hal.o
                0x20000008                uwTickFreq
 .data.tags_number
                0x2000000c        0x1 ./app/database.o
                0x2000000c                tags_number
 *fill*         0x2000000d        0x3 
 .data.tags_database
                0x20000010       0x64 ./app/database.o
                0x20000010                tags_database
 .data.tim_values
                0x20000074        0x8 ./app/hw.o
                0x20000074                tim_values
 .data.__sglue  0x2000007c        0xc /opt/st/stm32cubeide_1.18.0/plugins/com.st.stm32cube.ide.mcu.externaltools.gnu-tools-for-stm32.13.3.rel1.linux64_1.0.0.202410170706/tools/bin/../lib/gcc/arm-none-eabi/13.3.1/../../../../arm-none-eabi/lib/thumb/v6-m/nofp/libc_nano.a(libc_a-findfp.o)
                0x2000007c                __sglue
 .data._impure_ptr
                0x20000088        0x4 /opt/st/stm32cubeide_1.18.0/plugins/com.st.stm32cube.ide.mcu.externaltools.gnu-tools-for-stm32.13.3.rel1.linux64_1.0.0.202410170706/tools/bin/../lib/gcc/arm-none-eabi/13.3.1/../../../../arm-none-eabi/lib/thumb/v6-m/nofp/libc_nano.a(libc_a-impure.o)
                0x20000088                _impure_ptr
 .data._impure_data
                0x2000008c       0x4c /opt/st/stm32cubeide_1.18.0/plugins/com.st.stm32cube.ide.mcu.externaltools.gnu-tools-for-stm32.13.3.rel1.linux64_1.0.0.202410170706/tools/bin/../lib/gcc/arm-none-eabi/13.3.1/../../../../arm-none-eabi/lib/thumb/v6-m/nofp/libc_nano.a(libc_a-impure.o)
                0x2000008c                _impure_data
 *(.RamFunc)
 *(.RamFunc*)
                0x200000d8                        . = ALIGN (0x4)
                0x200000d8                        _edata = .

.igot.plt       0x200000d8        0x0 load address 0x08010158
 .igot.plt      0x200000d8        0x0 /opt/st/stm32cubeide_1.18.0/plugins/com.st.stm32cube.ide.mcu.externaltools.gnu-tools-for-stm32.13.3.rel1.linux64_1.0.0.202410170706/tools/bin/../lib/gcc/arm-none-eabi/13.3.1/thumb/v6-m/nofp/crtbegin.o
                0x200000d8                        . = ALIGN (0x4)

.bss            0x200000d8      0x4d8 load address 0x08010158
                0x200000d8                        _sbss = .
                0x200000d8                        __bss_start__ = _sbss
 *(.bss)
 .bss           0x200000d8       0x1c /opt/st/stm32cubeide_1.18.0/plugins/com.st.stm32cube.ide.mcu.externaltools.gnu-tools-for-stm32.13.3.rel1.linux64_1.0.0.202410170706/tools/bin/../lib/gcc/arm-none-eabi/13.3.1/thumb/v6-m/nofp/crtbegin.o
 *(.bss*)
 .bss.hlpuart2  0x200000f4       0x94 ./Core/Src/main.o
                0x200000f4                hlpuart2
 .bss.hrtc      0x20000188       0x30 ./Core/Src/main.o
                0x20000188                hrtc
 .bss.hspi1     0x200001b8       0x64 ./Core/Src/main.o
                0x200001b8                hspi1
 .bss.hspi2     0x2000021c       0x64 ./Core/Src/main.o
                0x2000021c                hspi2
 .bss.htim2     0x20000280       0x4c ./Core/Src/main.o
                0x20000280                htim2
 .bss.__sbrk_heap_end
                0x200002cc        0x4 ./Core/Src/sysmem.o
 .bss.uwTick    0x200002d0        0x4 ./Drivers/STM32U0xx_HAL_Driver/Src/stm32u0xx_hal.o
                0x200002d0                uwTick
 .bss.page_buffer
                0x200002d4      0x100 ./app/AT45DB021E.o
 .bss.irq_rfid_flag
                0x200003d4        0x1 ./app/app.o
                0x200003d4                irq_rfid_flag
 .bss.config_rfid_flag
                0x200003d5        0x1 ./app/app.o
                0x200003d5                config_rfid_flag
 *fill*         0x200003d6        0x2 
 .bss.deboucing_time_ms.1
                0x200003d8        0x4 ./app/app.o
 .bss.debouncing_time_ms.0
                0x200003dc        0x4 ./app/app.o
 .bss.pos       0x200003e0        0x4 ./app/hw.o
                0x200003e0                pos
 .bss.lfs       0x200003e4       0x80 ./app/log.o
                0x200003e4                lfs
 .bss.__malloc_sbrk_start
                0x20000464        0x4 /opt/st/stm32cubeide_1.18.0/plugins/com.st.stm32cube.ide.mcu.externaltools.gnu-tools-for-stm32.13.3.rel1.linux64_1.0.0.202410170706/tools/bin/../lib/gcc/arm-none-eabi/13.3.1/../../../../arm-none-eabi/lib/thumb/v6-m/nofp/libc_nano.a(libc_a-mallocr.o)
                0x20000464                __malloc_sbrk_start
 .bss.__malloc_free_list
                0x20000468        0x4 /opt/st/stm32cubeide_1.18.0/plugins/com.st.stm32cube.ide.mcu.externaltools.gnu-tools-for-stm32.13.3.rel1.linux64_1.0.0.202410170706/tools/bin/../lib/gcc/arm-none-eabi/13.3.1/../../../../arm-none-eabi/lib/thumb/v6-m/nofp/libc_nano.a(libc_a-mallocr.o)
                0x20000468                __malloc_free_list
 .bss.__sf      0x2000046c      0x138 /opt/st/stm32cubeide_1.18.0/plugins/com.st.stm32cube.ide.mcu.externaltools.gnu-tools-for-stm32.13.3.rel1.linux64_1.0.0.202410170706/tools/bin/../lib/gcc/arm-none-eabi/13.3.1/../../../../arm-none-eabi/lib/thumb/v6-m/nofp/libc_nano.a(libc_a-findfp.o)
                0x2000046c                __sf
 .bss.__stdio_exit_handler
                0x200005a4        0x4 /opt/st/stm32cubeide_1.18.0/plugins/com.st.stm32cube.ide.mcu.externaltools.gnu-tools-for-stm32.13.3.rel1.linux64_1.0.0.202410170706/tools/bin/../lib/gcc/arm-none-eabi/13.3.1/../../../../arm-none-eabi/lib/thumb/v6-m/nofp/libc_nano.a(libc_a-findfp.o)
                0x200005a4                __stdio_exit_handler
 .bss.errno     0x200005a8        0x4 /opt/st/stm32cubeide_1.18.0/plugins/com.st.stm32cube.ide.mcu.externaltools.gnu-tools-for-stm32.13.3.rel1.linux64_1.0.0.202410170706/tools/bin/../lib/gcc/arm-none-eabi/13.3.1/../../../../arm-none-eabi/lib/thumb/v6-m/nofp/libc_nano.a(libc_a-reent.o)
                0x200005a8                errno
 .bss.__lock___malloc_recursive_mutex
                0x200005ac        0x1 /opt/st/stm32cubeide_1.18.0/plugins/com.st.stm32cube.ide.mcu.externaltools.gnu-tools-for-stm32.13.3.rel1.linux64_1.0.0.202410170706/tools/bin/../lib/gcc/arm-none-eabi/13.3.1/../../../../arm-none-eabi/lib/thumb/v6-m/nofp/libc_nano.a(libc_a-lock.o)
                0x200005ac                __lock___malloc_recursive_mutex
 .bss.__lock___sfp_recursive_mutex
                0x200005ad        0x1 /opt/st/stm32cubeide_1.18.0/plugins/com.st.stm32cube.ide.mcu.externaltools.gnu-tools-for-stm32.13.3.rel1.linux64_1.0.0.202410170706/tools/bin/../lib/gcc/arm-none-eabi/13.3.1/../../../../arm-none-eabi/lib/thumb/v6-m/nofp/libc_nano.a(libc_a-lock.o)
                0x200005ad                __lock___sfp_recursive_mutex
 *(COMMON)
                0x200005b0                        . = ALIGN (0x4)
 *fill*         0x200005ae        0x2 
                0x200005b0                        _ebss = .
                0x200005b0                        __bss_end__ = _ebss

._user_heap_stack
                0x200005b0      0x600 load address 0x08010158
                0x200005b0                        . = ALIGN (0x8)
                [!provide]                        PROVIDE (end = .)
                0x200005b0                        PROVIDE (_end = .)
                0x200007b0                        . = (. + _Min_Heap_Size)
 *fill*         0x200005b0      0x200 
                0x20000bb0                        . = (. + _Min_Stack_Size)
 *fill*         0x200007b0      0x400 
                0x20000bb0                        . = ALIGN (0x8)

/DISCARD/
 libc.a(*)
 libm.a(*)
 libgcc.a(*)

.ARM.attributes
                0x00000000       0x28
 *(.ARM.attributes)
 .ARM.attributes
                0x00000000       0x1e /opt/st/stm32cubeide_1.18.0/plugins/com.st.stm32cube.ide.mcu.externaltools.gnu-tools-for-stm32.13.3.rel1.linux64_1.0.0.202410170706/tools/bin/../lib/gcc/arm-none-eabi/13.3.1/thumb/v6-m/nofp/crti.o
 .ARM.attributes
                0x0000001e       0x2c /opt/st/stm32cubeide_1.18.0/plugins/com.st.stm32cube.ide.mcu.externaltools.gnu-tools-for-stm32.13.3.rel1.linux64_1.0.0.202410170706/tools/bin/../lib/gcc/arm-none-eabi/13.3.1/thumb/v6-m/nofp/crtbegin.o
 .ARM.attributes
                0x0000004a       0x2c ./Core/Src/main.o
 .ARM.attributes
                0x00000076       0x2c ./Core/Src/stm32u0xx_hal_msp.o
 .ARM.attributes
                0x000000a2       0x2c ./Core/Src/stm32u0xx_it.o
 .ARM.attributes
                0x000000ce       0x2c ./Core/Src/syscalls.o
 .ARM.attributes
                0x000000fa       0x2c ./Core/Src/sysmem.o
 .ARM.attributes
                0x00000126       0x2c ./Core/Src/system_stm32u0xx.o
 .ARM.attributes
                0x00000152       0x22 ./Core/Startup/startup_stm32u031k6ux.o
 .ARM.attributes
                0x00000174       0x2c ./Drivers/STM32U0xx_HAL_Driver/Src/stm32u0xx_hal.o
 .ARM.attributes
                0x000001a0       0x2c ./Drivers/STM32U0xx_HAL_Driver/Src/stm32u0xx_hal_cortex.o
 .ARM.attributes
                0x000001cc       0x2c ./Drivers/STM32U0xx_HAL_Driver/Src/stm32u0xx_hal_gpio.o
 .ARM.attributes
                0x000001f8       0x2c ./Drivers/STM32U0xx_HAL_Driver/Src/stm32u0xx_hal_pwr_ex.o
 .ARM.attributes
                0x00000224       0x2c ./Drivers/STM32U0xx_HAL_Driver/Src/stm32u0xx_hal_rcc.o
 .ARM.attributes
                0x00000250       0x2c ./Drivers/STM32U0xx_HAL_Driver/Src/stm32u0xx_hal_rcc_ex.o
 .ARM.attributes
                0x0000027c       0x2c ./Drivers/STM32U0xx_HAL_Driver/Src/stm32u0xx_hal_rtc.o
 .ARM.attributes
                0x000002a8       0x2c ./Drivers/STM32U0xx_HAL_Driver/Src/stm32u0xx_hal_spi.o
 .ARM.attributes
                0x000002d4       0x2c ./Drivers/STM32U0xx_HAL_Driver/Src/stm32u0xx_hal_tim.o
 .ARM.attributes
                0x00000300       0x2c ./Drivers/STM32U0xx_HAL_Driver/Src/stm32u0xx_hal_tim_ex.o
 .ARM.attributes
                0x0000032c       0x2c ./Drivers/STM32U0xx_HAL_Driver/Src/stm32u0xx_hal_uart.o
 .ARM.attributes
                0x00000358       0x2c ./Drivers/STM32U0xx_HAL_Driver/Src/stm32u0xx_hal_uart_ex.o
 .ARM.attributes
                0x00000384       0x2c ./app/AT45DB021E.o
 .ARM.attributes
                0x000003b0       0x2c ./app/app.o
 .ARM.attributes
                0x000003dc       0x2c ./app/database.o
 .ARM.attributes
                0x00000408       0x2c ./app/hw.o
 .ARM.attributes
                0x00000434       0x2c ./app/log.o
 .ARM.attributes
                0x00000460       0x2c ./app/rfid.o
 .ARM.attributes
                0x0000048c       0x2c ./app/littlefs/lfs.o
 .ARM.attributes
                0x000004b8       0x2c ./app/littlefs/lfs_util.o
 .ARM.attributes
                0x000004e4       0x2c /opt/st/stm32cubeide_1.18.0/plugins/com.st.stm32cube.ide.mcu.externaltools.gnu-tools-for-stm32.13.3.rel1.linux64_1.0.0.202410170706/tools/bin/../lib/gcc/arm-none-eabi/13.3.1/../../../../arm-none-eabi/lib/thumb/v6-m/nofp/libc_nano.a(libc_a-assert.o)
 .ARM.attributes
                0x00000510       0x2c /opt/st/stm32cubeide_1.18.0/plugins/com.st.stm32cube.ide.mcu.externaltools.gnu-tools-for-stm32.13.3.rel1.linux64_1.0.0.202410170706/tools/bin/../lib/gcc/arm-none-eabi/13.3.1/../../../../arm-none-eabi/lib/thumb/v6-m/nofp/libc_nano.a(libc_a-malloc.o)
 .ARM.attributes
                0x0000053c       0x2c /opt/st/stm32cubeide_1.18.0/plugins/com.st.stm32cube.ide.mcu.externaltools.gnu-tools-for-stm32.13.3.rel1.linux64_1.0.0.202410170706/tools/bin/../lib/gcc/arm-none-eabi/13.3.1/../../../../arm-none-eabi/lib/thumb/v6-m/nofp/libc_nano.a(libc_a-mallocr.o)
 .ARM.attributes
                0x00000568       0x2c /opt/st/stm32cubeide_1.18.0/plugins/com.st.stm32cube.ide.mcu.externaltools.gnu-tools-for-stm32.13.3.rel1.linux64_1.0.0.202410170706/tools/bin/../lib/gcc/arm-none-eabi/13.3.1/../../../../arm-none-eabi/lib/thumb/v6-m/nofp/libc_nano.a(libc_a-mlock.o)
 .ARM.attributes
                0x00000594       0x2c /opt/st/stm32cubeide_1.18.0/plugins/com.st.stm32cube.ide.mcu.externaltools.gnu-tools-for-stm32.13.3.rel1.linux64_1.0.0.202410170706/tools/bin/../lib/gcc/arm-none-eabi/13.3.1/../../../../arm-none-eabi/lib/thumb/v6-m/nofp/libc_nano.a(libc_a-findfp.o)
 .ARM.attributes
                0x000005c0       0x2c /opt/st/stm32cubeide_1.18.0/plugins/com.st.stm32cube.ide.mcu.externaltools.gnu-tools-for-stm32.13.3.rel1.linux64_1.0.0.202410170706/tools/bin/../lib/gcc/arm-none-eabi/13.3.1/../../../../arm-none-eabi/lib/thumb/v6-m/nofp/libc_nano.a(libc_a-fprintf.o)
 .ARM.attributes
                0x000005ec       0x2c /opt/st/stm32cubeide_1.18.0/plugins/com.st.stm32cube.ide.mcu.externaltools.gnu-tools-for-stm32.13.3.rel1.linux64_1.0.0.202410170706/tools/bin/../lib/gcc/arm-none-eabi/13.3.1/../../../../arm-none-eabi/lib/thumb/v6-m/nofp/libc_nano.a(libc_a-fwalk.o)
 .ARM.attributes
                0x00000618       0x2c /opt/st/stm32cubeide_1.18.0/plugins/com.st.stm32cube.ide.mcu.externaltools.gnu-tools-for-stm32.13.3.rel1.linux64_1.0.0.202410170706/tools/bin/../lib/gcc/arm-none-eabi/13.3.1/../../../../arm-none-eabi/lib/thumb/v6-m/nofp/libc_nano.a(libc_a-printf.o)
 .ARM.attributes
                0x00000644       0x2c /opt/st/stm32cubeide_1.18.0/plugins/com.st.stm32cube.ide.mcu.externaltools.gnu-tools-for-stm32.13.3.rel1.linux64_1.0.0.202410170706/tools/bin/../lib/gcc/arm-none-eabi/13.3.1/../../../../arm-none-eabi/lib/thumb/v6-m/nofp/libc_nano.a(libc_a-stdio.o)
 .ARM.attributes
                0x00000670       0x2c /opt/st/stm32cubeide_1.18.0/plugins/com.st.stm32cube.ide.mcu.externaltools.gnu-tools-for-stm32.13.3.rel1.linux64_1.0.0.202410170706/tools/bin/../lib/gcc/arm-none-eabi/13.3.1/../../../../arm-none-eabi/lib/thumb/v6-m/nofp/libc_nano.a(libc_a-memcmp.o)
 .ARM.attributes
                0x0000069c       0x2c /opt/st/stm32cubeide_1.18.0/plugins/com.st.stm32cube.ide.mcu.externaltools.gnu-tools-for-stm32.13.3.rel1.linux64_1.0.0.202410170706/tools/bin/../lib/gcc/arm-none-eabi/13.3.1/../../../../arm-none-eabi/lib/thumb/v6-m/nofp/libc_nano.a(libc_a-memset.o)
 .ARM.attributes
                0x000006c8       0x2c /opt/st/stm32cubeide_1.18.0/plugins/com.st.stm32cube.ide.mcu.externaltools.gnu-tools-for-stm32.13.3.rel1.linux64_1.0.0.202410170706/tools/bin/../lib/gcc/arm-none-eabi/13.3.1/../../../../arm-none-eabi/lib/thumb/v6-m/nofp/libc_nano.a(libc_a-strcspn.o)
 .ARM.attributes
                0x000006f4       0x2c /opt/st/stm32cubeide_1.18.0/plugins/com.st.stm32cube.ide.mcu.externaltools.gnu-tools-for-stm32.13.3.rel1.linux64_1.0.0.202410170706/tools/bin/../lib/gcc/arm-none-eabi/13.3.1/../../../../arm-none-eabi/lib/thumb/v6-m/nofp/libc_nano.a(libc_a-strspn.o)
 .ARM.attributes
                0x00000720       0x2c /opt/st/stm32cubeide_1.18.0/plugins/com.st.stm32cube.ide.mcu.externaltools.gnu-tools-for-stm32.13.3.rel1.linux64_1.0.0.202410170706/tools/bin/../lib/gcc/arm-none-eabi/13.3.1/../../../../arm-none-eabi/lib/thumb/v6-m/nofp/libc_nano.a(libc_a-closer.o)
 .ARM.attributes
                0x0000074c       0x2c /opt/st/stm32cubeide_1.18.0/plugins/com.st.stm32cube.ide.mcu.externaltools.gnu-tools-for-stm32.13.3.rel1.linux64_1.0.0.202410170706/tools/bin/../lib/gcc/arm-none-eabi/13.3.1/../../../../arm-none-eabi/lib/thumb/v6-m/nofp/libc_nano.a(libc_a-reent.o)
 .ARM.attributes
                0x00000778       0x2c /opt/st/stm32cubeide_1.18.0/plugins/com.st.stm32cube.ide.mcu.externaltools.gnu-tools-for-stm32.13.3.rel1.linux64_1.0.0.202410170706/tools/bin/../lib/gcc/arm-none-eabi/13.3.1/../../../../arm-none-eabi/lib/thumb/v6-m/nofp/libc_nano.a(libc_a-impure.o)
 .ARM.attributes
                0x000007a4       0x2c /opt/st/stm32cubeide_1.18.0/plugins/com.st.stm32cube.ide.mcu.externaltools.gnu-tools-for-stm32.13.3.rel1.linux64_1.0.0.202410170706/tools/bin/../lib/gcc/arm-none-eabi/13.3.1/../../../../arm-none-eabi/lib/thumb/v6-m/nofp/libc_nano.a(libc_a-lseekr.o)
 .ARM.attributes
                0x000007d0       0x2c /opt/st/stm32cubeide_1.18.0/plugins/com.st.stm32cube.ide.mcu.externaltools.gnu-tools-for-stm32.13.3.rel1.linux64_1.0.0.202410170706/tools/bin/../lib/gcc/arm-none-eabi/13.3.1/../../../../arm-none-eabi/lib/thumb/v6-m/nofp/libc_nano.a(libc_a-readr.o)
 .ARM.attributes
                0x000007fc       0x2c /opt/st/stm32cubeide_1.18.0/plugins/com.st.stm32cube.ide.mcu.externaltools.gnu-tools-for-stm32.13.3.rel1.linux64_1.0.0.202410170706/tools/bin/../lib/gcc/arm-none-eabi/13.3.1/../../../../arm-none-eabi/lib/thumb/v6-m/nofp/libc_nano.a(libc_a-sbrkr.o)
 .ARM.attributes
                0x00000828       0x2c /opt/st/stm32cubeide_1.18.0/plugins/com.st.stm32cube.ide.mcu.externaltools.gnu-tools-for-stm32.13.3.rel1.linux64_1.0.0.202410170706/tools/bin/../lib/gcc/arm-none-eabi/13.3.1/../../../../arm-none-eabi/lib/thumb/v6-m/nofp/libc_nano.a(libc_a-writer.o)
 .ARM.attributes
                0x00000854       0x2c /opt/st/stm32cubeide_1.18.0/plugins/com.st.stm32cube.ide.mcu.externaltools.gnu-tools-for-stm32.13.3.rel1.linux64_1.0.0.202410170706/tools/bin/../lib/gcc/arm-none-eabi/13.3.1/../../../../arm-none-eabi/lib/thumb/v6-m/nofp/libc_nano.a(libc_a-errno.o)
 .ARM.attributes
                0x00000880       0x2c /opt/st/stm32cubeide_1.18.0/plugins/com.st.stm32cube.ide.mcu.externaltools.gnu-tools-for-stm32.13.3.rel1.linux64_1.0.0.202410170706/tools/bin/../lib/gcc/arm-none-eabi/13.3.1/../../../../arm-none-eabi/lib/thumb/v6-m/nofp/libc_nano.a(libc_a-init.o)
 .ARM.attributes
                0x000008ac       0x2c /opt/st/stm32cubeide_1.18.0/plugins/com.st.stm32cube.ide.mcu.externaltools.gnu-tools-for-stm32.13.3.rel1.linux64_1.0.0.202410170706/tools/bin/../lib/gcc/arm-none-eabi/13.3.1/../../../../arm-none-eabi/lib/thumb/v6-m/nofp/libc_nano.a(libc_a-lock.o)
 .ARM.attributes
                0x000008d8       0x2c /opt/st/stm32cubeide_1.18.0/plugins/com.st.stm32cube.ide.mcu.externaltools.gnu-tools-for-stm32.13.3.rel1.linux64_1.0.0.202410170706/tools/bin/../lib/gcc/arm-none-eabi/13.3.1/../../../../arm-none-eabi/lib/thumb/v6-m/nofp/libc_nano.a(libc_a-memcpy-stub.o)
 .ARM.attributes
                0x00000904       0x2c /opt/st/stm32cubeide_1.18.0/plugins/com.st.stm32cube.ide.mcu.externaltools.gnu-tools-for-stm32.13.3.rel1.linux64_1.0.0.202410170706/tools/bin/../lib/gcc/arm-none-eabi/13.3.1/../../../../arm-none-eabi/lib/thumb/v6-m/nofp/libc_nano.a(libc_a-abort.o)
 .ARM.attributes
                0x00000930       0x2c /opt/st/stm32cubeide_1.18.0/plugins/com.st.stm32cube.ide.mcu.externaltools.gnu-tools-for-stm32.13.3.rel1.linux64_1.0.0.202410170706/tools/bin/../lib/gcc/arm-none-eabi/13.3.1/../../../../arm-none-eabi/lib/thumb/v6-m/nofp/libc_nano.a(libc_a-freer.o)
 .ARM.attributes
                0x0000095c       0x2c /opt/st/stm32cubeide_1.18.0/plugins/com.st.stm32cube.ide.mcu.externaltools.gnu-tools-for-stm32.13.3.rel1.linux64_1.0.0.202410170706/tools/bin/../lib/gcc/arm-none-eabi/13.3.1/../../../../arm-none-eabi/lib/thumb/v6-m/nofp/libc_nano.a(libc_a-nano-vfprintf.o)
 .ARM.attributes
                0x00000988       0x2c /opt/st/stm32cubeide_1.18.0/plugins/com.st.stm32cube.ide.mcu.externaltools.gnu-tools-for-stm32.13.3.rel1.linux64_1.0.0.202410170706/tools/bin/../lib/gcc/arm-none-eabi/13.3.1/../../../../arm-none-eabi/lib/thumb/v6-m/nofp/libc_nano.a(libc_a-nano-vfprintf_i.o)
 .ARM.attributes
                0x000009b4       0x2c /opt/st/stm32cubeide_1.18.0/plugins/com.st.stm32cube.ide.mcu.externaltools.gnu-tools-for-stm32.13.3.rel1.linux64_1.0.0.202410170706/tools/bin/../lib/gcc/arm-none-eabi/13.3.1/../../../../arm-none-eabi/lib/thumb/v6-m/nofp/libc_nano.a(libc_a-fflush.o)
 .ARM.attributes
                0x000009e0       0x2c /opt/st/stm32cubeide_1.18.0/plugins/com.st.stm32cube.ide.mcu.externaltools.gnu-tools-for-stm32.13.3.rel1.linux64_1.0.0.202410170706/tools/bin/../lib/gcc/arm-none-eabi/13.3.1/../../../../arm-none-eabi/lib/thumb/v6-m/nofp/libc_nano.a(libc_a-wbuf.o)
 .ARM.attributes
                0x00000a0c       0x2c /opt/st/stm32cubeide_1.18.0/plugins/com.st.stm32cube.ide.mcu.externaltools.gnu-tools-for-stm32.13.3.rel1.linux64_1.0.0.202410170706/tools/bin/../lib/gcc/arm-none-eabi/13.3.1/../../../../arm-none-eabi/lib/thumb/v6-m/nofp/libc_nano.a(libc_a-wsetup.o)
 .ARM.attributes
                0x00000a38       0x2c /opt/st/stm32cubeide_1.18.0/plugins/com.st.stm32cube.ide.mcu.externaltools.gnu-tools-for-stm32.13.3.rel1.linux64_1.0.0.202410170706/tools/bin/../lib/gcc/arm-none-eabi/13.3.1/../../../../arm-none-eabi/lib/thumb/v6-m/nofp/libc_nano.a(libc_a-signal.o)
 .ARM.attributes
                0x00000a64       0x2c /opt/st/stm32cubeide_1.18.0/plugins/com.st.stm32cube.ide.mcu.externaltools.gnu-tools-for-stm32.13.3.rel1.linux64_1.0.0.202410170706/tools/bin/../lib/gcc/arm-none-eabi/13.3.1/../../../../arm-none-eabi/lib/thumb/v6-m/nofp/libc_nano.a(libc_a-signalr.o)
 .ARM.attributes
                0x00000a90       0x2c /opt/st/stm32cubeide_1.18.0/plugins/com.st.stm32cube.ide.mcu.externaltools.gnu-tools-for-stm32.13.3.rel1.linux64_1.0.0.202410170706/tools/bin/../lib/gcc/arm-none-eabi/13.3.1/../../../../arm-none-eabi/lib/thumb/v6-m/nofp/libc_nano.a(libc_a-memchr-stub.o)
 .ARM.attributes
                0x00000abc       0x2c /opt/st/stm32cubeide_1.18.0/plugins/com.st.stm32cube.ide.mcu.externaltools.gnu-tools-for-stm32.13.3.rel1.linux64_1.0.0.202410170706/tools/bin/../lib/gcc/arm-none-eabi/13.3.1/../../../../arm-none-eabi/lib/thumb/v6-m/nofp/libc_nano.a(libc_a-makebuf.o)
 .ARM.attributes