Archive member included to satisfy reference by file (symbol)

C:/ST/STM32CubeIDE_1.18.0/STM32CubeIDE/plugins/com.st.stm32cube.ide.mcu.externaltools.gnu-tools-for-stm32.13.3.rel1.win32_1.0.0.202411081344/tools/bin/../lib/gcc/arm-none-eabi/13.3.1/../../../../arm-none-eabi/lib/thumb/v6-m/nofp\libc_nano.a(libc_a-assert.o)
                              ./app/littlefs/lfs.o (__assert_func)
C:/ST/STM32CubeIDE_1.18.0/STM32CubeIDE/plugins/com.st.stm32cube.ide.mcu.externaltools.gnu-tools-for-stm32.13.3.rel1.win32_1.0.0.202411081344/tools/bin/../lib/gcc/arm-none-eabi/13.3.1/../../../../arm-none-eabi/lib/thumb/v6-m/nofp\libc_nano.a(libc_a-exit.o)
                              C:/ST/STM32CubeIDE_1.18.0/STM32CubeIDE/plugins/com.st.stm32cube.ide.mcu.externaltools.gnu-tools-for-stm32.13.3.rel1.win32_1.0.0.202411081344/tools/bin/../lib/gcc/arm-none-eabi/13.3.1/../../../../arm-none-eabi/lib/thumb/v6-m/nofp/crt0.o (exit)
C:/ST/STM32CubeIDE_1.18.0/STM32CubeIDE/plugins/com.st.stm32cube.ide.mcu.externaltools.gnu-tools-for-stm32.13.3.rel1.win32_1.0.0.202411081344/tools/bin/../lib/gcc/arm-none-eabi/13.3.1/../../../../arm-none-eabi/lib/thumb/v6-m/nofp\libc_nano.a(libc_a-malloc.o)
                              ./app/littlefs/lfs.o (malloc)
C:/ST/STM32CubeIDE_1.18.0/STM32CubeIDE/plugins/com.st.stm32cube.ide.mcu.externaltools.gnu-tools-for-stm32.13.3.rel1.win32_1.0.0.202411081344/tools/bin/../lib/gcc/arm-none-eabi/13.3.1/../../../../arm-none-eabi/lib/thumb/v6-m/nofp\libc_nano.a(libc_a-mallocr.o)
                              C:/ST/STM32CubeIDE_1.18.0/STM32CubeIDE/plugins/com.st.stm32cube.ide.mcu.externaltools.gnu-tools-for-stm32.13.3.rel1.win32_1.0.0.202411081344/tools/bin/../lib/gcc/arm-none-eabi/13.3.1/../../../../arm-none-eabi/lib/thumb/v6-m/nofp\libc_nano.a(libc_a-malloc.o) (_malloc_r)
C:/ST/STM32CubeIDE_1.18.0/STM32CubeIDE/plugins/com.st.stm32cube.ide.mcu.externaltools.gnu-tools-for-stm32.13.3.rel1.win32_1.0.0.202411081344/tools/bin/../lib/gcc/arm-none-eabi/13.3.1/../../../../arm-none-eabi/lib/thumb/v6-m/nofp\libc_nano.a(libc_a-mlock.o)
                              C:/ST/STM32CubeIDE_1.18.0/STM32CubeIDE/plugins/com.st.stm32cube.ide.mcu.externaltools.gnu-tools-for-stm32.13.3.rel1.win32_1.0.0.202411081344/tools/bin/../lib/gcc/arm-none-eabi/13.3.1/../../../../arm-none-eabi/lib/thumb/v6-m/nofp\libc_nano.a(libc_a-mallocr.o) (__malloc_lock)
C:/ST/STM32CubeIDE_1.18.0/STM32CubeIDE/plugins/com.st.stm32cube.ide.mcu.externaltools.gnu-tools-for-stm32.13.3.rel1.win32_1.0.0.202411081344/tools/bin/../lib/gcc/arm-none-eabi/13.3.1/../../../../arm-none-eabi/lib/thumb/v6-m/nofp\libc_nano.a(libc_a-findfp.o)
                              C:/ST/STM32CubeIDE_1.18.0/STM32CubeIDE/plugins/com.st.stm32cube.ide.mcu.externaltools.gnu-tools-for-stm32.13.3.rel1.win32_1.0.0.202411081344/tools/bin/../lib/gcc/arm-none-eabi/13.3.1/../../../../arm-none-eabi/lib/thumb/v6-m/nofp\libc_nano.a(libc_a-exit.o) (__stdio_exit_handler)
C:/ST/STM32CubeIDE_1.18.0/STM32CubeIDE/plugins/com.st.stm32cube.ide.mcu.externaltools.gnu-tools-for-stm32.13.3.rel1.win32_1.0.0.202411081344/tools/bin/../lib/gcc/arm-none-eabi/13.3.1/../../../../arm-none-eabi/lib/thumb/v6-m/nofp\libc_nano.a(libc_a-fprintf.o)
                              C:/ST/STM32CubeIDE_1.18.0/STM32CubeIDE/plugins/com.st.stm32cube.ide.mcu.externaltools.gnu-tools-for-stm32.13.3.rel1.win32_1.0.0.202411081344/tools/bin/../lib/gcc/arm-none-eabi/13.3.1/../../../../arm-none-eabi/lib/thumb/v6-m/nofp\libc_nano.a(libc_a-assert.o) (fiprintf)
C:/ST/STM32CubeIDE_1.18.0/STM32CubeIDE/plugins/com.st.stm32cube.ide.mcu.externaltools.gnu-tools-for-stm32.13.3.rel1.win32_1.0.0.202411081344/tools/bin/../lib/gcc/arm-none-eabi/13.3.1/../../../../arm-none-eabi/lib/thumb/v6-m/nofp\libc_nano.a(libc_a-fwalk.o)
                              C:/ST/STM32CubeIDE_1.18.0/STM32CubeIDE/plugins/com.st.stm32cube.ide.mcu.externaltools.gnu-tools-for-stm32.13.3.rel1.win32_1.0.0.202411081344/tools/bin/../lib/gcc/arm-none-eabi/13.3.1/../../../../arm-none-eabi/lib/thumb/v6-m/nofp\libc_nano.a(libc_a-findfp.o) (_fwalk_sglue)
C:/ST/STM32CubeIDE_1.18.0/STM32CubeIDE/plugins/com.st.stm32cube.ide.mcu.externaltools.gnu-tools-for-stm32.13.3.rel1.win32_1.0.0.202411081344/tools/bin/../lib/gcc/arm-none-eabi/13.3.1/../../../../arm-none-eabi/lib/thumb/v6-m/nofp\libc_nano.a(libc_a-printf.o)
                              ./app/littlefs/lfs.o (printf)
C:/ST/STM32CubeIDE_1.18.0/STM32CubeIDE/plugins/com.st.stm32cube.ide.mcu.externaltools.gnu-tools-for-stm32.13.3.rel1.win32_1.0.0.202411081344/tools/bin/../lib/gcc/arm-none-eabi/13.3.1/../../../../arm-none-eabi/lib/thumb/v6-m/nofp\libc_nano.a(libc_a-stdio.o)
                              C:/ST/STM32CubeIDE_1.18.0/STM32CubeIDE/plugins/com.st.stm32cube.ide.mcu.externaltools.gnu-tools-for-stm32.13.3.rel1.win32_1.0.0.202411081344/tools/bin/../lib/gcc/arm-none-eabi/13.3.1/../../../../arm-none-eabi/lib/thumb/v6-m/nofp\libc_nano.a(libc_a-findfp.o) (__sread)
[...]
Memory Configuration

Name             Origin             Length             Attributes
RAM              0x20000000         0x00003000         xrw
FLASH            0x08000000         0x00008000         xr
*default*        0x00000000         0xffffffff

Linker script and memory map

LOAD C:/ST/STM32CubeIDE_1.18.0/STM32CubeIDE/plugins/com.st.stm32cube.ide.mcu.externaltools.gnu-tools-for-stm32.13.3.rel1.win32_1.0.0.202411081344/tools/bin/../lib/gcc/arm-none-eabi/13.3.1/thumb/v6-m/nofp/crti.o
LOAD C:/ST/STM32CubeIDE_1.18.0/STM32CubeIDE/plugins/com.st.stm32cube.ide.mcu.externaltools.gnu-tools-for-stm32.13.3.rel1.win32_1.0.0.202411081344/tools/bin/../lib/gcc/arm-none-eabi/13.3.1/thumb/v6-m/nofp/crtbegin.o
LOAD C:/ST/STM32CubeIDE_1.18.0/STM32CubeIDE/plugins/com.st.stm32cube.ide.mcu.externaltools.gnu-tools-for-stm32.13.3.rel1.win32_1.0.0.202411081344/tools/bin/../lib/gcc/arm-none-eabi/13.3.1/../../../../arm-none-eabi/lib/thumb/v6-m/nofp/crt0.o
LOAD ./Core/Src/main.o
LOAD ./Core/Src/stm32u0xx_hal_msp.o
LOAD ./Core/Src/stm32u0xx_it.o
LOAD ./Core/Src/syscalls.o
LOAD ./Core/Src/sysmem.o
LOAD ./Core/Src/system_stm32u0xx.o
LOAD ./Core/Startup/startup_stm32u031k6ux.o
LOAD ./Drivers/STM32U0xx_HAL_Driver/Src/stm32u0xx_hal.o
LOAD ./Drivers/STM32U0xx_HAL_Driver/Src/stm32u0xx_hal_cortex.o
LOAD ./Drivers/STM32U0xx_HAL_Driver/Src/stm32u0xx_hal_dma.o
LOAD ./Drivers/STM32U0xx_HAL_Driver/Src/stm32u0xx_hal_dma_ex.o
LOAD ./Drivers/STM32U0xx_HAL_Driver/Src/stm32u0xx_hal_exti.o
LOAD ./Drivers/STM32U0xx_HAL_Driver/Src/stm32u0xx_hal_flash.o
LOAD ./Drivers/STM32U0xx_HAL_Driver/Src/stm32u0xx_hal_flash_ex.o
LOAD ./Drivers/STM32U0xx_HAL_Driver/Src/stm32u0xx_hal_gpio.o
LOAD ./Drivers/STM32U0xx_HAL_Driver/Src/stm32u0xx_hal_pwr.o
LOAD ./Drivers/STM32U0xx_HAL_Driver/Src/stm32u0xx_hal_pwr_ex.o
LOAD ./Drivers/STM32U0xx_HAL_Driver/Src/stm32u0xx_hal_rcc.o
LOAD ./Drivers/STM32U0xx_HAL_Driver/Src/stm32u0xx_hal_rcc_ex.o
LOAD ./Drivers/STM32U0xx_HAL_Driver/Src/stm32u0xx_hal_rtc.o
LOAD ./Drivers/STM32U0xx_HAL_Driver/Src/stm32u0xx_hal_rtc_ex.o
LOAD ./Drivers/STM32U0xx_HAL_Driver/Src/stm32u0xx_hal_spi.o
LOAD ./Drivers/STM32U0xx_HAL_Driver/Src/stm32u0xx_hal_spi_ex.o
LOAD ./Drivers/STM32U0xx_HAL_Driver/Src/stm32u0xx_hal_tim.o
LOAD ./Drivers/STM32U0xx_HAL_Driver/Src/stm32u0xx_hal_tim_ex.o
LOAD ./Drivers/STM32U0xx_HAL_Driver/Src/stm32u0xx_hal_uart.o
LOAD ./Drivers/STM32U0xx_HAL_Driver/Src/stm32u0xx_hal_uart_ex.o
LOAD ./app/app.o
LOAD ./app/database.o
LOAD ./app/hw.o
LOAD ./app/rfid.o
LOAD ./app/littlefs/lfs.o
LOAD ./app/littlefs/lfs_util.o
START GROUP
LOAD C:/ST/STM32CubeIDE_1.18.0/STM32CubeIDE/plugins/com.st.stm32cube.ide.mcu.externaltools.gnu-tools-for-stm32.13.3.rel1.win32_1.0.0.202411081344/tools/bin/../lib/gcc/arm-none-eabi/13.3.1/../../../../arm-none-eabi/lib/thumb/v6-m/nofp\libc_nano.a
LOAD C:/ST/STM32CubeIDE_1.18.0/STM32CubeIDE/plugins/com.st.stm32cube.ide.mcu.externaltools.gnu-tools-for-stm32.13.3.rel1.win32_1.0.0.202411081344/tools/bin/../lib/gcc/arm-none-eabi/13.3.1/../../../../arm-none-eabi/lib/thumb/v6-m/nofp\libm.a
END GROUP
START GROUP
LOAD C:/ST/STM32CubeIDE_1.18.0/STM32CubeIDE/plugins/com.st.stm32cube.ide.mcu.externaltools.gnu-tools-for-stm32.13.3.rel1.win32_1.0.0.202411081344/tools/bin/../lib/gcc/arm-none-eabi/13.3.1/thumb/v6-m/nofp\libgcc.a
LOAD C:/ST/STM32CubeIDE_1.18.0/STM32CubeIDE/plugins/com.st.stm32cube.ide.mcu.externaltools.gnu-tools-for-stm32.13.3.rel1.win32_1.0.0.202411081344/tools/bin/../lib/gcc/arm-none-eabi/13.3.1/../../../../arm-none-eabi/lib/thumb/v6-m/nofp\libc_nano.a
END GROUP
START GROUP
LOAD C:/ST/STM32CubeIDE_1.18.0/STM32CubeIDE/plugins/com.st.stm32cube.ide.mcu.externaltools.gnu-tools-for-stm32.13.3.rel1.win32_1.0.0.202411081344/tools/bin/../lib/gcc/arm-none-eabi/13.3.1/thumb/v6-m/nofp\libgcc.a
LOAD C:/ST/STM32CubeIDE_1.18.0/STM32CubeIDE/plugins/com.st.stm32cube.ide.mcu.externaltools.gnu-tools-for-stm32.13.3.rel1.win32_1.0.0.202411081344/tools/bin/../lib/gcc/arm-none-eabi/13.3.1/../../../../arm-none-eabi/lib/thumb/v6-m/nofp\libc_nano.a
LOAD C:/ST/STM32CubeIDE_1.18.0/STM32CubeIDE/plugins/com.st.stm32cube.ide.mcu.externaltools.gnu-tools-for-stm32.13.3.rel1.win32_1.0.0.202411081344/tools/bin/../lib/gcc/arm-none-eabi/13.3.1/../../../../arm-none-eabi/lib/thumb/v6-m/nofp\libnosys.a
END GROUP
START GROUP
LOAD C:/ST/STM32CubeIDE_1.18.0/STM32CubeIDE/plugins/com.st.stm32cube.ide.mcu.externaltools.gnu-tools-for-stm32.13.3.rel1.win32_1.0.0.202411081344/tools/bin/../lib/gcc/arm-none-eabi/13.3.1/thumb/v6-m/nofp\libgcc.a
LOAD C:/ST/STM32CubeIDE_1.18.0/STM32CubeIDE/plugins/com.st.stm32cube.ide.mcu.externaltools.gnu-tools-for-stm32.13.3.rel1.win32_1.0.0.202411081344/tools/bin/../lib/gcc/arm-none-eabi/13.3.1/../../../../arm-none-eabi/lib/thumb/v6-m/nofp\libc_nano.a
LOAD C:/ST/STM32CubeIDE_1.18.0/STM32CubeIDE/plugins/com.st.stm32cube.ide.mcu.externaltools.gnu-tools-for-stm32.13.3.rel1.win32_1.0.0.202411081344/tools/bin/../lib/gcc/arm-none-eabi/13.3.1/../../../../arm-none-eabi/lib/thumb/v6-m/nofp\libnosys.a
END GROUP
LOAD C:/ST/STM32CubeIDE_1.18.0/STM32CubeIDE/plugins/com.st.stm32cube.ide.mcu.externaltools.gnu-tools-for-stm32.13.3.rel1.win32_1.0.0.202411081344/tools/bin/../lib/gcc/arm-none-eabi/13.3.1/thumb/v6-m/nofp/crtend.o
LOAD C:/ST/STM32CubeIDE_1.18.0/STM32CubeIDE/plugins/com.st.stm32cube.ide.mcu.externaltools.gnu-tools-for-stm32.13.3.rel1.win32_1.0.0.202411081344/tools/bin/../lib/gcc/arm-none-eabi/13.3.1/thumb/v6-m/nofp/crtn.o
                0x20003000                        _estack = (ORIGIN (RAM) + LENGTH (RAM))
                0x00000200                        _Min_Heap_Size = 0x200
                0x00000400                        _Min_Stack_Size = 0x400

.isr_vector     0x08000000       0xc0
                0x08000000                        . = ALIGN (0x4)
 *(.isr_vector)
 .isr_vector    0x08000000       0xc0 ./Core/Startup/startup_stm32u031k6ux.o
                0x08000000                g_pfnVectors
                0x080000c0                        . = ALIGN (0x4)

.text           0x080000c0     0x53c8
                0x080000c0                        . = ALIGN (0x4)
 *(.text)
 .text          0x080000c0       0x48 C:/ST/STM32CubeIDE_1.18.0/STM32CubeIDE/plugins/com.st.stm32cube.ide.mcu.externaltools.gnu-tools-for-stm32.13.3.rel1.win32_1.0.0.202411081344/tools/bin/../lib/gcc/arm-none-eabi/13.3.1/thumb/v6-m/nofp/crtbegin.o
 .text          0x08000108      0x114 C:/ST/STM32CubeIDE_1.18.0/STM32CubeIDE/plugins/com.st.stm32cube.ide.mcu.externaltools.gnu-tools-for-stm32.13.3.rel1.win32_1.0.0.202411081344/tools/bin/../lib/gcc/arm-none-eabi/13.3.1/thumb/v6-m/nofp\libgcc.a(_udivsi3.o)
                0x08000108                __aeabi_uidiv
                0x08000108                __udivsi3
                0x08000214                __aeabi_uidivmod
 .text          0x0800021c      0x1d4 C:/ST/STM32CubeIDE_1.18.0/STM32CubeIDE/plugins/com.st.stm32cube.ide.mcu.externaltools.gnu-tools-for-stm32.13.3.rel1.win32_1.0.0.202411081344/tools/bin/../lib/gcc/arm-none-eabi/13.3.1/thumb/v6-m/nofp\libgcc.a(_divsi3.o)
                0x0800021c                __divsi3
                0x0800021c                __aeabi_idiv
                0x080003e8                __aeabi_idivmod
 .text          0x080003f0        0x4 C:/ST/STM32CubeIDE_1.18.0/STM32CubeIDE/plugins/com.st.stm32cube.ide.mcu.externaltools.gnu-tools-for-stm32.13.3.rel1.win32_1.0.0.202411081344/tools/bin/../lib/gcc/arm-none-eabi/13.3.1/thumb/v6-m/nofp\libgcc.a(_dvmd_tls.o)
                0x080003f0                __aeabi_idiv0
                0x080003f0                __aeabi_ldiv0
 .text          0x080003f4       0x3c C:/ST/STM32CubeIDE_1.18.0/STM32CubeIDE/plugins/com.st.stm32cube.ide.mcu.externaltools.gnu-tools-for-stm32.13.3.rel1.win32_1.0.0.202411081344/tools/bin/../lib/gcc/arm-none-eabi/13.3.1/thumb/v6-m/nofp\libgcc.a(_clzsi2.o)
                0x080003f4                __clzsi2
 .text          0x08000430       0x40 C:/ST/STM32CubeIDE_1.18.0/STM32CubeIDE/plugins/com.st.stm32cube.ide.mcu.externaltools.gnu-tools-for-stm32.13.3.rel1.win32_1.0.0.202411081344/tools/bin/../lib/gcc/arm-none-eabi/13.3.1/thumb/v6-m/nofp\libgcc.a(_aeabi_uldivmod.o)
                0x08000430                __aeabi_uldivmod
 .text          0x08000470      0x198 C:/ST/STM32CubeIDE_1.18.0/STM32CubeIDE/plugins/com.st.stm32cube.ide.mcu.externaltools.gnu-tools-for-stm32.13.3.rel1.win32_1.0.0.202411081344/tools/bin/../lib/gcc/arm-none-eabi/13.3.1/thumb/v6-m/nofp\libgcc.a(_udivmoddi4.o)
                0x08000470                __udivmoddi4
 .text          0x08000608       0x18 C:/ST/STM32CubeIDE_1.18.0/STM32CubeIDE/plugins/com.st.stm32cube.ide.mcu.externaltools.gnu-tools-for-stm32.13.3.rel1.win32_1.0.0.202411081344/tools/bin/../lib/gcc/arm-none-eabi/13.3.1/thumb/v6-m/nofp\libgcc.a(_clzdi2.o)
                0x08000608                __clzdi2
 *(.text*)
 .text.main     0x08000620       0x2e ./Core/Src/main.o
                0x08000620                main
 .text.SystemClock_Config
                0x0800064e       0x90 ./Core/Src/main.o
                0x0800064e                SystemClock_Config
 *fill*         0x080006de        0x2 
 .text.MX_LPUART2_UART_Init
                0x080006e0       0x98 ./Core/Src/main.o
 .text.MX_RTC_Init
                0x08000778       0x60 ./Core/Src/main.o
 .text.MX_SPI1_Init
                0x080007d8       0x7c ./Core/Src/main.o
 .text.MX_SPI2_Init
                0x08000854       0x7c ./Core/Src/main.o
 .text.MX_TIM2_Init
                0x080008d0       0xc0 ./Core/Src/main.o
 .text.MX_GPIO_Init
                0x08000990      0x148 ./Core/Src/main.o
 .text.Error_Handler
                0x08000ad8        0xc ./Core/Src/main.o
                0x08000ad8                Error_Handler
 .text.HAL_MspInit
                0x08000ae4       0x48 ./Core/Src/stm32u0xx_hal_msp.o
                0x08000ae4                HAL_MspInit
 .text.HAL_UART_MspInit
                0x08000b2c       0xc0 ./Core/Src/stm32u0xx_hal_msp.o
                0x08000b2c                HAL_UART_MspInit
 .text.HAL_RTC_MspInit
                0x08000bec       0x80 ./Core/Src/stm32u0xx_hal_msp.o
                0x08000bec                HAL_RTC_MspInit
 .text.HAL_SPI_MspInit
                0x08000c6c      0x10c ./Core/Src/stm32u0xx_hal_msp.o
                0x08000c6c                HAL_SPI_MspInit
 .text.HAL_TIM_PWM_MspInit
                0x08000d78       0x38 ./Core/Src/stm32u0xx_hal_msp.o
                0x08000d78                HAL_TIM_PWM_MspInit
 .text.HAL_TIM_MspPostInit
                0x08000db0       0x78 ./Core/Src/stm32u0xx_hal_msp.o
                0x08000db0                HAL_TIM_MspPostInit
 .text.NMI_Handler
                0x08000e28        0x8 ./Core/Src/stm32u0xx_it.o
                0x08000e28                NMI_Handler
 .text.HardFault_Handler
                0x08000e30        0x8 ./Core/Src/stm32u0xx_it.o
                0x08000e30                HardFault_Handler
 .text.SVC_Handler
                0x08000e38        0xa ./Core/Src/stm32u0xx_it.o
                0x08000e38                SVC_Handler
 .text.PendSV_Handler
                0x08000e42        0xa ./Core/Src/stm32u0xx_it.o
                0x08000e42                PendSV_Handler
 .text.SysTick_Handler
                0x08000e4c        0xe ./Core/Src/stm32u0xx_it.o
                0x08000e4c                SysTick_Handler
 .text.EXTI0_1_IRQHandler
                0x08000e5a       0x10 ./Core/Src/stm32u0xx_it.o
                0x08000e5a                EXTI0_1_IRQHandler
 *fill*         0x08000e6a        0x2 
 .text.SystemInit
                0x08000e6c       0x58 ./Core/Src/system_stm32u0xx.o
                0x08000e6c                SystemInit
 .text.Reset_Handler
                0x08000ec4       0x50 ./Core/Startup/startup_stm32u031k6ux.o
                0x08000ec4                Reset_Handler
 .text.Default_Handler
                0x08000f14        0x2 ./Core/Startup/startup_stm32u031k6ux.o
                0x08000f14                I2C2_3_IRQHandler
                0x08000f14                WWDG_IWDG_IRQHandler
                0x08000f14                TIM1_CC_IRQHandler
                0x08000f14                TSC_IRQHandler
                0x08000f14                ADC_COMP1_IRQHandler
                0x08000f14                I2C1_IRQHandler
                0x08000f14                TIM7_LPTIM2_IRQHandler
                0x08000f14                RCC_CRS_IRQHandler
                0x08000f14                RTC_TAMP_IRQHandler
                0x08000f14                DMA1_Ch4_7_DMAMUX_OVR_IRQHandler
                0x08000f14                SPI1_IRQHandler
                0x08000f14                EXTI2_3_IRQHandler
                0x08000f14                USART2_LPUART2_IRQHandler
                0x08000f14                USART4_IRQHandler
                0x08000f14                TIM16_IRQHandler
                0x08000f14                TIM3_IRQHandler
                0x08000f14                EXTI4_15_IRQHandler
                0x08000f14                DMA1_Channel1_IRQHandler
                0x08000f14                Default_Handler
                0x08000f14                TIM15_IRQHandler
                0x08000f14                PVD_PVM_IRQHandler
                0x08000f14                SPI2_IRQHandler
                0x08000f14                RNG_IRQHandler
                0x08000f14                TIM6_DAC_LPTIM1_IRQHandler
                0x08000f14                TIM2_IRQHandler
                0x08000f14                DMA1_Channel2_3_IRQHandler
                0x08000f14                FLASH_ECC_IRQHandler
                0x08000f14                USART3_LPUART1_IRQHandler
                0x08000f14                USART1_IRQHandler
                0x08000f14                TIM1_BRK_UP_TRG_COM_IRQHandler
 .text.HAL_Init
                0x08000f16       0x2e ./Drivers/STM32U0xx_HAL_Driver/Src/stm32u0xx_hal.o
                0x08000f16                HAL_Init
 .text.HAL_InitTick
                0x08000f44       0x94 ./Drivers/STM32U0xx_HAL_Driver/Src/stm32u0xx_hal.o
                0x08000f44                HAL_InitTick
 .text.HAL_IncTick
                0x08000fd8       0x20 ./Drivers/STM32U0xx_HAL_Driver/Src/stm32u0xx_hal.o
                0x08000fd8                HAL_IncTick
 .text.HAL_GetTick
                0x08000ff8       0x14 ./Drivers/STM32U0xx_HAL_Driver/Src/stm32u0xx_hal.o
                0x08000ff8                HAL_GetTick
 .text.HAL_Delay
                0x0800100c       0x44 ./Drivers/STM32U0xx_HAL_Driver/Src/stm32u0xx_hal.o
                0x0800100c                HAL_Delay
 .text.__NVIC_EnableIRQ
                0x08001050       0x34 ./Drivers/STM32U0xx_HAL_Driver/Src/stm32u0xx_hal_cortex.o
 .text.__NVIC_SetPriority
                0x08001084       0xdc ./Drivers/STM32U0xx_HAL_Driver/Src/stm32u0xx_hal_cortex.o
 .text.SysTick_Config
                0x08001160       0x48 ./Drivers/STM32U0xx_HAL_Driver/Src/stm32u0xx_hal_cortex.o
 .text.HAL_NVIC_SetPriority
                0x080011a8       0x2a ./Drivers/STM32U0xx_HAL_Driver/Src/stm32u0xx_hal_cortex.o
                0x080011a8                HAL_NVIC_SetPriority
 .text.HAL_NVIC_EnableIRQ
                0x080011d2       0x20 ./Drivers/STM32U0xx_HAL_Driver/Src/stm32u0xx_hal_cortex.o
                0x080011d2                HAL_NVIC_EnableIRQ
 .text.HAL_SYSTICK_Config
                0x080011f2       0x1a ./Drivers/STM32U0xx_HAL_Driver/Src/stm32u0xx_hal_cortex.o
                0x080011f2                HAL_SYSTICK_Config
 .text.HAL_GPIO_Init
                0x0800120c      0x2d8 ./Drivers/STM32U0xx_HAL_Driver/Src/stm32u0xx_hal_gpio.o
                0x0800120c                HAL_GPIO_Init
 .text.HAL_GPIO_WritePin
                0x080014e4       0x3a ./Drivers/STM32U0xx_HAL_Driver/Src/stm32u0xx_hal_gpio.o
                0x080014e4                HAL_GPIO_WritePin
 *fill*         0x0800151e        0x2 
 .text.HAL_GPIO_EXTI_IRQHandler
                0x08001520       0x54 ./Drivers/STM32U0xx_HAL_Driver/Src/stm32u0xx_hal_gpio.o
                0x08001520                HAL_GPIO_EXTI_IRQHandler
 .text.HAL_GPIO_EXTI_Rising_Callback
                0x08001574       0x14 ./Drivers/STM32U0xx_HAL_Driver/Src/stm32u0xx_hal_gpio.o
                0x08001574                HAL_GPIO_EXTI_Rising_Callback
 .text.HAL_GPIO_EXTI_Falling_Callback
                0x08001588       0x14 ./Drivers/STM32U0xx_HAL_Driver/Src/stm32u0xx_hal_gpio.o
                0x08001588                HAL_GPIO_EXTI_Falling_Callback
 .text.HAL_PWR_EnableWakeUpPin
                0x0800159c       0x40 ./Drivers/STM32U0xx_HAL_Driver/Src/stm32u0xx_hal_pwr.o
                0x0800159c                HAL_PWR_EnableWakeUpPin
 .text.HAL_PWR_EnterSTOPMode
                0x080015dc       0x6c ./Drivers/STM32U0xx_HAL_Driver/Src/stm32u0xx_hal_pwr.o
                0x080015dc                HAL_PWR_EnterSTOPMode
 .text.HAL_PWREx_ControlVoltageScaling
                0x08001648       0xc0 ./Drivers/STM32U0xx_HAL_Driver/Src/stm32u0xx_hal_pwr_ex.o
                0x08001648                HAL_PWREx_ControlVoltageScaling
 .text.HAL_PWREx_GetVoltageRange
                0x08001708       0x18 ./Drivers/STM32U0xx_HAL_Driver/Src/stm32u0xx_hal_pwr_ex.o
                0x08001708                HAL_PWREx_GetVoltageRange
 .text.HAL_RCC_OscConfig
                0x08001720      0x7cc ./Drivers/STM32U0xx_HAL_Driver/Src/stm32u0xx_hal_rcc.o
                0x08001720                HAL_RCC_OscConfig
 .text.HAL_RCC_ClockConfig
                0x08001eec      0x1d8 ./Drivers/STM32U0xx_HAL_Driver/Src/stm32u0xx_hal_rcc.o
                0x08001eec                HAL_RCC_ClockConfig
 .text.HAL_RCC_GetSysClockFreq
                0x080020c4      0x138 ./Drivers/STM32U0xx_HAL_Driver/Src/stm32u0xx_hal_rcc.o
                0x080020c4                HAL_RCC_GetSysClockFreq
 .text.HAL_RCC_GetHCLKFreq
                0x080021fc       0x14 ./Drivers/STM32U0xx_HAL_Driver/Src/stm32u0xx_hal_rcc.o
                0x080021fc                HAL_RCC_GetHCLKFreq
 .text.HAL_RCC_GetPCLK1Freq
                0x08002210       0x30 ./Drivers/STM32U0xx_HAL_Driver/Src/stm32u0xx_hal_rcc.o
                0x08002210                HAL_RCC_GetPCLK1Freq
 .text.RCC_SetFlashLatencyFromMSIRange
                0x08002240       0xd8 ./Drivers/STM32U0xx_HAL_Driver/Src/stm32u0xx_hal_rcc.o
 .text.HAL_RCCEx_PeriphCLKConfig
                0x08002318      0x3c8 ./Drivers/STM32U0xx_HAL_Driver/Src/stm32u0xx_hal_rcc_ex.o
                0x08002318                HAL_RCCEx_PeriphCLKConfig
 .text.HAL_RCCEx_GetPeriphCLKFreq
                0x080026e0      0x850 ./Drivers/STM32U0xx_HAL_Driver/Src/stm32u0xx_hal_rcc_ex.o
                0x080026e0                HAL_RCCEx_GetPeriphCLKFreq
 .text.HAL_RCCEx_GetPLLClockFreq
                0x08002f30      0x17c ./Drivers/STM32U0xx_HAL_Driver/Src/stm32u0xx_hal_rcc_ex.o
                0x08002f30                HAL_RCCEx_GetPLLClockFreq
 .text.HAL_RTC_Init
                0x080030ac      0x14c ./Drivers/STM32U0xx_HAL_Driver/Src/stm32u0xx_hal_rtc.o
                0x080030ac                HAL_RTC_Init
 .text.HAL_RTC_WaitForSynchro
                0x080031f8       0x4c ./Drivers/STM32U0xx_HAL_Driver/Src/stm32u0xx_hal_rtc.o
                0x080031f8                HAL_RTC_WaitForSynchro
 .text.RTC_EnterInitMode
                0x08003244       0x58 ./Drivers/STM32U0xx_HAL_Driver/Src/stm32u0xx_hal_rtc.o
                0x08003244                RTC_EnterInitMode
 .text.HAL_SPI_Init
                0x0800329c      0x15c ./Drivers/STM32U0xx_HAL_Driver/Src/stm32u0xx_hal_spi.o
                0x0800329c                HAL_SPI_Init
 .text.HAL_SPI_TransmitReceive
                0x080033f8      0x3c4 ./Drivers/STM32U0xx_HAL_Driver/Src/stm32u0xx_hal_spi.o
                0x080033f8                HAL_SPI_TransmitReceive
 .text.SPI_WaitFlagStateUntilTimeout
                0x080037bc      0x11c ./Drivers/STM32U0xx_HAL_Driver/Src/stm32u0xx_hal_spi.o
 .text.SPI_WaitFifoStateUntilTimeout
                0x080038d8      0x144 ./Drivers/STM32U0xx_HAL_Driver/Src/stm32u0xx_hal_spi.o
 .text.SPI_EndRxTxTransaction
                0x08003a1c       0x8c ./Drivers/STM32U0xx_HAL_Driver/Src/stm32u0xx_hal_spi.o
 .text.HAL_TIM_PWM_Init
                0x08003aa8       0xb0 ./Drivers/STM32U0xx_HAL_Driver/Src/stm32u0xx_hal_tim.o
                0x08003aa8                HAL_TIM_PWM_Init
 .text.HAL_TIM_PWM_Start
                0x08003b58      0x1c4 ./Drivers/STM32U0xx_HAL_Driver/Src/stm32u0xx_hal_tim.o
                0x08003b58                HAL_TIM_PWM_Start
 .text.HAL_TIM_PWM_ConfigChannel
                0x08003d1c      0x200 ./Drivers/STM32U0xx_HAL_Driver/Src/stm32u0xx_hal_tim.o
                0x08003d1c                HAL_TIM_PWM_ConfigChannel
 .text.TIM_Base_SetConfig
                0x08003f1c       0xfc ./Drivers/STM32U0xx_HAL_Driver/Src/stm32u0xx_hal_tim.o
                0x08003f1c                TIM_Base_SetConfig
 .text.TIM_OC1_SetConfig
                0x08004018      0x100 ./Drivers/STM32U0xx_HAL_Driver/Src/stm32u0xx_hal_tim.o
 .text.TIM_OC2_SetConfig
                0x08004118       0xfc ./Drivers/STM32U0xx_HAL_Driver/Src/stm32u0xx_hal_tim.o
                0x08004118                TIM_OC2_SetConfig
 .text.TIM_OC3_SetConfig
                0x08004214      0x104 ./Drivers/STM32U0xx_HAL_Driver/Src/stm32u0xx_hal_tim.o
 .text.TIM_OC4_SetConfig
                0x08004318       0xc8 ./Drivers/STM32U0xx_HAL_Driver/Src/stm32u0xx_hal_tim.o
 .text.TIM_OC5_SetConfig
                0x080043e0       0xb4 ./Drivers/STM32U0xx_HAL_Driver/Src/stm32u0xx_hal_tim.o
 .text.TIM_OC6_SetConfig
                0x08004494       0xbc ./Drivers/STM32U0xx_HAL_Driver/Src/stm32u0xx_hal_tim.o
 .text.TIM_CCxChannelCmd
                0x08004550       0x46 ./Drivers/STM32U0xx_HAL_Driver/Src/stm32u0xx_hal_tim.o
                0x08004550                TIM_CCxChannelCmd
 *fill*         0x08004596        0x2 
 .text.HAL_TIMEx_MasterConfigSynchronization
                0x08004598       0xdc ./Drivers/STM32U0xx_HAL_Driver/Src/stm32u0xx_hal_tim_ex.o
                0x08004598                HAL_TIMEx_MasterConfigSynchronization
 .text.HAL_UART_Init
                0x08004674       0xac ./Drivers/STM32U0xx_HAL_Driver/Src/stm32u0xx_hal_uart.o
                0x08004674                HAL_UART_Init
 .text.UART_SetConfig
                0x08004720      0x374 ./Drivers/STM32U0xx_HAL_Driver/Src/stm32u0xx_hal_uart.o
                0x08004720                UART_SetConfig
 .text.UART_AdvFeatureConfig
                0x08004a94      0x168 ./Drivers/STM32U0xx_HAL_Driver/Src/stm32u0xx_hal_uart.o
                0x08004a94                UART_AdvFeatureConfig
 .text.UART_CheckIdleState
                0x08004bfc      0x154 ./Drivers/STM32U0xx_HAL_Driver/Src/stm32u0xx_hal_uart.o
                0x08004bfc                UART_CheckIdleState
 .text.UART_WaitOnFlagUntilTimeout
                0x08004d50       0xde ./Drivers/STM32U0xx_HAL_Driver/Src/stm32u0xx_hal_uart.o
                0x08004d50                UART_WaitOnFlagUntilTimeout
 *fill*         0x08004e2e        0x2 
 .text.UART_EndRxTransfer
                0x08004e30       0xcc ./Drivers/STM32U0xx_HAL_Driver/Src/stm32u0xx_hal_uart.o
 .text.HAL_UARTEx_DisableFifoMode
                0x08004efc       0x74 ./Drivers/STM32U0xx_HAL_Driver/Src/stm32u0xx_hal_uart_ex.o
                0x08004efc                HAL_UARTEx_DisableFifoMode
 .text.HAL_UARTEx_SetTxFifoThreshold
                0x08004f70       0x7e ./Drivers/STM32U0xx_HAL_Driver/Src/stm32u0xx_hal_uart_ex.o
                0x08004f70                HAL_UARTEx_SetTxFifoThreshold
 *fill*         0x08004fee        0x2 
 .text.HAL_UARTEx_SetRxFifoThreshold
                0x08004ff0       0x84 ./Drivers/STM32U0xx_HAL_Driver/Src/stm32u0xx_hal_uart_ex.o
                0x08004ff0                HAL_UARTEx_SetRxFifoThreshold
 .text.UARTEx_SetNbDataToProcess
                0x08005074       0xbc ./Drivers/STM32U0xx_HAL_Driver/Src/stm32u0xx_hal_uart_ex.o
 .text.app_init
                0x08005130       0x18 ./app/app.o
                0x08005130                app_init
 .text.app_loop
                0x08005148       0x16 ./app/app.o
                0x08005148                app_loop
 .text.hw_delay_ms
                0x0800515e       0x18 ./app/hw.o
                0x0800515e                hw_delay_ms
 *fill*         0x08005176        0x2 
 .text.hw_servo_init
                0x08005178       0x18 ./app/hw.o
                0x08005178                hw_servo_init
 .text.hw_servo_set_position
                0x08005190       0x54 ./app/hw.o
                0x08005190                hw_servo_set_position
 .text.hw_cpu_stop
                0x080051e4       0x20 ./app/hw.o
                0x080051e4                hw_cpu_stop
 .text.SPI1SendByte
                0x08005204       0x38 ./app/rfid.o
                0x08005204                SPI1SendByte
 .text.SPI1_WriteReg
                0x0800523c       0x4a ./app/rfid.o
                0x0800523c                SPI1_WriteReg
 .text.SPI1_ReadReg
                0x08005286       0x4c ./app/rfid.o
                0x08005286                SPI1_ReadReg
 .text.MFRC522_WriteRegister
                0x080052d2       0x3a ./app/rfid.o
                0x080052d2                MFRC522_WriteRegister
 .text.MFRC522_ReadRegister
                0x0800530c       0x46 ./app/rfid.o
                0x0800530c                MFRC522_ReadRegister
 .text.MFRC522_SetBitMask
                0x08005352       0x3c ./app/rfid.o
                0x08005352                MFRC522_SetBitMask
 .text.MFRC522_Init
                0x0800538e       0x4a ./app/rfid.o
                0x0800538e                MFRC522_Init
 .text.MFRC522_Reset
                0x080053d8       0x12 ./app/rfid.o
                0x080053d8                MFRC522_Reset
 .text.MFRC522_AntennaOn
                0x080053ea       0x2c ./app/rfid.o
                0x080053ea                MFRC522_AntennaOn
 .text.memset   0x08005416       0x10 C:/ST/STM32CubeIDE_1.18.0/STM32CubeIDE/plugins/com.st.stm32cube.ide.mcu.externaltools.gnu-tools-for-stm32.13.3.rel1.win32_1.0.0.202411081344/tools/bin/../lib/gcc/arm-none-eabi/13.3.1/../../../../arm-none-eabi/lib/thumb/v6-m/nofp\libc_nano.a(libc_a-memset.o)
                0x08005416                memset
 *fill*         0x08005426        0x2 
 .text.__libc_init_array
                0x08005428       0x48 C:/ST/STM32CubeIDE_1.18.0/STM32CubeIDE/plugins/com.st.stm32cube.ide.mcu.externaltools.gnu-tools-for-stm32.13.3.rel1.win32_1.0.0.202411081344/tools/bin/../lib/gcc/arm-none-eabi/13.3.1/../../../../arm-none-eabi/lib/thumb/v6-m/nofp\libc_nano.a(libc_a-init.o)
                0x08005428                __libc_init_array
 *(.glue_7)
 .glue_7        0x08005470        0x0 linker stubs
 *(.glue_7t)
 .glue_7t       0x08005470        0x0 linker stubs
 *(.eh_frame)
 .eh_frame      0x08005470        0x0 C:/ST/STM32CubeIDE_1.18.0/STM32CubeIDE/plugins/com.st.stm32cube.ide.mcu.externaltools.gnu-tools-for-stm32.13.3.rel1.win32_1.0.0.202411081344/tools/bin/../lib/gcc/arm-none-eabi/13.3.1/thumb/v6-m/nofp/crtbegin.o
 *(.init)
 .init          0x08005470        0x4 C:/ST/STM32CubeIDE_1.18.0/STM32CubeIDE/plugins/com.st.stm32cube.ide.mcu.externaltools.gnu-tools-for-stm32.13.3.rel1.win32_1.0.0.202411081344/tools/bin/../lib/gcc/arm-none-eabi/13.3.1/thumb/v6-m/nofp/crti.o
                0x08005470                _init
 .init          0x08005474        0x8 C:/ST/STM32CubeIDE_1.18.0/STM32CubeIDE/plugins/com.st.stm32cube.ide.mcu.externaltools.gnu-tools-for-stm32.13.3.rel1.win32_1.0.0.202411081344/tools/bin/../lib/gcc/arm-none-eabi/13.3.1/thumb/v6-m/nofp/crtn.o
 *(.fini)
 .fini          0x0800547c        0x4 C:/ST/STM32CubeIDE_1.18.0/STM32CubeIDE/plugins/com.st.stm32cube.ide.mcu.externaltools.gnu-tools-for-stm32.13.3.rel1.win32_1.0.0.202411081344/tools/bin/../lib/gcc/arm-none-eabi/13.3.1/thumb/v6-m/nofp/crti.o
                0x0800547c                _fini
 .fini          0x08005480        0x8 C:/ST/STM32CubeIDE_1.18.0/STM32CubeIDE/plugins/com.st.stm32cube.ide.mcu.externaltools.gnu-tools-for-stm32.13.3.rel1.win32_1.0.0.202411081344/tools/bin/../lib/gcc/arm-none-eabi/13.3.1/thumb/v6-m/nofp/crtn.o
                0x08005488                        . = ALIGN (0x4)
                0x08005488                        _etext = .

.vfp11_veneer   0x08005488        0x0
 .vfp11_veneer  0x08005488        0x0 linker stubs

.v4_bx          0x08005488        0x0
 .v4_bx         0x08005488        0x0 linker stubs

.iplt           0x08005488        0x0
 .iplt          0x08005488        0x0 C:/ST/STM32CubeIDE_1.18.0/STM32CubeIDE/plugins/com.st.stm32cube.ide.mcu.externaltools.gnu-tools-for-stm32.13.3.rel1.win32_1.0.0.202411081344/tools/bin/../lib/gcc/arm-none-eabi/13.3.1/thumb/v6-m/nofp/crtbegin.o

.rodata         0x08005488      0x148
                0x08005488                        . = ALIGN (0x4)
 *(.rodata)
 *(.rodata*)
 .rodata.AHBPrescTable
                0x08005488       0x10 ./Core/Src/system_stm32u0xx.o
                0x08005488                AHBPrescTable
 .rodata.APBPrescTable
                0x08005498        0x8 ./Core/Src/system_stm32u0xx.o
                0x08005498                APBPrescTable
 .rodata.MSIRangeTable
                0x080054a0       0x30 ./Core/Src/system_stm32u0xx.o
                0x080054a0                MSIRangeTable
 .rodata.HAL_RCCEx_GetPeriphCLKFreq
                0x080054d0       0x84 ./Drivers/STM32U0xx_HAL_Driver/Src/stm32u0xx_hal_rcc_ex.o
 .rodata.HAL_TIM_PWM_ConfigChannel
                0x08005554       0x54 ./Drivers/STM32U0xx_HAL_Driver/Src/stm32u0xx_hal_tim.o
 .rodata.UARTPrescTable
                0x080055a8       0x18 ./Drivers/STM32U0xx_HAL_Driver/Src/stm32u0xx_hal_uart.o
                0x080055a8                UARTPrescTable
 .rodata.numerator.1
                0x080055c0        0x8 ./Drivers/STM32U0xx_HAL_Driver/Src/stm32u0xx_hal_uart_ex.o
 .rodata.denominator.0
                0x080055c8        0x8 ./Drivers/STM32U0xx_HAL_Driver/Src/stm32u0xx_hal_uart_ex.o
                0x080055d0                        . = ALIGN (0x4)

.ARM.extab      0x080055d0        0x0
                0x080055d0                        . = ALIGN (0x4)
 *(.ARM.extab* .gnu.linkonce.armextab.*)
                0x080055d0                        . = ALIGN (0x4)

.ARM            0x080055d0        0x8
                0x080055d0                        . = ALIGN (0x4)
                0x080055d0                        __exidx_start = .
 *(.ARM.exidx*)
 .ARM.exidx     0x080055d0        0x8 C:/ST/STM32CubeIDE_1.18.0/STM32CubeIDE/plugins/com.st.stm32cube.ide.mcu.externaltools.gnu-tools-for-stm32.13.3.rel1.win32_1.0.0.202411081344/tools/bin/../lib/gcc/arm-none-eabi/13.3.1/thumb/v6-m/nofp\libgcc.a(_udivmoddi4.o)
                0x080055d8                        __exidx_end = .
                0x080055d8                        . = ALIGN (0x4)

.preinit_array  0x080055d8        0x0
                0x080055d8                        . = ALIGN (0x4)
                0x080055d8                        PROVIDE (__preinit_array_start = .)
 *(.preinit_array*)
                0x080055d8                        PROVIDE (__preinit_array_end = .)
                0x080055d8                        . = ALIGN (0x4)

.init_array     0x080055d8        0x4
                0x080055d8                        . = ALIGN (0x4)
                0x080055d8                        PROVIDE (__init_array_start = .)
 *(SORT_BY_NAME(.init_array.*))
 *(.init_array*)
 .init_array    0x080055d8        0x4 C:/ST/STM32CubeIDE_1.18.0/STM32CubeIDE/plugins/com.st.stm32cube.ide.mcu.externaltools.gnu-tools-for-stm32.13.3.rel1.win32_1.0.0.202411081344/tools/bin/../lib/gcc/arm-none-eabi/13.3.1/thumb/v6-m/nofp/crtbegin.o
                0x080055dc                        PROVIDE (__init_array_end = .)
                0x080055dc                        . = ALIGN (0x4)

.fini_array     0x080055dc        0x4
                0x080055dc                        . = ALIGN (0x4)
                [!provide]                        PROVIDE (__fini_array_start = .)
 *(SORT_BY_NAME(.fini_array.*))
 *(.fini_array*)
 .fini_array    0x080055dc        0x4 C:/ST/STM32CubeIDE_1.18.0/STM32CubeIDE/plugins/com.st.stm32cube.ide.mcu.externaltools.gnu-tools-for-stm32.13.3.rel1.win32_1.0.0.202411081344/tools/bin/../lib/gcc/arm-none-eabi/13.3.1/thumb/v6-m/nofp/crtbegin.o
                [!provide]                        PROVIDE (__fini_array_end = .)
                0x080055e0                        . = ALIGN (0x4)
                0x080055e0                        _sidata = LOADADDR (.data)

.rel.dyn        0x080055e0        0x0
 .rel.iplt      0x080055e0        0x0 C:/ST/STM32CubeIDE_1.18.0/STM32CubeIDE/plugins/com.st.stm32cube.ide.mcu.externaltools.gnu-tools-for-stm32.13.3.rel1.win32_1.0.0.202411081344/tools/bin/../lib/gcc/arm-none-eabi/13.3.1/thumb/v6-m/nofp/crtbegin.o

.data           0x20000000        0xc load address 0x080055e0
                0x20000000                        . = ALIGN (0x4)
                0x20000000                        _sdata = .
 *(.data)
 *(.data*)
 .data.SystemCoreClock
                0x20000000        0x4 ./Core/Src/system_stm32u0xx.o
                0x20000000                SystemCoreClock
 .data.uwTickPrio
                0x20000004        0x4 ./Drivers/STM32U0xx_HAL_Driver/Src/stm32u0xx_hal.o
                0x20000004                uwTickPrio
 .data.uwTickFreq
                0x20000008        0x4 ./Drivers/STM32U0xx_HAL_Driver/Src/stm32u0xx_hal.o
                0x20000008                uwTickFreq
 *(.RamFunc)
 *(.RamFunc*)
                0x2000000c                        . = ALIGN (0x4)
                0x2000000c                        _edata = .

.igot.plt       0x2000000c        0x0 load address 0x080055ec
 .igot.plt      0x2000000c        0x0 C:/ST/STM32CubeIDE_1.18.0/STM32CubeIDE/plugins/com.st.stm32cube.ide.mcu.externaltools.gnu-tools-for-stm32.13.3.rel1.win32_1.0.0.202411081344/tools/bin/../lib/gcc/arm-none-eabi/13.3.1/thumb/v6-m/nofp/crtbegin.o
                0x2000000c                        . = ALIGN (0x4)

.bss            0x2000000c      0x1f8 load address 0x080055ec
                0x2000000c                        _sbss = .
                0x2000000c                        __bss_start__ = _sbss
 *(.bss)
 .bss           0x2000000c       0x1c C:/ST/STM32CubeIDE_1.18.0/STM32CubeIDE/plugins/com.st.stm32cube.ide.mcu.externaltools.gnu-tools-for-stm32.13.3.rel1.win32_1.0.0.202411081344/tools/bin/../lib/gcc/arm-none-eabi/13.3.1/thumb/v6-m/nofp/crtbegin.o
 *(.bss*)
 .bss.hlpuart2  0x20000028       0x94 ./Core/Src/main.o
                0x20000028                hlpuart2
 .bss.hrtc      0x200000bc       0x30 ./Core/Src/main.o
                0x200000bc                hrtc
 .bss.hspi1     0x200000ec       0x64 ./Core/Src/main.o
                0x200000ec                hspi1
 .bss.hspi2     0x20000150       0x64 ./Core/Src/main.o
                0x20000150                hspi2
 .bss.htim2     0x200001b4       0x4c ./Core/Src/main.o
                0x200001b4                htim2
 .bss.uwTick    0x20000200        0x4 ./Drivers/STM32U0xx_HAL_Driver/Src/stm32u0xx_hal.o
                0x20000200                uwTick
 *(COMMON)
                0x20000204                        . = ALIGN (0x4)
                0x20000204                        _ebss = .
                0x20000204                        __bss_end__ = _ebss

._user_heap_stack
                0x20000204      0x604 load address 0x080055ec
                0x20000208                        . = ALIGN (0x8)
 *fill*         0x20000204        0x4 
                [!provide]                        PROVIDE (end = .)
                0x20000208                        PROVIDE (_end = .)
                0x20000408                        . = (. + _Min_Heap_Size)
 *fill*         0x20000208      0x200 
                0x20000808                        . = (. + _Min_Stack_Size)
 *fill*         0x20000408      0x400 
                0x20000808                        . = ALIGN (0x8)

/DISCARD/
 libc.a(*)
 libm.a(*)
 libgcc.a(*)

.ARM.attributes
                0x00000000       0x28
 *(.ARM.attributes)
 .ARM.attributes
                0x00000000       0x1e C:/ST/STM32CubeIDE_1.18.0/STM32CubeIDE/plugins/com.st.stm32cube.ide.mcu.externaltools.gnu-tools-for-stm32.13.3.rel1.win32_1.0.0.202411081344/tools/bin/../lib/gcc/arm-none-eabi/13.3.1/thumb/v6-m/nofp/crti.o
 .ARM.attributes
                0x0000001e       0x2c C:/ST/STM32CubeIDE_1.18.0/STM32CubeIDE/plugins/com.st.stm32cube.ide.mcu.externaltools.gnu-tools-for-stm32.13.3.rel1.win32_1.0.0.202411081344/tools/bin/../lib/gcc/arm-none-eabi/13.3.1/thumb/v6-m/nofp/crtbegin.o
 .ARM.attributes
                0x0000004a       0x2c ./Core/Src/main.o
 .ARM.attributes
                0x00000076       0x2c ./Core/Src/stm32u0xx_hal_msp.o
 .ARM.attributes
                0x000000a2       0x2c ./Core/Src/stm32u0xx_it.o
 .ARM.attributes
                0x000000ce       0x2c ./Core/Src/system_stm32u0xx.o
 .ARM.attributes
                0x000000fa       0x22 ./Core/Startup/startup_stm32u031k6ux.o
 .ARM.attributes
                0x0000011c       0x2c ./Drivers/STM32U0xx_HAL_Driver/Src/stm32u0xx_hal.o
 .ARM.attributes
                0x00000148       0x2c ./Drivers/STM32U0xx_HAL_Driver/Src/stm32u0xx_hal_cortex.o
 .ARM.attributes
                0x00000174       0x2c ./Drivers/STM32U0xx_HAL_Driver/Src/stm32u0xx_hal_gpio.o
 .ARM.attributes
                0x000001a0       0x2c ./Drivers/STM32U0xx_HAL_Driver/Src/stm32u0xx_hal_pwr.o
 .ARM.attributes
                0x000001cc       0x2c ./Drivers/STM32U0xx_HAL_Driver/Src/stm32u0xx_hal_pwr_ex.o
 .ARM.attributes
                0x000001f8       0x2c ./Drivers/STM32U0xx_HAL_Driver/Src/stm32u0xx_hal_rcc.o
 .ARM.attributes
                0x00000224       0x2c ./Drivers/STM32U0xx_HAL_Driver/Src/stm32u0xx_hal_rcc_ex.o
 .ARM.attributes
                0x00000250       0x2c ./Drivers/STM32U0xx_HAL_Driver/Src/stm32u0xx_hal_rtc.o
 .ARM.attributes
                0x0000027c       0x2c ./Drivers/STM32U0xx_HAL_Driver/Src/stm32u0xx_hal_spi.o
 .ARM.attributes
                0x000002a8       0x2c ./Drivers/STM32U0xx_HAL_Driver/Src/stm32u0xx_hal_tim.o
 .ARM.attributes
                0x000002d4       0x2c ./Drivers/STM32U0xx_HAL_Driver/Src/stm32u0xx_hal_tim_ex.o
 .ARM.attributes
                0x00000300       0x2c ./Drivers/STM32U0xx_HAL_Driver/Src/stm32u0xx_hal_uart.o
 .ARM.attributes
                0x0000032c       0x2c ./Drivers/STM32U0xx_HAL_Driver/Src/stm32u0xx_hal_uart_ex.o
 .ARM.attributes
                0x00000358       0x2c ./app/app.o
 .ARM.attributes
                0x00000384       0x2c ./app/hw.o
 .ARM.attributes
                0x000003b0       0x2c ./app/rfid.o
 .ARM.attributes
                0x000003dc       0x2c C:/ST/STM32CubeIDE_1.18.0/STM32CubeIDE/plugins/com.st.stm32cube.ide.mcu.externaltools.gnu-tools-for-stm32.13.3.rel1.win32_1.0.0.202411081344/tools/bin/../lib/gcc/arm-none-eabi/13.3.1/../../../../arm-none-eabi/lib/thumb/v6-m/nofp\libc_nano.a(libc_a-memset.o)
 .ARM.attributes
                0x00000408       0x2c C:/ST/STM32CubeIDE_1.18.0/STM32CubeIDE/plugins/com.st.stm32cube.ide.mcu.externaltools.gnu-tools-for-stm32.13.3.rel1.win32_1.0.0.202411081344/tools/bin/../lib/gcc/arm-none-eabi/13.3.1/../../../../arm-none-eabi/lib/thumb/v6-m/nofp\libc_nano.a(libc_a-init.o)
 .ARM.attributes
                0x00000434       0x1e C:/ST/STM32CubeIDE_1.18.0/STM32CubeIDE/plugins/com.st.stm32cube.ide.mcu.externaltools.gnu-tools-for-stm32.13.3.rel1.win32_1.0.0.202411081344/tools/bin/../lib/gcc/arm-none-eabi/13.3.1/thumb/v6-m/nofp\libgcc.a(_udivsi3.o)
 .ARM.attributes
                0x00000452       0x1e C:/ST/STM32CubeIDE_1.18.0/STM32CubeIDE/plugins/com.st.stm32cube.ide.mcu.externaltools.gnu-tools-for-stm32.13.3.rel1.win32_1.0.0.202411081344/tools/bin/../lib/gcc/arm-none-eabi/13.3.1/thumb/v6-m/nofp\libgcc.a(_divsi3.o)
 .ARM.attributes
                0x00000470       0x1e C:/ST/STM32CubeIDE_1.18.0/STM32CubeIDE/plugins/com.st.stm32cube.ide.mcu.externaltools.gnu-tools-for-stm32.13.3.rel1.win32_1.0.0.202411081344/tools/bin/../lib/gcc/arm-none-eabi/13.3.1/thumb/v6-m/nofp\libgcc.a(_dvmd_tls.o)
 .ARM.attributes
                0x0000048e       0x1e C:/ST/STM32CubeIDE_1.18.0/STM32CubeIDE/plugins/com.st.stm32cube.ide.mcu.externaltools.gnu-tools-for-stm32.13.3.rel1.win32_1.0.0.202411081344/tools/bin/../lib/gcc/arm-none-eabi/13.3.1/thumb/v6-m/nofp\libgcc.a(_clzsi2.o)
 .ARM.attributes
                0x000004ac       0x1e C:/ST/STM32CubeIDE_1.18.0/STM32CubeIDE/plugins/com.st.stm32cube.ide.mcu.externaltools.gnu-tools-for-stm32.13.3.rel1.win32_1.0.0.202411081344/tools/bin/../lib/gcc/arm-none-eabi/13.3.1/thumb/v6-m/nofp\libgcc.a(_aeabi_uldivmod.o)
 .ARM.attributes
                0x000004ca       0x2c C:/ST/STM32CubeIDE_1.18.0/STM32CubeIDE/plugins/com.st.stm32cube.ide.mcu.externaltools.gnu-tools-for-stm32.13.3.rel1.win32_1.0.0.202411081344/tools/bin/../lib/gcc/arm-none-eabi/13.3.1/thumb/v6-m/nofp\libgcc.a(_udivmoddi4.o)
 .ARM.attributes
                0x000004f6       0x1e C:/ST/STM32CubeIDE_1.18.0/STM32CubeIDE/plugins/com.st.stm32cube.ide.mcu.externaltools.gnu-tools-for-stm32.13.3.rel1.win32_1.0.0.202411081344/tools/bin/../lib/gcc/arm-none-eabi/13.3.1/thumb/v6-m/nofp\libgcc.a(_clzdi2.o)
 .ARM.attributes
                0x00000514       0x1e C:/ST/STM32CubeIDE_1.18.0/STM32CubeIDE/plugins/com.st.stm32cube.ide.mcu.externaltools.gnu-tools-for-stm32.13.3.rel1.win32_1.0.0.202411081344/tools/bin/../lib/gcc/arm-none-eabi/13.3.1/thumb/v6-m/nofp/crtn.o
OUTPUT(rfid_semb.elf elf32-littlearm)
LOAD linker stubs
LOAD C:/ST/STM32CubeIDE_1.18.0/STM32CubeIDE/plugins/com.st.stm32cube.ide.mcu.externaltools.gnu-tools-for-stm32.13.3.rel1.win32_1.0.0.202411081344/tools/bin/../lib/gcc/arm-none-eabi/13.3.1/../../../../arm-none-eabi/lib/thumb/v6-m/nofp\libc.a
LOAD C:/ST/STM32CubeIDE_1.18.0/STM32CubeIDE/plugins/com.st.stm32cube.ide.mcu.externaltools.gnu-tools-for-stm32.13.3.rel1.win32_1.0.0.202411081344/tools/bin/../lib/gcc/arm-none-eabi/13.3.1/../../../../arm-none-eabi/lib/thumb/v6-m/nofp\libm.a
LOAD C:/ST/STM32CubeIDE_1.18.0/STM32CubeIDE/plugins/com.st.stm32cube.ide.mcu.externaltools.gnu-tools-for-stm32.13.3.rel1.win32_1.0.0.202411081344/tools/bin/../lib/gcc/arm-none-eabi/13.3.1/thumb/v6-m/nofp\libgcc.a

.debug_info     0x00000000    0x1555a
 .debug_info    0x00000000     0x1a4b ./Core/Src/main.o
 .debug_info    0x00001a4b     0x1798 ./Core/Src/stm32u0xx_hal_msp.o
 .debug_info    0x000031e3      0x150 ./Core/Src/stm32u0xx_it.o
 .debug_info    0x00003333      0x66c ./Core/Src/system_stm32u0xx.o
 .debug_info    0x0000399f       0x30 ./Core/Startup/startup_stm32u031k6ux.o
 .debug_info    0x000039cf      0x978 ./Drivers/STM32U0xx_HAL_Driver/Src/stm32u0xx_hal.o
 .debug_info    0x00004347      0x8e3 ./Drivers/STM32U0xx_HAL_Driver/Src/stm32u0xx_hal_cortex.o
 .debug_info    0x00004c2a      0x590 ./Drivers/STM32U0xx_HAL_Driver/Src/stm32u0xx_hal_gpio.o
 .debug_info    0x000051ba      0x7fd ./Drivers/STM32U0xx_HAL_Driver/Src/stm32u0xx_hal_pwr.o
 .debug_info    0x000059b7      0x7ed ./Drivers/STM32U0xx_HAL_Driver/Src/stm32u0xx_hal_pwr_ex.o
 .debug_info    0x000061a4      0xc5d ./Drivers/STM32U0xx_HAL_Driver/Src/stm32u0xx_hal_rcc.o
 .debug_info    0x00006e01      0xc1d ./Drivers/STM32U0xx_HAL_Driver/Src/stm32u0xx_hal_rcc_ex.o
 .debug_info    0x00007a1e      0xca3 ./Drivers/STM32U0xx_HAL_Driver/Src/stm32u0xx_hal_rtc.o
 .debug_info    0x000086c1     0x1722 ./Drivers/STM32U0xx_HAL_Driver/Src/stm32u0xx_hal_spi.o
 .debug_info    0x00009de3     0x2bb4 ./Drivers/STM32U0xx_HAL_Driver/Src/stm32u0xx_hal_tim.o
 .debug_info    0x0000c997     0x18c5 ./Drivers/STM32U0xx_HAL_Driver/Src/stm32u0xx_hal_tim_ex.o
 .debug_info    0x0000e25c     0x46ab ./Drivers/STM32U0xx_HAL_Driver/Src/stm32u0xx_hal_uart.o
 .debug_info    0x00012907      0xf97 ./Drivers/STM32U0xx_HAL_Driver/Src/stm32u0xx_hal_uart_ex.o
 .debug_info    0x0001389e      0x33d ./app/app.o
 .debug_info    0x00013bdb      0xb04 ./app/hw.o
 .debug_info    0x000146df      0xe7b ./app/rfid.o

.debug_abbrev   0x00000000     0x2e99
 .debug_abbrev  0x00000000      0x2d2 ./Core/Src/main.o
 .debug_abbrev  0x000002d2      0x25f ./Core/Src/stm32u0xx_hal_msp.o
 .debug_abbrev  0x00000531       0xca ./Core/Src/stm32u0xx_it.o
 .debug_abbrev  0x000005fb      0x117 ./Core/Src/system_stm32u0xx.o
 .debug_abbrev  0x00000712       0x24 ./Core/Startup/startup_stm32u031k6ux.o
 .debug_abbrev  0x00000736      0x2cd ./Drivers/STM32U0xx_HAL_Driver/Src/stm32u0xx_hal.o
 .debug_abbrev  0x00000a03      0x2ab ./Drivers/STM32U0xx_HAL_Driver/Src/stm32u0xx_hal_cortex.o
 .debug_abbrev  0x00000cae      0x1c8 ./Drivers/STM32U0xx_HAL_Driver/Src/stm32u0xx_hal_gpio.o
 .debug_abbrev  0x00000e76      0x1c5 ./Drivers/STM32U0xx_HAL_Driver/Src/stm32u0xx_hal_pwr.o
 .debug_abbrev  0x0000103b      0x212 ./Drivers/STM32U0xx_HAL_Driver/Src/stm32u0xx_hal_pwr_ex.o
 .debug_abbrev  0x0000124d      0x2d7 ./Drivers/STM32U0xx_HAL_Driver/Src/stm32u0xx_hal_rcc.o
 .debug_abbrev  0x00001524      0x28e ./Drivers/STM32U0xx_HAL_Driver/Src/stm32u0xx_hal_rcc_ex.o
 .debug_abbrev  0x000017b2      0x226 ./Drivers/STM32U0xx_HAL_Driver/Src/stm32u0xx_hal_rtc.o
 .debug_abbrev  0x000019d8      0x291 ./Drivers/STM32U0xx_HAL_Driver/Src/stm32u0xx_hal_spi.o
 .debug_abbrev  0x00001c69      0x29a ./Drivers/STM32U0xx_HAL_Driver/Src/stm32u0xx_hal_tim.o
 .debug_abbrev  0x00001f03      0x2aa ./Drivers/STM32U0xx_HAL_Driver/Src/stm32u0xx_hal_tim_ex.o
 .debug_abbrev  0x000021ad      0x323 ./Drivers/STM32U0xx_HAL_Driver/Src/stm32u0xx_hal_uart.o
 .debug_abbrev  0x000024d0      0x2e6 ./Drivers/STM32U0xx_HAL_Driver/Src/stm32u0xx_hal_uart_ex.o
 .debug_abbrev  0x000027b6      0x1b3 ./app/app.o
 .debug_abbrev  0x00002969      0x298 ./app/hw.o
 .debug_abbrev  0x00002c01      0x298 ./app/rfid.o

.debug_aranges  0x00000000     0x1388
 .debug_aranges
                0x00000000       0x60 ./Core/Src/main.o
 .debug_aranges
                0x00000060       0x68 ./Core/Src/stm32u0xx_hal_msp.o
 .debug_aranges
                0x000000c8       0x48 ./Core/Src/stm32u0xx_it.o
 .debug_aranges
                0x00000110       0x28 ./Core/Src/system_stm32u0xx.o
 .debug_aranges
                0x00000138       0x28 ./Core/Startup/startup_stm32u031k6ux.o
 .debug_aranges
                0x00000160      0x130 ./Drivers/STM32U0xx_HAL_Driver/Src/stm32u0xx_hal.o
 .debug_aranges
                0x00000290       0xe8 ./Drivers/STM32U0xx_HAL_Driver/Src/stm32u0xx_hal_cortex.o
 .debug_aranges
                0x00000378       0x60 ./Drivers/STM32U0xx_HAL_Driver/Src/stm32u0xx_hal_gpio.o
 .debug_aranges
                0x000003d8       0xa0 ./Drivers/STM32U0xx_HAL_Driver/Src/stm32u0xx_hal_pwr.o
 .debug_aranges
                0x00000478      0x108 ./Drivers/STM32U0xx_HAL_Driver/Src/stm32u0xx_hal_pwr_ex.o
 .debug_aranges
                0x00000580       0x88 ./Drivers/STM32U0xx_HAL_Driver/Src/stm32u0xx_hal_rcc.o
 .debug_aranges
                0x00000608       0xa8 ./Drivers/STM32U0xx_HAL_Driver/Src/stm32u0xx_hal_rcc_ex.o
 .debug_aranges
                0x000006b0       0xe8 ./Drivers/STM32U0xx_HAL_Driver/Src/stm32u0xx_hal_rtc.o
 .debug_aranges
                0x00000798      0x1d8 ./Drivers/STM32U0xx_HAL_Driver/Src/stm32u0xx_hal_spi.o
 .debug_aranges
                0x00000970      0x3e0 ./Drivers/STM32U0xx_HAL_Driver/Src/stm32u0xx_hal_tim.o
 .debug_aranges
                0x00000d50      0x198 ./Drivers/STM32U0xx_HAL_Driver/Src/stm32u0xx_hal_tim_ex.o
 .debug_aranges
                0x00000ee8      0x248 ./Drivers/STM32U0xx_HAL_Driver/Src/stm32u0xx_hal_uart.o
 .debug_aranges
                0x00001130       0xa8 ./Drivers/STM32U0xx_HAL_Driver/Src/stm32u0xx_hal_uart_ex.o
 .debug_aranges
                0x000011d8       0x68 ./app/app.o
 .debug_aranges
                0x00001240       0x78 ./app/hw.o
 .debug_aranges
                0x000012b8       0xd0 ./app/rfid.o

.debug_rnglists
                0x00000000      0xf4b
 .debug_rnglists
                0x00000000       0x47 ./Core/Src/main.o
 .debug_rnglists
                0x00000047       0x4c ./Core/Src/stm32u0xx_hal_msp.o
 .debug_rnglists
                0x00000093       0x31 ./Core/Src/stm32u0xx_it.o
 .debug_rnglists
                0x000000c4       0x1a ./Core/Src/system_stm32u0xx.o
 .debug_rnglists
                0x000000de       0x19 ./Core/Startup/startup_stm32u031k6ux.o
 .debug_rnglists
                0x000000f7       0xe0 ./Drivers/STM32U0xx_HAL_Driver/Src/stm32u0xx_hal.o
 .debug_rnglists
                0x000001d7       0xaa ./Drivers/STM32U0xx_HAL_Driver/Src/stm32u0xx_hal_cortex.o
 .debug_rnglists
                0x00000281       0x45 ./Drivers/STM32U0xx_HAL_Driver/Src/stm32u0xx_hal_gpio.o
 .debug_rnglists
                0x000002c6       0x74 ./Drivers/STM32U0xx_HAL_Driver/Src/stm32u0xx_hal_pwr.o
 .debug_rnglists
                0x0000033a       0xc8 ./Drivers/STM32U0xx_HAL_Driver/Src/stm32u0xx_hal_pwr_ex.o
 .debug_rnglists
                0x00000402       0x68 ./Drivers/STM32U0xx_HAL_Driver/Src/stm32u0xx_hal_rcc.o
 .debug_rnglists
                0x0000046a       0x81 ./Drivers/STM32U0xx_HAL_Driver/Src/stm32u0xx_hal_rcc_ex.o
 .debug_rnglists
                0x000004eb       0xb4 ./Drivers/STM32U0xx_HAL_Driver/Src/stm32u0xx_hal_rtc.o
 .debug_rnglists
                0x0000059f      0x17a ./Drivers/STM32U0xx_HAL_Driver/Src/stm32u0xx_hal_spi.o
 .debug_rnglists
                0x00000719      0x32a ./Drivers/STM32U0xx_HAL_Driver/Src/stm32u0xx_hal_tim.o
 .debug_rnglists
                0x00000a43      0x14e ./Drivers/STM32U0xx_HAL_Driver/Src/stm32u0xx_hal_tim_ex.o
 .debug_rnglists
                0x00000b91      0x1fd ./Drivers/STM32U0xx_HAL_Driver/Src/stm32u0xx_hal_uart.o
 .debug_rnglists
                0x00000d8e       0x80 ./Drivers/STM32U0xx_HAL_Driver/Src/stm32u0xx_hal_uart_ex.o
 .debug_rnglists
                0x00000e0e       0x4b ./app/app.o
 .debug_rnglists
                0x00000e59       0x55 ./app/hw.o
 .debug_rnglists
                0x00000eae       0x9d ./app/rfid.o

.debug_macro    0x00000000    0x1ae97
 .debug_macro   0x00000000      0x21c ./Core/Src/main.o
 .debug_macro   0x0000021c      0xaae ./Core/Src/main.o
 .debug_macro   0x00000cca      0x124 ./Core/Src/main.o
 .debug_macro   0x00000dee       0x2e ./Core/Src/main.o
 .debug_macro   0x00000e1c       0x28 ./Core/Src/main.o
 .debug_macro   0x00000e44       0x22 ./Core/Src/main.o
 .debug_macro   0x00000e66       0x8e ./Core/Src/main.o
 .debug_macro   0x00000ef4       0x51 ./Core/Src/main.o
 .debug_macro   0x00000f45      0x103 ./Core/Src/main.o
 .debug_macro   0x00001048       0x6a ./Core/Src/main.o
 .debug_macro   0x000010b2      0x1df ./Core/Src/main.o
 .debug_macro   0x00001291       0x1c ./Core/Src/main.o
 .debug_macro   0x000012ad       0x22 ./Core/Src/main.o
 .debug_macro   0x000012cf       0xd1 ./Core/Src/main.o
 .debug_macro   0x000013a0      0x4da ./Core/Src/main.o
 .debug_macro   0x0000187a      0x11f ./Core/Src/main.o
 .debug_macro   0x00001999     0xdc06 ./Core/Src/main.o
 .debug_macro   0x0000f59f       0x6c ./Core/Src/main.o
 .debug_macro   0x0000f60b     0x3463 ./Core/Src/main.o
 .debug_macro   0x00012a6e      0x190 ./Core/Src/main.o
 .debug_macro   0x00012bfe       0x5a ./Core/Src/main.o
 .debug_macro   0x00012c58     0x11c3 ./Core/Src/main.o
 .debug_macro   0x00013e1b      0x31a ./Core/Src/main.o
 .debug_macro   0x00014135      0x1cf ./Core/Src/main.o
 .debug_macro   0x00014304      0x11c ./Core/Src/main.o
 .debug_macro   0x00014420      0x432 ./Core/Src/main.o
 .debug_macro   0x00014852      0x280 ./Core/Src/main.o
 .debug_macro   0x00014ad2      0x3c3 ./Core/Src/main.o
 .debug_macro   0x00014e95      0x1a5 ./Core/Src/main.o
 .debug_macro   0x0001503a       0x43 ./Core/Src/main.o
 .debug_macro   0x0001507d      0x1f1 ./Core/Src/main.o
 .debug_macro   0x0001526e      0x1b6 ./Core/Src/main.o
 .debug_macro   0x00015424      0x375 ./Core/Src/main.o
 .debug_macro   0x00015799       0x2e ./Core/Src/main.o
 .debug_macro   0x000157c7       0xe4 ./Core/Src/main.o
 .debug_macro   0x000158ab      0x128 ./Core/Src/main.o
 .debug_macro   0x000159d3      0x34b ./Core/Src/main.o
 .debug_macro   0x00015d1e      0x336 ./Core/Src/main.o
 .debug_macro   0x00016054      0x65f ./Core/Src/main.o
 .debug_macro   0x000166b3       0xe4 ./Core/Src/main.o
 .debug_macro   0x00016797      0x2fe ./Core/Src/main.o
 .debug_macro   0x00016a95      0xac9 ./Core/Src/main.o
 .debug_macro   0x0001755e      0x13c ./Core/Src/main.o
 .debug_macro   0x0001769a      0x693 ./Core/Src/main.o
 .debug_macro   0x00017d2d       0xa6 ./Core/Src/main.o
 .debug_macro   0x00017dd3      0x555 ./Core/Src/main.o
 .debug_macro   0x00018328       0xee ./Core/Src/main.o
 .debug_macro   0x00018416       0x1c ./Core/Src/main.o
 .debug_macro   0x00018432      0x213 ./Core/Src/stm32u0xx_hal_msp.o
 .debug_macro   0x00018645      0x21d ./Core/Src/stm32u0xx_it.o
 .debug_macro   0x00018862      0x210 ./Core/Src/system_stm32u0xx.o
 .debug_macro   0x00018a72      0x222 ./Drivers/STM32U0xx_HAL_Driver/Src/stm32u0xx_hal.o
 .debug_macro   0x00018c94      0x204 ./Drivers/STM32U0xx_HAL_Driver/Src/stm32u0xx_hal_cortex.o
 .debug_macro   0x00018e98      0x20a ./Drivers/STM32U0xx_HAL_Driver/Src/stm32u0xx_hal_gpio.o
 .debug_macro   0x000190a2      0x222 ./Drivers/STM32U0xx_HAL_Driver/Src/stm32u0xx_hal_pwr.o
 .debug_macro   0x000192c4      0x22e ./Drivers/STM32U0xx_HAL_Driver/Src/stm32u0xx_hal_pwr_ex.o
 .debug_macro   0x000194f2      0x234 ./Drivers/STM32U0xx_HAL_Driver/Src/stm32u0xx_hal_rcc.o
 .debug_macro   0x00019726      0x216 ./Drivers/STM32U0xx_HAL_Driver/Src/stm32u0xx_hal_rcc_ex.o
 .debug_macro   0x0001993c      0x205 ./Drivers/STM32U0xx_HAL_Driver/Src/stm32u0xx_hal_rtc.o
 .debug_macro   0x00019b41      0x20c ./Drivers/STM32U0xx_HAL_Driver/Src/stm32u0xx_hal_spi.o
 .debug_macro   0x00019d4d      0x20c ./Drivers/STM32U0xx_HAL_Driver/Src/stm32u0xx_hal_tim.o
 .debug_macro   0x00019f59      0x20a ./Drivers/STM32U0xx_HAL_Driver/Src/stm32u0xx_hal_tim_ex.o
 .debug_macro   0x0001a163      0x22f ./Drivers/STM32U0xx_HAL_Driver/Src/stm32u0xx_hal_uart.o
 .debug_macro   0x0001a392      0x210 ./Drivers/STM32U0xx_HAL_Driver/Src/stm32u0xx_hal_uart_ex.o
 .debug_macro   0x0001a5a2      0x237 ./app/app.o
 .debug_macro   0x0001a7d9       0x22 ./app/app.o
 .debug_macro   0x0001a7fb       0x22 ./app/app.o
 .debug_macro   0x0001a81d      0x22c ./app/app.o
 .debug_macro   0x0001aa49      0x22e ./app/hw.o
 .debug_macro   0x0001ac77      0x220 ./app/rfid.o

.debug_line     0x00000000    0x171a4
 .debug_line    0x00000000      0xaa7 ./Core/Src/main.o
 .debug_line    0x00000aa7      0x973 ./Core/Src/stm32u0xx_hal_msp.o
 .debug_line    0x0000141a      0x84a ./Core/Src/stm32u0xx_it.o
 .debug_line    0x00001c64      0x8b0 ./Core/Src/system_stm32u0xx.o
 .debug_line    0x00002514       0x7b ./Core/Startup/startup_stm32u031k6ux.o
 .debug_line    0x0000258f      0xb9a ./Drivers/STM32U0xx_HAL_Driver/Src/stm32u0xx_hal.o
 .debug_line    0x00003129      0xc27 ./Drivers/STM32U0xx_HAL_Driver/Src/stm32u0xx_hal_cortex.o
 .debug_line    0x00003d50      0xbf3 ./Drivers/STM32U0xx_HAL_Driver/Src/stm32u0xx_hal_gpio.o
 .debug_line    0x00004943      0x9d1 ./Drivers/STM32U0xx_HAL_Driver/Src/stm32u0xx_hal_pwr.o
 .debug_line    0x00005314      0xc63 ./Drivers/STM32U0xx_HAL_Driver/Src/stm32u0xx_hal_pwr_ex.o
 .debug_line    0x00005f77     0x10df ./Drivers/STM32U0xx_HAL_Driver/Src/stm32u0xx_hal_rcc.o
 .debug_line    0x00007056     0x10f8 ./Drivers/STM32U0xx_HAL_Driver/Src/stm32u0xx_hal_rcc_ex.o
 .debug_line    0x0000814e     0x10b1 ./Drivers/STM32U0xx_HAL_Driver/Src/stm32u0xx_hal_rtc.o
 .debug_line    0x000091ff     0x2072 ./Drivers/STM32U0xx_HAL_Driver/Src/stm32u0xx_hal_spi.o
 .debug_line    0x0000b271     0x3ce3 ./Drivers/STM32U0xx_HAL_Driver/Src/stm32u0xx_hal_tim.o
 .debug_line    0x0000ef54     0x1c49 ./Drivers/STM32U0xx_HAL_Driver/Src/stm32u0xx_hal_tim_ex.o
 .debug_line    0x00010b9d     0x3755 ./Drivers/STM32U0xx_HAL_Driver/Src/stm32u0xx_hal_uart.o
 .debug_line    0x000142f2      0xdb5 ./Drivers/STM32U0xx_HAL_Driver/Src/stm32u0xx_hal_uart_ex.o
 .debug_line    0x000150a7      0x9bf ./app/app.o
 .debug_line    0x00015a66      0x917 ./app/hw.o
 .debug_line    0x0001637d      0xe27 ./app/rfid.o

.debug_str      0x00000000    0xaddfe
 .debug_str     0x00000000    0xaddfe ./Core/Src/main.o
                              0xa8f9f (size before relaxing)
 .debug_str     0x000addfe    0xa8b41 ./Core/Src/stm32u0xx_hal_msp.o
 .debug_str     0x000addfe    0xa7c41 ./Core/Src/stm32u0xx_it.o
 .debug_str     0x000addfe    0xa7a1f ./Core/Src/system_stm32u0xx.o
 .debug_str     0x000addfe       0x8c ./Core/Startup/startup_stm32u031k6ux.o
 .debug_str     0x000addfe    0xa802b ./Drivers/STM32U0xx_HAL_Driver/Src/stm32u0xx_hal.o
 .debug_str     0x000addfe    0xa7d82 ./Drivers/STM32U0xx_HAL_Driver/Src/stm32u0xx_hal_cortex.o
 .debug_str     0x000addfe    0xa79db ./Drivers/STM32U0xx_HAL_Driver/Src/stm32u0xx_hal_gpio.o
 .debug_str     0x000addfe    0xa7c50 ./Drivers/STM32U0xx_HAL_Driver/Src/stm32u0xx_hal_pwr.o
 .debug_str     0x000addfe    0xa7d9d ./Drivers/STM32U0xx_HAL_Driver/Src/stm32u0xx_hal_pwr_ex.o
 .debug_str     0x000addfe    0xa80b6 ./Drivers/STM32U0xx_HAL_Driver/Src/stm32u0xx_hal_rcc.o
 .debug_str     0x000addfe    0xa7f4a ./Drivers/STM32U0xx_HAL_Driver/Src/stm32u0xx_hal_rcc_ex.o
 .debug_str     0x000addfe    0xa7dc1 ./Drivers/STM32U0xx_HAL_Driver/Src/stm32u0xx_hal_rtc.o
 .debug_str     0x000addfe    0xa828c ./Drivers/STM32U0xx_HAL_Driver/Src/stm32u0xx_hal_spi.o
 .debug_str     0x000addfe    0xa8de8 ./Drivers/STM32U0xx_HAL_Driver/Src/stm32u0xx_hal_tim.o
 .debug_str     0x000addfe    0xa8776 ./Drivers/STM32U0xx_HAL_Driver/Src/stm32u0xx_hal_tim_ex.o
 .debug_str     0x000addfe    0xa8716 ./Drivers/STM32U0xx_HAL_Driver/Src/stm32u0xx_hal_uart.o
 .debug_str     0x000addfe    0xa8130 ./Drivers/STM32U0xx_HAL_Driver/Src/stm32u0xx_hal_uart_ex.o
 .debug_str     0x000addfe    0xa8776 ./app/app.o
 .debug_str     0x000addfe    0xa84d7 ./app/hw.o
 .debug_str     0x000addfe    0xa8cf1 ./app/rfid.o

.comment        0x00000000       0x43
 .comment       0x00000000       0x43 ./Core/Src/main.o
                                 0x44 (size before relaxing)
 .comment       0x00000043       0x44 ./Core/Src/stm32u0xx_hal_msp.o
 .comment       0x00000043       0x44 ./Core/Src/stm32u0xx_it.o
 .comment       0x00000043       0x44 ./Core/Src/system_stm32u0xx.o
 .comment       0x00000043       0x44 ./Drivers/STM32U0xx_HAL_Driver/Src/stm32u0xx_hal.o
 .comment       0x00000043       0x44 ./Drivers/STM32U0xx_HAL_Driver/Src/stm32u0xx_hal_cortex.o
 .comment       0x00000043       0x44 ./Drivers/STM32U0xx_HAL_Driver/Src/stm32u0xx_hal_gpio.o
 .comment       0x00000043       0x44 ./Drivers/STM32U0xx_HAL_Driver/Src/stm32u0xx_hal_pwr.o
 .comment       0x00000043       0x44 ./Drivers/STM32U0xx_HAL_Driver/Src/stm32u0xx_hal_pwr_ex.o
 .comment       0x00000043       0x44 ./Drivers/STM32U0xx_HAL_Driver/Src/stm32u0xx_hal_rcc.o
 .comment       0x00000043       0x44 ./Drivers/STM32U0xx_HAL_Driver/Src/stm32u0xx_hal_rcc_ex.o
 .comment       0x00000043       0x44 ./Drivers/STM32U0xx_HAL_Driver/Src/stm32u0xx_hal_rtc.o
 .comment       0x00000043       0x44 ./Drivers/STM32U0xx_HAL_Driver/Src/stm32u0xx_hal_spi.o
 .comment       0x00000043       0x44 ./Drivers/STM32U0xx_HAL_Driver/Src/stm32u0xx_hal_tim.o
 .comment       0x00000043       0x44 ./Drivers/STM32U0xx_HAL_Driver/Src/stm32u0xx_hal_tim_ex.o
 .comment       0x00000043       0x44 ./Drivers/STM32U0xx_HAL_Driver/Src/stm32u0xx_hal_uart.o
 .comment       0x00000043       0x44 ./Drivers/STM32U0xx_HAL_Driver/Src/stm32u0xx_hal_uart_ex.o
 .comment       0x00000043       0x44 ./app/app.o
 .comment       0x00000043       0x44 ./app/hw.o
 .comment       0x00000043       0x44 ./app/rfid.o

.debug_frame    0x00000000     0x46f4
 .debug_frame   0x00000000      0x118 ./Core/Src/main.o
 .debug_frame   0x00000118      0x150 ./Core/Src/stm32u0xx_hal_msp.o
 .debug_frame   0x00000268       0xb8 ./Core/Src/stm32u0xx_it.o
 .debug_frame   0x00000320       0x50 ./Core/Src/system_stm32u0xx.o
 .debug_frame   0x00000370      0x408 ./Drivers/STM32U0xx_HAL_Driver/Src/stm32u0xx_hal.o
 .debug_frame   0x00000778      0x33c ./Drivers/STM32U0xx_HAL_Driver/Src/stm32u0xx_hal_cortex.o
 .debug_frame   0x00000ab4      0x130 ./Drivers/STM32U0xx_HAL_Driver/Src/stm32u0xx_hal_gpio.o
 .debug_frame   0x00000be4      0x200 ./Drivers/STM32U0xx_HAL_Driver/Src/stm32u0xx_hal_pwr.o
 .debug_frame   0x00000de4      0x388 ./Drivers/STM32U0xx_HAL_Driver/Src/stm32u0xx_hal_pwr_ex.o
 .debug_frame   0x0000116c      0x1c4 ./Drivers/STM32U0xx_HAL_Driver/Src/stm32u0xx_hal_rcc.o
 .debug_frame   0x00001330      0x23c ./Drivers/STM32U0xx_HAL_Driver/Src/stm32u0xx_hal_rcc_ex.o
 .debug_frame   0x0000156c      0x354 ./Drivers/STM32U0xx_HAL_Driver/Src/stm32u0xx_hal_rtc.o
 .debug_frame   0x000018c0      0x710 ./Drivers/STM32U0xx_HAL_Driver/Src/stm32u0xx_hal_spi.o
 .debug_frame   0x00001fd0      0xf40 ./Drivers/STM32U0xx_HAL_Driver/Src/stm32u0xx_hal_tim.o
 .debug_frame   0x00002f10      0x620 ./Drivers/STM32U0xx_HAL_Driver/Src/stm32u0xx_hal_tim_ex.o
 .debug_frame   0x00003530      0x8d8 ./Drivers/STM32U0xx_HAL_Driver/Src/stm32u0xx_hal_uart.o
 .debug_frame   0x00003e08      0x258 ./Drivers/STM32U0xx_HAL_Driver/Src/stm32u0xx_hal_uart_ex.o
 .debug_frame   0x00004060      0x140 ./app/app.o
 .debug_frame   0x000041a0      0x178 ./app/hw.o
 .debug_frame   0x00004318      0x314 ./app/rfid.o
 .debug_frame   0x0000462c       0x20 C:/ST/STM32CubeIDE_1.18.0/STM32CubeIDE/plugins/com.st.stm32cube.ide.mcu.externaltools.gnu-tools-for-stm32.13.3.rel1.win32_1.0.0.202411081344/tools/bin/../lib/gcc/arm-none-eabi/13.3.1/../../../../arm-none-eabi/lib/thumb/v6-m/nofp\libc_nano.a(libc_a-memset.o)
 .debug_frame   0x0000464c       0x2c C:/ST/STM32CubeIDE_1.18.0/STM32CubeIDE/plugins/com.st.stm32cube.ide.mcu.externaltools.gnu-tools-for-stm32.13.3.rel1.win32_1.0.0.202411081344/tools/bin/../lib/gcc/arm-none-eabi/13.3.1/../../../../arm-none-eabi/lib/thumb/v6-m/nofp\libc_nano.a(libc_a-init.o)
 .debug_frame   0x00004678       0x20 C:/ST/STM32CubeIDE_1.18.0/STM32CubeIDE/plugins/com.st.stm32cube.ide.mcu.externaltools.gnu-tools-for-stm32.13.3.rel1.win32_1.0.0.202411081344/tools/bin/../lib/gcc/arm-none-eabi/13.3.1/thumb/v6-m/nofp\libgcc.a(_udivsi3.o)
 .debug_frame   0x00004698       0x20 C:/ST/STM32CubeIDE_1.18.0/STM32CubeIDE/plugins/com.st.stm32cube.ide.mcu.externaltools.gnu-tools-for-stm32.13.3.rel1.win32_1.0.0.202411081344/tools/bin/../lib/gcc/arm-none-eabi/13.3.1/thumb/v6-m/nofp\libgcc.a(_divsi3.o)
 .debug_frame   0x000046b8       0x3c C:/ST/STM32CubeIDE_1.18.0/STM32CubeIDE/plugins/com.st.stm32cube.ide.mcu.externaltools.gnu-tools-for-stm32.13.3.rel1.win32_1.0.0.202411081344/tools/bin/../lib/gcc/arm-none-eabi/13.3.1/thumb/v6-m/nofp\libgcc.a(_udivmoddi4.o)

.debug_line_str
                0x00000000       0x70
 .debug_line_str
                0x00000000       0x70 ./Core/Startup/startup_stm32u031k6ux.o
