../app/rfid.c:43:9:SPI1SendByte	40	static
../app/rfid.c:52:6:SPI1_WriteReg	16	static
../app/rfid.c:59:9:SPI1_ReadReg	32	static
../app/rfid.c:69:6:MFRC522_WriteRegister	16	static
../app/rfid.c:74:9:MFRC522_ReadRegister	32	static
../app/rfid.c:82:9:MFRC522_Check	32	static
../app/rfid.c:90:10:MFRC522_CheckTag	40	static
../app/rfid.c:107:9:MFRC522_Compare	24	static
../app/rfid.c:115:6:MFRC522_SetBitMask	16	static
../app/rfid.c:119:6:MFRC522_ClearBitMask	16	static
../app/rfid.c:123:9:MFRC522_Request	48	static
../app/rfid.c:134:9:MFRC522_ToCard	40	static
../app/rfid.c:197:9:MFRC522_Anticoll	40	static
../app/rfid.c:215:6:MFRC522_CalculateCRC	40	static
../app/rfid.c:238:9:MFRC522_SelectTag	56	static
../app/rfid.c:254:9:MFRC522_Auth	56	static
../app/rfid.c:270:9:MFRC522_Read	48	static
../app/rfid.c:282:9:MFRC522_Write	64	static
../app/rfid.c:303:6:MFRC522_Init	8	static
../app/rfid.c:317:6:MFRC522_Reset	8	static
../app/rfid.c:321:6:MFRC522_AntennaOn	24	static
../app/rfid.c:328:6:MFRC522_AntennaOff	8	static
../app/rfid.c:332:6:MFRC522_Halt	24	static
