../app/rfid.c:41:9:SPI1SendByte	40	static
../app/rfid.c:50:6:SPI1_WriteReg	16	static
../app/rfid.c:57:9:SPI1_ReadReg	32	static
../app/rfid.c:67:6:MFRC522_WriteRegister	16	static
../app/rfid.c:72:9:MFRC522_ReadRegister	32	static
../app/rfid.c:80:9:MFRC522_Check	32	static
../app/rfid.c:88:10:MFRC522_CheckTag	40	static
../app/rfid.c:105:9:MFRC522_Compare	24	static
../app/rfid.c:113:6:MFRC522_SetBitMask	16	static
../app/rfid.c:117:6:MFRC522_ClearBitMask	16	static
../app/rfid.c:121:9:MFRC522_Request	48	static
../app/rfid.c:132:9:MFRC522_ToCard	40	static
../app/rfid.c:195:9:MFRC522_Anticoll	40	static
../app/rfid.c:213:6:MFRC522_CalculateCRC	40	static
../app/rfid.c:236:9:MFRC522_SelectTag	56	static
../app/rfid.c:252:9:MFRC522_Auth	56	static
../app/rfid.c:268:9:MFRC522_Read	48	static
../app/rfid.c:280:9:MFRC522_Write	64	static
../app/rfid.c:301:6:MFRC522_Init	8	static
../app/rfid.c:315:6:MFRC522_Reset	8	static
../app/rfid.c:319:6:MFRC522_AntennaOn	24	static
../app/rfid.c:326:6:MFRC522_AntennaOff	8	static
../app/rfid.c:330:6:MFRC522_Halt	24	static
