/home/lofrano/SEMB_01/fw-workspace/rfid_semb/Src/main.c:78:5:main	1
/home/lofrano/SEMB_01/fw-workspace/rfid_semb/Src/main.c:127:6:SystemClock_Config	3
/home/lofrano/SEMB_01/fw-workspace/rfid_semb/Src/main.c:168:13:MX_LPUART2_UART_Init	5
/home/lofrano/SEMB_01/fw-workspace/rfid_semb/Src/main.c:215:13:MX_RTC_Init	2
/home/lofrano/SEMB_01/fw-workspace/rfid_semb/Src/main.c:253:13:MX_SPI1_Init	2
/home/lofrano/SEMB_01/fw-workspace/rfid_semb/Src/main.c:293:13:MX_SPI2_Init	2
/home/lofrano/SEMB_01/fw-workspace/rfid_semb/Src/main.c:333:13:MX_TIM2_Init	4
/home/lofrano/SEMB_01/fw-workspace/rfid_semb/Src/main.c:382:13:MX_GPIO_Init	1
/home/lofrano/SEMB_01/fw-workspace/rfid_semb/Src/main.c:433:6:Error_Handler	1
