Archive member included to satisfy reference by file (symbol)

/opt/st/stm32cubeide_1.18.0/plugins/com.st.stm32cube.ide.mcu.externaltools.gnu-tools-for-stm32.13.3.rel1.linux64_1.0.0.202410170706/tools/bin/../lib/gcc/arm-none-eabi/13.3.1/../../../../arm-none-eabi/lib/thumb/v6-m/nofp/libc_nano.a(libc_a-exit.o)
                              /opt/st/stm32cubeide_1.18.0/plugins/com.st.stm32cube.ide.mcu.externaltools.gnu-tools-for-stm32.13.3.rel1.linux64_1.0.0.202410170706/tools/bin/../lib/gcc/arm-none-eabi/13.3.1/../../../../arm-none-eabi/lib/thumb/v6-m/nofp/crt0.o (exit)
/opt/st/stm32cubeide_1.18.0/plugins/com.st.stm32cube.ide.mcu.externaltools.gnu-tools-for-stm32.13.3.rel1.linux64_1.0.0.202410170706/tools/bin/../lib/gcc/arm-none-eabi/13.3.1/../../../../arm-none-eabi/lib/thumb/v6-m/nofp/libc_nano.a(libc_a-findfp.o)
                              /opt/st/stm32cubeide_1.18.0/plugins/com.st.stm32cube.ide.mcu.externaltools.gnu-tools-for-stm32.13.3.rel1.linux64_1.0.0.202410170706/tools/bin/../lib/gcc/arm-none-eabi/13.3.1/../../../../arm-none-eabi/lib/thumb/v6-m/nofp/libc_nano.a(libc_a-exit.o) (__stdio_exit_handler)
/opt/st/stm32cubeide_1.18.0/plugins/com.st.stm32cube.ide.mcu.externaltools.gnu-tools-for-stm32.13.3.rel1.linux64_1.0.0.202410170706/tools/bin/../lib/gcc/arm-none-eabi/13.3.1/../../../../arm-none-eabi/lib/thumb/v6-m/nofp/libc_nano.a(libc_a-fwalk.o)
                              /opt/st/stm32cubeide_1.18.0/plugins/com.st.stm32cube.ide.mcu.externaltools.gnu-tools-for-stm32.13.3.rel1.linux64_1.0.0.202410170706/tools/bin/../lib/gcc/arm-none-eabi/13.3.1/../../../../arm-none-eabi/lib/thumb/v6-m/nofp/libc_nano.a(libc_a-findfp.o) (_fwalk_sglue)
/opt/st/stm32cubeide_1.18.0/plugins/com.st.stm32cube.ide.mcu.externaltools.gnu-tools-for-stm32.13.3.rel1.linux64_1.0.0.202410170706/tools/bin/../lib/gcc/arm-none-eabi/13.3.1/../../../../arm-none-eabi/lib/thumb/v6-m/nofp/libc_nano.a(libc_a-stdio.o)
                              /opt/st/stm32cubeide_1.18.0/plugins/com.st.stm32cube.ide.mcu.externaltools.gnu-tools-for-stm32.13.3.rel1.linux64_1.0.0.202410170706/tools/bin/../lib/gcc/arm-none-eabi/13.3.1/../../../../arm-none-eabi/lib/thumb/v6-m/nofp/libc_nano.a(libc_a-findfp.o) (__sread)
/opt/st/stm32cubeide_1.18.0/plugins/com.st.stm32cube.ide.mcu.externaltools.gnu-tools-for-stm32.13.3.rel1.linux64_1.0.0.202410170706/tools/bin/../lib/gcc/arm-none-eabi/13.3.1/../../../../arm-none-eabi/lib/thumb/v6-m/nofp/libc_nano.a(libc_a-memset.o)
                              /opt/st/stm32cubeide_1.18.0/plugins/com.st.stm32cube.ide.mcu.externaltools.gnu-tools-for-stm32.13.3.rel1.linux64_1.0.0.202410170706/tools/bin/../lib/gcc/arm-none-eabi/13.3.1/../../../../arm-none-eabi/lib/thumb/v6-m/nofp/crt0.o (memset)
/opt/st/stm32cubeide_1.18.0/plugins/com.st.stm32cube.ide.mcu.externaltools.gnu-tools-for-stm32.13.3.rel1.linux64_1.0.0.202410170706/tools/bin/../lib/gcc/arm-none-eabi/13.3.1/../../../../arm-none-eabi/lib/thumb/v6-m/nofp/libc_nano.a(libc_a-closer.o)
                              /opt/st/stm32cubeide_1.18.0/plugins/com.st.stm32cube.ide.mcu.externaltools.gnu-tools-for-stm32.13.3.rel1.linux64_1.0.0.202410170706/tools/bin/../lib/gcc/arm-none-eabi/13.3.1/../../../../arm-none-eabi/lib/thumb/v6-m/nofp/libc_nano.a(libc_a-stdio.o) (_close_r)
/opt/st/stm32cubeide_1.18.0/plugins/com.st.stm32cube.ide.mcu.externaltools.gnu-tools-for-stm32.13.3.rel1.linux64_1.0.0.202410170706/tools/bin/../lib/gcc/arm-none-eabi/13.3.1/../../../../arm-none-eabi/lib/thumb/v6-m/nofp/libc_nano.a(libc_a-reent.o)
                              /opt/st/stm32cubeide_1.18.0/plugins/com.st.stm32cube.ide.mcu.externaltools.gnu-tools-for-stm32.13.3.rel1.linux64_1.0.0.202410170706/tools/bin/../lib/gcc/arm-none-eabi/13.3.1/../../../../arm-none-eabi/lib/thumb/v6-m/nofp/libc_nano.a(libc_a-closer.o) (errno)
/opt/st/stm32cubeide_1.18.0/plugins/com.st.stm32cube.ide.mcu.externaltools.gnu-tools-for-stm32.13.3.rel1.linux64_1.0.0.202410170706/tools/bin/../lib/gcc/arm-none-eabi/13.3.1/../../../../arm-none-eabi/lib/thumb/v6-m/nofp/libc_nano.a(libc_a-impure.o)
                              /opt/st/stm32cubeide_1.18.0/plugins/com.st.stm32cube.ide.mcu.externaltools.gnu-tools-for-stm32.13.3.rel1.linux64_1.0.0.202410170706/tools/bin/../lib/gcc/arm-none-eabi/13.3.1/../../../../arm-none-eabi/lib/thumb/v6-m/nofp/libc_nano.a(libc_a-reent.o) (_impure_ptr)
/opt/st/stm32cubeide_1.18.0/plugins/com.st.stm32cube.ide.mcu.externaltools.gnu-tools-for-stm32.13.3.rel1.linux64_1.0.0.202410170706/tools/bin/../lib/gcc/arm-none-eabi/13.3.1/../../../../arm-none-eabi/lib/thumb/v6-m/nofp/libc_nano.a(libc_a-lseekr.o)
                              /opt/st/stm32cubeide_1.18.0/plugins/com.st.stm32cube.ide.mcu.externaltools.gnu-tools-for-stm32.13.3.rel1.linux64_1.0.0.202410170706/tools/bin/../lib/gcc/arm-none-eabi/13.3.1/../../../../arm-none-eabi/lib/thumb/v6-m/nofp/libc_nano.a(libc_a-stdio.o) (_lseek_r)
[...]
Memory Configuration

Name             Origin             Length             Attributes
RAM              0x20000000         0x00003000         xrw
FLASH            0x08000000         0x00008000         xr
*default*        0x00000000         0xffffffff

Linker script and memory map

LOAD /opt/st/stm32cubeide_1.18.0/plugins/com.st.stm32cube.ide.mcu.externaltools.gnu-tools-for-stm32.13.3.rel1.linux64_1.0.0.202410170706/tools/bin/../lib/gcc/arm-none-eabi/13.3.1/thumb/v6-m/nofp/crti.o
LOAD /opt/st/stm32cubeide_1.18.0/plugins/com.st.stm32cube.ide.mcu.externaltools.gnu-tools-for-stm32.13.3.rel1.linux64_1.0.0.202410170706/tools/bin/../lib/gcc/arm-none-eabi/13.3.1/thumb/v6-m/nofp/crtbegin.o
LOAD /opt/st/stm32cubeide_1.18.0/plugins/com.st.stm32cube.ide.mcu.externaltools.gnu-tools-for-stm32.13.3.rel1.linux64_1.0.0.202410170706/tools/bin/../lib/gcc/arm-none-eabi/13.3.1/../../../../arm-none-eabi/lib/thumb/v6-m/nofp/crt0.o
LOAD ./Application/Startup/startup_stm32u031k6ux.o
LOAD ./Application/User/main.o
LOAD ./Application/User/stm32u0xx_hal_msp.o
LOAD ./Application/User/stm32u0xx_it.o
LOAD ./Application/User/syscalls.o
LOAD ./Application/User/sysmem.o
LOAD ./Drivers/CMSIS/system_stm32u0xx.o
LOAD ./Drivers/STM32U0xx_HAL_Driver/stm32u0xx_hal.o
LOAD ./Drivers/STM32U0xx_HAL_Driver/stm32u0xx_hal_cortex.o
LOAD ./Drivers/STM32U0xx_HAL_Driver/stm32u0xx_hal_dma.o
LOAD ./Drivers/STM32U0xx_HAL_Driver/stm32u0xx_hal_dma_ex.o
LOAD ./Drivers/STM32U0xx_HAL_Driver/stm32u0xx_hal_exti.o
LOAD ./Drivers/STM32U0xx_HAL_Driver/stm32u0xx_hal_flash.o
LOAD ./Drivers/STM32U0xx_HAL_Driver/stm32u0xx_hal_flash_ex.o
LOAD ./Drivers/STM32U0xx_HAL_Driver/stm32u0xx_hal_gpio.o
LOAD ./Drivers/STM32U0xx_HAL_Driver/stm32u0xx_hal_pwr.o
LOAD ./Drivers/STM32U0xx_HAL_Driver/stm32u0xx_hal_pwr_ex.o
LOAD ./Drivers/STM32U0xx_HAL_Driver/stm32u0xx_hal_rcc.o
LOAD ./Drivers/STM32U0xx_HAL_Driver/stm32u0xx_hal_rcc_ex.o
LOAD ./Drivers/STM32U0xx_HAL_Driver/stm32u0xx_hal_rtc.o
LOAD ./Drivers/STM32U0xx_HAL_Driver/stm32u0xx_hal_rtc_ex.o
LOAD ./Drivers/STM32U0xx_HAL_Driver/stm32u0xx_hal_spi.o
LOAD ./Drivers/STM32U0xx_HAL_Driver/stm32u0xx_hal_spi_ex.o
LOAD ./Drivers/STM32U0xx_HAL_Driver/stm32u0xx_hal_tim.o
LOAD ./Drivers/STM32U0xx_HAL_Driver/stm32u0xx_hal_tim_ex.o
LOAD ./Drivers/STM32U0xx_HAL_Driver/stm32u0xx_hal_uart.o
LOAD ./Drivers/STM32U0xx_HAL_Driver/stm32u0xx_hal_uart_ex.o
START GROUP
LOAD /opt/st/stm32cubeide_1.18.0/plugins/com.st.stm32cube.ide.mcu.externaltools.gnu-tools-for-stm32.13.3.rel1.linux64_1.0.0.202410170706/tools/bin/../lib/gcc/arm-none-eabi/13.3.1/../../../../arm-none-eabi/lib/thumb/v6-m/nofp/libc_nano.a
LOAD /opt/st/stm32cubeide_1.18.0/plugins/com.st.stm32cube.ide.mcu.externaltools.gnu-tools-for-stm32.13.3.rel1.linux64_1.0.0.202410170706/tools/bin/../lib/gcc/arm-none-eabi/13.3.1/../../../../arm-none-eabi/lib/thumb/v6-m/nofp/libm.a
END GROUP
START GROUP
LOAD /opt/st/stm32cubeide_1.18.0/plugins/com.st.stm32cube.ide.mcu.externaltools.gnu-tools-for-stm32.13.3.rel1.linux64_1.0.0.202410170706/tools/bin/../lib/gcc/arm-none-eabi/13.3.1/thumb/v6-m/nofp/libgcc.a
LOAD /opt/st/stm32cubeide_1.18.0/plugins/com.st.stm32cube.ide.mcu.externaltools.gnu-tools-for-stm32.13.3.rel1.linux64_1.0.0.202410170706/tools/bin/../lib/gcc/arm-none-eabi/13.3.1/../../../../arm-none-eabi/lib/thumb/v6-m/nofp/libc_nano.a
END GROUP
START GROUP
LOAD /opt/st/stm32cubeide_1.18.0/plugins/com.st.stm32cube.ide.mcu.externaltools.gnu-tools-for-stm32.13.3.rel1.linux64_1.0.0.202410170706/tools/bin/../lib/gcc/arm-none-eabi/13.3.1/thumb/v6-m/nofp/libgcc.a
LOAD /opt/st/stm32cubeide_1.18.0/plugins/com.st.stm32cube.ide.mcu.externaltools.gnu-tools-for-stm32.13.3.rel1.linux64_1.0.0.202410170706/tools/bin/../lib/gcc/arm-none-eabi/13.3.1/../../../../arm-none-eabi/lib/thumb/v6-m/nofp/libc_nano.a
LOAD /opt/st/stm32cubeide_1.18.0/plugins/com.st.stm32cube.ide.mcu.externaltools.gnu-tools-for-stm32.13.3.rel1.linux64_1.0.0.202410170706/tools/bin/../lib/gcc/arm-none-eabi/13.3.1/../../../../arm-none-eabi/lib/thumb/v6-m/nofp/libnosys.a
END GROUP
START GROUP
LOAD /opt/st/stm32cubeide_1.18.0/plugins/com.st.stm32cube.ide.mcu.externaltools.gnu-tools-for-stm32.13.3.rel1.linux64_1.0.0.202410170706/tools/bin/../lib/gcc/arm-none-eabi/13.3.1/thumb/v6-m/nofp/libgcc.a
LOAD /opt/st/stm32cubeide_1.18.0/plugins/com.st.stm32cube.ide.mcu.externaltools.gnu-tools-for-stm32.13.3.rel1.linux64_1.0.0.202410170706/tools/bin/../lib/gcc/arm-none-eabi/13.3.1/../../../../arm-none-eabi/lib/thumb/v6-m/nofp/libc_nano.a
LOAD /opt/st/stm32cubeide_1.18.0/plugins/com.st.stm32cube.ide.mcu.externaltools.gnu-tools-for-stm32.13.3.rel1.linux64_1.0.0.202410170706/tools/bin/../lib/gcc/arm-none-eabi/13.3.1/../../../../arm-none-eabi/lib/thumb/v6-m/nofp/libnosys.a
END GROUP
LOAD /opt/st/stm32cubeide_1.18.0/plugins/com.st.stm32cube.ide.mcu.externaltools.gnu-tools-for-stm32.13.3.rel1.linux64_1.0.0.202410170706/tools/bin/../lib/gcc/arm-none-eabi/13.3.1/thumb/v6-m/nofp/crtend.o
LOAD /opt/st/stm32cubeide_1.18.0/plugins/com.st.stm32cube.ide.mcu.externaltools.gnu-tools-for-stm32.13.3.rel1.linux64_1.0.0.202410170706/tools/bin/../lib/gcc/arm-none-eabi/13.3.1/thumb/v6-m/nofp/crtn.o
                0x20003000                        _estack = (ORIGIN (RAM) + LENGTH (RAM))
                0x00000200                        _Min_Heap_Size = 0x200
                0x00000400                        _Min_Stack_Size = 0x400

.isr_vector     0x08000000       0xc0
                0x08000000                        . = ALIGN (0x4)
 *(.isr_vector)
 .isr_vector    0x08000000       0xc0 ./Application/Startup/startup_stm32u031k6ux.o
                0x08000000                g_pfnVectors
                0x080000c0                        . = ALIGN (0x4)

.text           0x080000c0     0x4600
                0x080000c0                        . = ALIGN (0x4)
 *(.text)
 .text          0x080000c0       0x48 /opt/st/stm32cubeide_1.18.0/plugins/com.st.stm32cube.ide.mcu.externaltools.gnu-tools-for-stm32.13.3.rel1.linux64_1.0.0.202410170706/tools/bin/../lib/gcc/arm-none-eabi/13.3.1/thumb/v6-m/nofp/crtbegin.o
 .text          0x08000108      0x114 /opt/st/stm32cubeide_1.18.0/plugins/com.st.stm32cube.ide.mcu.externaltools.gnu-tools-for-stm32.13.3.rel1.linux64_1.0.0.202410170706/tools/bin/../lib/gcc/arm-none-eabi/13.3.1/thumb/v6-m/nofp/libgcc.a(_udivsi3.o)
                0x08000108                __udivsi3
                0x08000108                __aeabi_uidiv
                0x08000214                __aeabi_uidivmod
 .text          0x0800021c      0x1d4 /opt/st/stm32cubeide_1.18.0/plugins/com.st.stm32cube.ide.mcu.externaltools.gnu-tools-for-stm32.13.3.rel1.linux64_1.0.0.202410170706/tools/bin/../lib/gcc/arm-none-eabi/13.3.1/thumb/v6-m/nofp/libgcc.a(_divsi3.o)
                0x0800021c                __aeabi_idiv
                0x0800021c                __divsi3
                0x080003e8                __aeabi_idivmod
 .text          0x080003f0        0x4 /opt/st/stm32cubeide_1.18.0/plugins/com.st.stm32cube.ide.mcu.externaltools.gnu-tools-for-stm32.13.3.rel1.linux64_1.0.0.202410170706/tools/bin/../lib/gcc/arm-none-eabi/13.3.1/thumb/v6-m/nofp/libgcc.a(_dvmd_tls.o)
                0x080003f0                __aeabi_ldiv0
                0x080003f0                __aeabi_idiv0
 .text          0x080003f4       0x40 /opt/st/stm32cubeide_1.18.0/plugins/com.st.stm32cube.ide.mcu.externaltools.gnu-tools-for-stm32.13.3.rel1.linux64_1.0.0.202410170706/tools/bin/../lib/gcc/arm-none-eabi/13.3.1/thumb/v6-m/nofp/libgcc.a(_aeabi_uldivmod.o)
                0x080003f4                __aeabi_uldivmod
 .text          0x08000434      0x198 /opt/st/stm32cubeide_1.18.0/plugins/com.st.stm32cube.ide.mcu.externaltools.gnu-tools-for-stm32.13.3.rel1.linux64_1.0.0.202410170706/tools/bin/../lib/gcc/arm-none-eabi/13.3.1/thumb/v6-m/nofp/libgcc.a(_udivmoddi4.o)
                0x08000434                __udivmoddi4
 .text          0x080005cc       0x18 /opt/st/stm32cubeide_1.18.0/plugins/com.st.stm32cube.ide.mcu.externaltools.gnu-tools-for-stm32.13.3.rel1.linux64_1.0.0.202410170706/tools/bin/../lib/gcc/arm-none-eabi/13.3.1/thumb/v6-m/nofp/libgcc.a(_clzdi2.o)
                0x080005cc                __clzdi2
 .text          0x080005e4       0x3c /opt/st/stm32cubeide_1.18.0/plugins/com.st.stm32cube.ide.mcu.externaltools.gnu-tools-for-stm32.13.3.rel1.linux64_1.0.0.202410170706/tools/bin/../lib/gcc/arm-none-eabi/13.3.1/thumb/v6-m/nofp/libgcc.a(_clzsi2.o)
                0x080005e4                __clzsi2
 *(.text*)
 .text.Reset_Handler
                0x08000620       0x50 ./Application/Startup/startup_stm32u031k6ux.o
                0x08000620                Reset_Handler
 .text.Default_Handler
                0x08000670        0x2 ./Application/Startup/startup_stm32u031k6ux.o
                0x08000670                I2C2_3_IRQHandler
                0x08000670                WWDG_IWDG_IRQHandler
                0x08000670                TIM1_CC_IRQHandler
                0x08000670                TSC_IRQHandler
                0x08000670                ADC_COMP1_IRQHandler
                0x08000670                I2C1_IRQHandler
                0x08000670                TIM7_LPTIM2_IRQHandler
                0x08000670                RCC_CRS_IRQHandler
                0x08000670                RTC_TAMP_IRQHandler
                0x08000670                DMA1_Ch4_7_DMAMUX_OVR_IRQHandler
                0x08000670                SPI1_IRQHandler
                0x08000670                EXTI2_3_IRQHandler
                0x08000670                USART2_LPUART2_IRQHandler
                0x08000670                USART4_IRQHandler
                0x08000670                TIM16_IRQHandler
                0x08000670                TIM3_IRQHandler
                0x08000670                EXTI4_15_IRQHandler
                0x08000670                DMA1_Channel1_IRQHandler
                0x08000670                Default_Handler
                0x08000670                TIM15_IRQHandler
                0x08000670                EXTI0_1_IRQHandler
                0x08000670                PVD_PVM_IRQHandler
                0x08000670                SPI2_IRQHandler
                0x08000670                RNG_IRQHandler
                0x08000670                TIM6_DAC_LPTIM1_IRQHandler
                0x08000670                TIM2_IRQHandler
                0x08000670                DMA1_Channel2_3_IRQHandler
                0x08000670                FLASH_ECC_IRQHandler
                0x08000670                USART3_LPUART1_IRQHandler
                0x08000670                USART1_IRQHandler
                0x08000670                TIM1_BRK_UP_TRG_COM_IRQHandler
 .text.main     0x08000672       0x28 ./Application/User/main.o
                0x08000672                main
 .text.SystemClock_Config
                0x0800069a       0x90 ./Application/User/main.o
                0x0800069a                SystemClock_Config
 *fill*         0x0800072a        0x2 
 .text.MX_LPUART2_UART_Init
                0x0800072c       0x98 ./Application/User/main.o
 .text.MX_RTC_Init
                0x080007c4       0x60 ./Application/User/main.o
 .text.MX_SPI1_Init
                0x08000824       0x7c ./Application/User/main.o
 .text.MX_SPI2_Init
                0x080008a0       0x7c ./Application/User/main.o
 .text.MX_TIM2_Init
                0x0800091c       0xc0 ./Application/User/main.o
 .text.MX_GPIO_Init
                0x080009dc       0xf8 ./Application/User/main.o
 .text.Error_Handler
                0x08000ad4        0xc ./Application/User/main.o
                0x08000ad4                Error_Handler
 .text.HAL_MspInit
                0x08000ae0       0x48 ./Application/User/stm32u0xx_hal_msp.o
                0x08000ae0                HAL_MspInit
 .text.HAL_UART_MspInit
                0x08000b28       0xc0 ./Application/User/stm32u0xx_hal_msp.o
                0x08000b28                HAL_UART_MspInit
 .text.HAL_RTC_MspInit
                0x08000be8       0x80 ./Application/User/stm32u0xx_hal_msp.o
                0x08000be8                HAL_RTC_MspInit
 .text.HAL_SPI_MspInit
                0x08000c68      0x10c ./Application/User/stm32u0xx_hal_msp.o
                0x08000c68                HAL_SPI_MspInit
 .text.HAL_TIM_PWM_MspInit
                0x08000d74       0x38 ./Application/User/stm32u0xx_hal_msp.o
                0x08000d74                HAL_TIM_PWM_MspInit
 .text.HAL_TIM_MspPostInit
                0x08000dac       0x78 ./Application/User/stm32u0xx_hal_msp.o
                0x08000dac                HAL_TIM_MspPostInit
 .text.NMI_Handler
                0x08000e24        0x8 ./Application/User/stm32u0xx_it.o
                0x08000e24                NMI_Handler
 .text.HardFault_Handler
                0x08000e2c        0x8 ./Application/User/stm32u0xx_it.o
                0x08000e2c                HardFault_Handler
 .text.SVC_Handler
                0x08000e34        0xa ./Application/User/stm32u0xx_it.o
                0x08000e34                SVC_Handler
 .text.PendSV_Handler
                0x08000e3e        0xa ./Application/User/stm32u0xx_it.o
                0x08000e3e                PendSV_Handler
 .text.SysTick_Handler
                0x08000e48        0xe ./Application/User/stm32u0xx_it.o
                0x08000e48                SysTick_Handler
 *fill*         0x08000e56        0x2 
 .text.SystemInit
                0x08000e58       0x58 ./Drivers/CMSIS/system_stm32u0xx.o
                0x08000e58                SystemInit
 .text.HAL_Init
                0x08000eb0       0x2e ./Drivers/STM32U0xx_HAL_Driver/stm32u0xx_hal.o
                0x08000eb0                HAL_Init
 *fill*         0x08000ede        0x2 
 .text.HAL_InitTick
                0x08000ee0       0x94 ./Drivers/STM32U0xx_HAL_Driver/stm32u0xx_hal.o
                0x08000ee0                HAL_InitTick
 .text.HAL_IncTick
                0x08000f74       0x20 ./Drivers/STM32U0xx_HAL_Driver/stm32u0xx_hal.o
                0x08000f74                HAL_IncTick
 .text.HAL_GetTick
                0x08000f94       0x14 ./Drivers/STM32U0xx_HAL_Driver/stm32u0xx_hal.o
                0x08000f94                HAL_GetTick
 .text.__NVIC_SetPriority
                0x08000fa8       0xdc ./Drivers/STM32U0xx_HAL_Driver/stm32u0xx_hal_cortex.o
 .text.SysTick_Config
                0x08001084       0x48 ./Drivers/STM32U0xx_HAL_Driver/stm32u0xx_hal_cortex.o
 .text.HAL_NVIC_SetPriority
                0x080010cc       0x2a ./Drivers/STM32U0xx_HAL_Driver/stm32u0xx_hal_cortex.o
                0x080010cc                HAL_NVIC_SetPriority
 .text.HAL_SYSTICK_Config
                0x080010f6       0x1a ./Drivers/STM32U0xx_HAL_Driver/stm32u0xx_hal_cortex.o
                0x080010f6                HAL_SYSTICK_Config
 .text.HAL_GPIO_Init
                0x08001110      0x2d8 ./Drivers/STM32U0xx_HAL_Driver/stm32u0xx_hal_gpio.o
                0x08001110                HAL_GPIO_Init
 .text.HAL_GPIO_WritePin
                0x080013e8       0x3a ./Drivers/STM32U0xx_HAL_Driver/stm32u0xx_hal_gpio.o
                0x080013e8                HAL_GPIO_WritePin
 *fill*         0x08001422        0x2 
 .text.HAL_PWREx_ControlVoltageScaling
                0x08001424       0xc0 ./Drivers/STM32U0xx_HAL_Driver/stm32u0xx_hal_pwr_ex.o
                0x08001424                HAL_PWREx_ControlVoltageScaling
 .text.HAL_PWREx_GetVoltageRange
                0x080014e4       0x18 ./Drivers/STM32U0xx_HAL_Driver/stm32u0xx_hal_pwr_ex.o
                0x080014e4                HAL_PWREx_GetVoltageRange
 .text.HAL_RCC_OscConfig
                0x080014fc      0x7cc ./Drivers/STM32U0xx_HAL_Driver/stm32u0xx_hal_rcc.o
                0x080014fc                HAL_RCC_OscConfig
 .text.HAL_RCC_ClockConfig
                0x08001cc8      0x1d8 ./Drivers/STM32U0xx_HAL_Driver/stm32u0xx_hal_rcc.o
                0x08001cc8                HAL_RCC_ClockConfig
 .text.HAL_RCC_GetSysClockFreq
                0x08001ea0      0x138 ./Drivers/STM32U0xx_HAL_Driver/stm32u0xx_hal_rcc.o
                0x08001ea0                HAL_RCC_GetSysClockFreq
 .text.HAL_RCC_GetHCLKFreq
                0x08001fd8       0x14 ./Drivers/STM32U0xx_HAL_Driver/stm32u0xx_hal_rcc.o
                0x08001fd8                HAL_RCC_GetHCLKFreq
 .text.HAL_RCC_GetPCLK1Freq
                0x08001fec       0x30 ./Drivers/STM32U0xx_HAL_Driver/stm32u0xx_hal_rcc.o
                0x08001fec                HAL_RCC_GetPCLK1Freq
 .text.RCC_SetFlashLatencyFromMSIRange
                0x0800201c       0xd8 ./Drivers/STM32U0xx_HAL_Driver/stm32u0xx_hal_rcc.o
 .text.HAL_RCCEx_PeriphCLKConfig
                0x080020f4      0x3c8 ./Drivers/STM32U0xx_HAL_Driver/stm32u0xx_hal_rcc_ex.o
                0x080020f4                HAL_RCCEx_PeriphCLKConfig
 .text.HAL_RCCEx_GetPeriphCLKFreq
                0x080024bc      0x850 ./Drivers/STM32U0xx_HAL_Driver/stm32u0xx_hal_rcc_ex.o
                0x080024bc                HAL_RCCEx_GetPeriphCLKFreq
 .text.HAL_RCCEx_GetPLLClockFreq
                0x08002d0c      0x17c ./Drivers/STM32U0xx_HAL_Driver/stm32u0xx_hal_rcc_ex.o
                0x08002d0c                HAL_RCCEx_GetPLLClockFreq
 .text.HAL_RTC_Init
                0x08002e88      0x14c ./Drivers/STM32U0xx_HAL_Driver/stm32u0xx_hal_rtc.o
                0x08002e88                HAL_RTC_Init
 .text.HAL_RTC_WaitForSynchro
                0x08002fd4       0x4c ./Drivers/STM32U0xx_HAL_Driver/stm32u0xx_hal_rtc.o
                0x08002fd4                HAL_RTC_WaitForSynchro
 .text.RTC_EnterInitMode
                0x08003020       0x58 ./Drivers/STM32U0xx_HAL_Driver/stm32u0xx_hal_rtc.o
                0x08003020                RTC_EnterInitMode
 .text.HAL_SPI_Init
                0x08003078      0x15c ./Drivers/STM32U0xx_HAL_Driver/stm32u0xx_hal_spi.o
                0x08003078                HAL_SPI_Init
 .text.HAL_TIM_PWM_Init
                0x080031d4       0xb0 ./Drivers/STM32U0xx_HAL_Driver/stm32u0xx_hal_tim.o
                0x080031d4                HAL_TIM_PWM_Init
 .text.HAL_TIM_PWM_ConfigChannel
                0x08003284      0x200 ./Drivers/STM32U0xx_HAL_Driver/stm32u0xx_hal_tim.o
                0x08003284                HAL_TIM_PWM_ConfigChannel
 .text.TIM_Base_SetConfig
                0x08003484       0xfc ./Drivers/STM32U0xx_HAL_Driver/stm32u0xx_hal_tim.o
                0x08003484                TIM_Base_SetConfig
 .text.TIM_OC1_SetConfig
                0x08003580      0x100 ./Drivers/STM32U0xx_HAL_Driver/stm32u0xx_hal_tim.o
 .text.TIM_OC2_SetConfig
                0x08003680       0xfc ./Drivers/STM32U0xx_HAL_Driver/stm32u0xx_hal_tim.o
                0x08003680                TIM_OC2_SetConfig
 .text.TIM_OC3_SetConfig
                0x0800377c      0x104 ./Drivers/STM32U0xx_HAL_Driver/stm32u0xx_hal_tim.o
 .text.TIM_OC4_SetConfig
                0x08003880       0xc8 ./Drivers/STM32U0xx_HAL_Driver/stm32u0xx_hal_tim.o
 .text.TIM_OC5_SetConfig
                0x08003948       0xb4 ./Drivers/STM32U0xx_HAL_Driver/stm32u0xx_hal_tim.o
 .text.TIM_OC6_SetConfig
                0x080039fc       0xbc ./Drivers/STM32U0xx_HAL_Driver/stm32u0xx_hal_tim.o
 .text.HAL_TIMEx_MasterConfigSynchronization
                0x08003ab8       0xdc ./Drivers/STM32U0xx_HAL_Driver/stm32u0xx_hal_tim_ex.o
                0x08003ab8                HAL_TIMEx_MasterConfigSynchronization
 .text.HAL_UART_Init
                0x08003b94       0xac ./Drivers/STM32U0xx_HAL_Driver/stm32u0xx_hal_uart.o
                0x08003b94                HAL_UART_Init
 .text.UART_SetConfig
                0x08003c40      0x374 ./Drivers/STM32U0xx_HAL_Driver/stm32u0xx_hal_uart.o
                0x08003c40                UART_SetConfig
 .text.UART_AdvFeatureConfig
                0x08003fb4      0x168 ./Drivers/STM32U0xx_HAL_Driver/stm32u0xx_hal_uart.o
                0x08003fb4                UART_AdvFeatureConfig
 .text.UART_CheckIdleState
                0x0800411c      0x154 ./Drivers/STM32U0xx_HAL_Driver/stm32u0xx_hal_uart.o
                0x0800411c                UART_CheckIdleState
 .text.UART_WaitOnFlagUntilTimeout
                0x08004270       0xde ./Drivers/STM32U0xx_HAL_Driver/stm32u0xx_hal_uart.o
                0x08004270                UART_WaitOnFlagUntilTimeout
 *fill*         0x0800434e        0x2 
 .text.UART_EndRxTransfer
                0x08004350       0xcc ./Drivers/STM32U0xx_HAL_Driver/stm32u0xx_hal_uart.o
 .text.HAL_UARTEx_DisableFifoMode
                0x0800441c       0x74 ./Drivers/STM32U0xx_HAL_Driver/stm32u0xx_hal_uart_ex.o
                0x0800441c                HAL_UARTEx_DisableFifoMode
 .text.HAL_UARTEx_SetTxFifoThreshold
                0x08004490       0x7e ./Drivers/STM32U0xx_HAL_Driver/stm32u0xx_hal_uart_ex.o
                0x08004490                HAL_UARTEx_SetTxFifoThreshold
 *fill*         0x0800450e        0x2 
 .text.HAL_UARTEx_SetRxFifoThreshold
                0x08004510       0x84 ./Drivers/STM32U0xx_HAL_Driver/stm32u0xx_hal_uart_ex.o
                0x08004510                HAL_UARTEx_SetRxFifoThreshold
 .text.UARTEx_SetNbDataToProcess
                0x08004594       0xbc ./Drivers/STM32U0xx_HAL_Driver/stm32u0xx_hal_uart_ex.o
 .text.memset   0x08004650       0x10 /opt/st/stm32cubeide_1.18.0/plugins/com.st.stm32cube.ide.mcu.externaltools.gnu-tools-for-stm32.13.3.rel1.linux64_1.0.0.202410170706/tools/bin/../lib/gcc/arm-none-eabi/13.3.1/../../../../arm-none-eabi/lib/thumb/v6-m/nofp/libc_nano.a(libc_a-memset.o)
                0x08004650                memset
 .text.__libc_init_array
                0x08004660       0x48 /opt/st/stm32cubeide_1.18.0/plugins/com.st.stm32cube.ide.mcu.externaltools.gnu-tools-for-stm32.13.3.rel1.linux64_1.0.0.202410170706/tools/bin/../lib/gcc/arm-none-eabi/13.3.1/../../../../arm-none-eabi/lib/thumb/v6-m/nofp/libc_nano.a(libc_a-init.o)
                0x08004660                __libc_init_array
 *(.glue_7)
 .glue_7        0x080046a8        0x0 linker stubs
 *(.glue_7t)
 .glue_7t       0x080046a8        0x0 linker stubs
 *(.eh_frame)
 .eh_frame      0x080046a8        0x0 /opt/st/stm32cubeide_1.18.0/plugins/com.st.stm32cube.ide.mcu.externaltools.gnu-tools-for-stm32.13.3.rel1.linux64_1.0.0.202410170706/tools/bin/../lib/gcc/arm-none-eabi/13.3.1/thumb/v6-m/nofp/crtbegin.o
 *(.init)
 .init          0x080046a8        0x4 /opt/st/stm32cubeide_1.18.0/plugins/com.st.stm32cube.ide.mcu.externaltools.gnu-tools-for-stm32.13.3.rel1.linux64_1.0.0.202410170706/tools/bin/../lib/gcc/arm-none-eabi/13.3.1/thumb/v6-m/nofp/crti.o
                0x080046a8                _init
 .init          0x080046ac        0x8 /opt/st/stm32cubeide_1.18.0/plugins/com.st.stm32cube.ide.mcu.externaltools.gnu-tools-for-stm32.13.3.rel1.linux64_1.0.0.202410170706/tools/bin/../lib/gcc/arm-none-eabi/13.3.1/thumb/v6-m/nofp/crtn.o
 *(.fini)
 .fini          0x080046b4        0x4 /opt/st/stm32cubeide_1.18.0/plugins/com.st.stm32cube.ide.mcu.externaltools.gnu-tools-for-stm32.13.3.rel1.linux64_1.0.0.202410170706/tools/bin/../lib/gcc/arm-none-eabi/13.3.1/thumb/v6-m/nofp/crti.o
                0x080046b4                _fini
 .fini          0x080046b8        0x8 /opt/st/stm32cubeide_1.18.0/plugins/com.st.stm32cube.ide.mcu.externaltools.gnu-tools-for-stm32.13.3.rel1.linux64_1.0.0.202410170706/tools/bin/../lib/gcc/arm-none-eabi/13.3.1/thumb/v6-m/nofp/crtn.o
                0x080046c0                        . = ALIGN (0x4)
                0x080046c0                        _etext = .

.vfp11_veneer   0x080046c0        0x0
 .vfp11_veneer  0x080046c0        0x0 linker stubs

.v4_bx          0x080046c0        0x0
 .v4_bx         0x080046c0        0x0 linker stubs

.iplt           0x080046c0        0x0
 .iplt          0x080046c0        0x0 /opt/st/stm32cubeide_1.18.0/plugins/com.st.stm32cube.ide.mcu.externaltools.gnu-tools-for-stm32.13.3.rel1.linux64_1.0.0.202410170706/tools/bin/../lib/gcc/arm-none-eabi/13.3.1/thumb/v6-m/nofp/crtbegin.o

.rodata         0x080046c0      0x148
                0x080046c0                        . = ALIGN (0x4)
 *(.rodata)
 *(.rodata*)
 .rodata.AHBPrescTable
                0x080046c0       0x10 ./Drivers/CMSIS/system_stm32u0xx.o
                0x080046c0                AHBPrescTable
 .rodata.APBPrescTable
                0x080046d0        0x8 ./Drivers/CMSIS/system_stm32u0xx.o
                0x080046d0                APBPrescTable
 .rodata.MSIRangeTable
                0x080046d8       0x30 ./Drivers/CMSIS/system_stm32u0xx.o
                0x080046d8                MSIRangeTable
 .rodata.HAL_RCCEx_GetPeriphCLKFreq
                0x08004708       0x84 ./Drivers/STM32U0xx_HAL_Driver/stm32u0xx_hal_rcc_ex.o
 .rodata.HAL_TIM_PWM_ConfigChannel
                0x0800478c       0x54 ./Drivers/STM32U0xx_HAL_Driver/stm32u0xx_hal_tim.o
 .rodata.UARTPrescTable
                0x080047e0       0x18 ./Drivers/STM32U0xx_HAL_Driver/stm32u0xx_hal_uart.o
                0x080047e0                UARTPrescTable
 .rodata.numerator.1
                0x080047f8        0x8 ./Drivers/STM32U0xx_HAL_Driver/stm32u0xx_hal_uart_ex.o
 .rodata.denominator.0
                0x08004800        0x8 ./Drivers/STM32U0xx_HAL_Driver/stm32u0xx_hal_uart_ex.o
                0x08004808                        . = ALIGN (0x4)

.ARM.extab      0x08004808        0x0
                0x08004808                        . = ALIGN (0x4)
 *(.ARM.extab* .gnu.linkonce.armextab.*)
                0x08004808                        . = ALIGN (0x4)

.ARM            0x08004808        0x8
                0x08004808                        . = ALIGN (0x4)
                0x08004808                        __exidx_start = .
 *(.ARM.exidx*)
 .ARM.exidx     0x08004808        0x8 /opt/st/stm32cubeide_1.18.0/plugins/com.st.stm32cube.ide.mcu.externaltools.gnu-tools-for-stm32.13.3.rel1.linux64_1.0.0.202410170706/tools/bin/../lib/gcc/arm-none-eabi/13.3.1/thumb/v6-m/nofp/libgcc.a(_udivmoddi4.o)
                0x08004810                        __exidx_end = .
                0x08004810                        . = ALIGN (0x4)

.preinit_array  0x08004810        0x0
                0x08004810                        . = ALIGN (0x4)
                0x08004810                        PROVIDE (__preinit_array_start = .)
 *(.preinit_array*)
                0x08004810                        PROVIDE (__preinit_array_end = .)
                0x08004810                        . = ALIGN (0x4)

.init_array     0x08004810        0x4
                0x08004810                        . = ALIGN (0x4)
                0x08004810                        PROVIDE (__init_array_start = .)
 *(SORT_BY_NAME(.init_array.*))
 *(.init_array*)
 .init_array    0x08004810        0x4 /opt/st/stm32cubeide_1.18.0/plugins/com.st.stm32cube.ide.mcu.externaltools.gnu-tools-for-stm32.13.3.rel1.linux64_1.0.0.202410170706/tools/bin/../lib/gcc/arm-none-eabi/13.3.1/thumb/v6-m/nofp/crtbegin.o
                0x08004814                        PROVIDE (__init_array_end = .)
                0x08004814                        . = ALIGN (0x4)

.fini_array     0x08004814        0x4
                0x08004814                        . = ALIGN (0x4)
                [!provide]                        PROVIDE (__fini_array_start = .)
 *(SORT_BY_NAME(.fini_array.*))
 *(.fini_array*)
 .fini_array    0x08004814        0x4 /opt/st/stm32cubeide_1.18.0/plugins/com.st.stm32cube.ide.mcu.externaltools.gnu-tools-for-stm32.13.3.rel1.linux64_1.0.0.202410170706/tools/bin/../lib/gcc/arm-none-eabi/13.3.1/thumb/v6-m/nofp/crtbegin.o
                [!provide]                        PROVIDE (__fini_array_end = .)
                0x08004818                        . = ALIGN (0x4)
                0x08004818                        _sidata = LOADADDR (.data)

.rel.dyn        0x08004818        0x0
 .rel.iplt      0x08004818        0x0 /opt/st/stm32cubeide_1.18.0/plugins/com.st.stm32cube.ide.mcu.externaltools.gnu-tools-for-stm32.13.3.rel1.linux64_1.0.0.202410170706/tools/bin/../lib/gcc/arm-none-eabi/13.3.1/thumb/v6-m/nofp/crtbegin.o

.data           0x20000000        0xc load address 0x08004818
                0x20000000                        . = ALIGN (0x4)
                0x20000000                        _sdata = .
 *(.data)
 *(.data*)
 .data.SystemCoreClock
                0x20000000        0x4 ./Drivers/CMSIS/system_stm32u0xx.o
                0x20000000                SystemCoreClock
 .data.uwTickPrio
                0x20000004        0x4 ./Drivers/STM32U0xx_HAL_Driver/stm32u0xx_hal.o
                0x20000004                uwTickPrio
 .data.uwTickFreq
                0x20000008        0x4 ./Drivers/STM32U0xx_HAL_Driver/stm32u0xx_hal.o
                0x20000008                uwTickFreq
 *(.RamFunc)
 *(.RamFunc*)
                0x2000000c                        . = ALIGN (0x4)
                0x2000000c                        _edata = .

.igot.plt       0x2000000c        0x0 load address 0x08004824
 .igot.plt      0x2000000c        0x0 /opt/st/stm32cubeide_1.18.0/plugins/com.st.stm32cube.ide.mcu.externaltools.gnu-tools-for-stm32.13.3.rel1.linux64_1.0.0.202410170706/tools/bin/../lib/gcc/arm-none-eabi/13.3.1/thumb/v6-m/nofp/crtbegin.o
                0x2000000c                        . = ALIGN (0x4)

.bss            0x2000000c      0x1f8 load address 0x08004824
                0x2000000c                        _sbss = .
                0x2000000c                        __bss_start__ = _sbss
 *(.bss)
 .bss           0x2000000c       0x1c /opt/st/stm32cubeide_1.18.0/plugins/com.st.stm32cube.ide.mcu.externaltools.gnu-tools-for-stm32.13.3.rel1.linux64_1.0.0.202410170706/tools/bin/../lib/gcc/arm-none-eabi/13.3.1/thumb/v6-m/nofp/crtbegin.o
 *(.bss*)
 .bss.hlpuart2  0x20000028       0x94 ./Application/User/main.o
                0x20000028                hlpuart2
 .bss.hrtc      0x200000bc       0x30 ./Application/User/main.o
                0x200000bc                hrtc
 .bss.hspi1     0x200000ec       0x64 ./Application/User/main.o
                0x200000ec                hspi1
 .bss.hspi2     0x20000150       0x64 ./Application/User/main.o
                0x20000150                hspi2
 .bss.htim2     0x200001b4       0x4c ./Application/User/main.o
                0x200001b4                htim2
 .bss.uwTick    0x20000200        0x4 ./Drivers/STM32U0xx_HAL_Driver/stm32u0xx_hal.o
                0x20000200                uwTick
 *(COMMON)
                0x20000204                        . = ALIGN (0x4)
                0x20000204                        _ebss = .
                0x20000204                        __bss_end__ = _ebss

._user_heap_stack
                0x20000204      0x604 load address 0x08004824
                0x20000208                        . = ALIGN (0x8)
 *fill*         0x20000204        0x4 
                [!provide]                        PROVIDE (end = .)
                0x20000208                        PROVIDE (_end = .)
                0x20000408                        . = (. + _Min_Heap_Size)
 *fill*         0x20000208      0x200 
                0x20000808                        . = (. + _Min_Stack_Size)
 *fill*         0x20000408      0x400 
                0x20000808                        . = ALIGN (0x8)

/DISCARD/
 libc.a(*)
 libm.a(*)
 libgcc.a(*)

.ARM.attributes
                0x00000000       0x28
 *(.ARM.attributes)
 .ARM.attributes
                0x00000000       0x1e /opt/st/stm32cubeide_1.18.0/plugins/com.st.stm32cube.ide.mcu.externaltools.gnu-tools-for-stm32.13.3.rel1.linux64_1.0.0.202410170706/tools/bin/../lib/gcc/arm-none-eabi/13.3.1/thumb/v6-m/nofp/crti.o
 .ARM.attributes
                0x0000001e       0x2c /opt/st/stm32cubeide_1.18.0/plugins/com.st.stm32cube.ide.mcu.externaltools.gnu-tools-for-stm32.13.3.rel1.linux64_1.0.0.202410170706/tools/bin/../lib/gcc/arm-none-eabi/13.3.1/thumb/v6-m/nofp/crtbegin.o
 .ARM.attributes
                0x0000004a       0x22 ./Application/Startup/startup_stm32u031k6ux.o
 .ARM.attributes
                0x0000006c       0x2c ./Application/User/main.o
 .ARM.attributes
                0x00000098       0x2c ./Application/User/stm32u0xx_hal_msp.o
 .ARM.attributes
                0x000000c4       0x2c ./Application/User/stm32u0xx_it.o
 .ARM.attributes
                0x000000f0       0x2c ./Drivers/CMSIS/system_stm32u0xx.o
 .ARM.attributes
                0x0000011c       0x2c ./Drivers/STM32U0xx_HAL_Driver/stm32u0xx_hal.o
 .ARM.attributes
                0x00000148       0x2c ./Drivers/STM32U0xx_HAL_Driver/stm32u0xx_hal_cortex.o
 .ARM.attributes
                0x00000174       0x2c ./Drivers/STM32U0xx_HAL_Driver/stm32u0xx_hal_gpio.o
 .ARM.attributes
                0x000001a0       0x2c ./Drivers/STM32U0xx_HAL_Driver/stm32u0xx_hal_pwr_ex.o
 .ARM.attributes
                0x000001cc       0x2c ./Drivers/STM32U0xx_HAL_Driver/stm32u0xx_hal_rcc.o
 .ARM.attributes
                0x000001f8       0x2c ./Drivers/STM32U0xx_HAL_Driver/stm32u0xx_hal_rcc_ex.o
 .ARM.attributes
                0x00000224       0x2c ./Drivers/STM32U0xx_HAL_Driver/stm32u0xx_hal_rtc.o
 .ARM.attributes
                0x00000250       0x2c ./Drivers/STM32U0xx_HAL_Driver/stm32u0xx_hal_spi.o
 .ARM.attributes
                0x0000027c       0x2c ./Drivers/STM32U0xx_HAL_Driver/stm32u0xx_hal_tim.o
 .ARM.attributes
                0x000002a8       0x2c ./Drivers/STM32U0xx_HAL_Driver/stm32u0xx_hal_tim_ex.o
 .ARM.attributes
                0x000002d4       0x2c ./Drivers/STM32U0xx_HAL_Driver/stm32u0xx_hal_uart.o
 .ARM.attributes
                0x00000300       0x2c ./Drivers/STM32U0xx_HAL_Driver/stm32u0xx_hal_uart_ex.o
 .ARM.attributes
                0x0000032c       0x2c /opt/st/stm32cubeide_1.18.0/plugins/com.st.stm32cube.ide.mcu.externaltools.gnu-tools-for-stm32.13.3.rel1.linux64_1.0.0.202410170706/tools/bin/../lib/gcc/arm-none-eabi/13.3.1/../../../../arm-none-eabi/lib/thumb/v6-m/nofp/libc_nano.a(libc_a-memset.o)
 .ARM.attributes
                0x00000358       0x2c /opt/st/stm32cubeide_1.18.0/plugins/com.st.stm32cube.ide.mcu.externaltools.gnu-tools-for-stm32.13.3.rel1.linux64_1.0.0.202410170706/tools/bin/../lib/gcc/arm-none-eabi/13.3.1/../../../../arm-none-eabi/lib/thumb/v6-m/nofp/libc_nano.a(libc_a-init.o)
 .ARM.attributes
                0x00000384       0x1e /opt/st/stm32cubeide_1.18.0/plugins/com.st.stm32cube.ide.mcu.externaltools.gnu-tools-for-stm32.13.3.rel1.linux64_1.0.0.202410170706/tools/bin/../lib/gcc/arm-none-eabi/13.3.1/thumb/v6-m/nofp/libgcc.a(_udivsi3.o)
 .ARM.attributes
                0x000003a2       0x1e /opt/st/stm32cubeide_1.18.0/plugins/com.st.stm32cube.ide.mcu.externaltools.gnu-tools-for-stm32.13.3.rel1.linux64_1.0.0.202410170706/tools/bin/../lib/gcc/arm-none-eabi/13.3.1/thumb/v6-m/nofp/libgcc.a(_divsi3.o)
 .ARM.attributes
                0x000003c0       0x1e /opt/st/stm32cubeide_1.18.0/plugins/com.st.stm32cube.ide.mcu.externaltools.gnu-tools-for-stm32.13.3.rel1.linux64_1.0.0.202410170706/tools/bin/../lib/gcc/arm-none-eabi/13.3.1/thumb/v6-m/nofp/libgcc.a(_dvmd_tls.o)
 .ARM.attributes
                0x000003de       0x1e /opt/st/stm32cubeide_1.18.0/plugins/com.st.stm32cube.ide.mcu.externaltools.gnu-tools-for-stm32.13.3.rel1.linux64_1.0.0.202410170706/tools/bin/../lib/gcc/arm-none-eabi/13.3.1/thumb/v6-m/nofp/libgcc.a(_aeabi_uldivmod.o)
 .ARM.attributes
                0x000003fc       0x2c /opt/st/stm32cubeide_1.18.0/plugins/com.st.stm32cube.ide.mcu.externaltools.gnu-tools-for-stm32.13.3.rel1.linux64_1.0.0.202410170706/tools/bin/../lib/gcc/arm-none-eabi/13.3.1/thumb/v6-m/nofp/libgcc.a(_udivmoddi4.o)
 .ARM.attributes
                0x00000428       0x1e /opt/st/stm32cubeide_1.18.0/plugins/com.st.stm32cube.ide.mcu.externaltools.gnu-tools-for-stm32.13.3.rel1.linux64_1.0.0.202410170706/tools/bin/../lib/gcc/arm-none-eabi/13.3.1/thumb/v6-m/nofp/libgcc.a(_clzdi2.o)
 .ARM.attributes
                0x00000446       0x1e /opt/st/stm32cubeide_1.18.0/plugins/com.st.stm32cube.ide.mcu.externaltools.gnu-tools-for-stm32.13.3.rel1.linux64_1.0.0.202410170706/tools/bin/../lib/gcc/arm-none-eabi/13.3.1/thumb/v6-m/nofp/libgcc.a(_clzsi2.o)
 .ARM.attributes
                0x00000464       0x1e /opt/st/stm32cubeide_1.18.0/plugins/com.st.stm32cube.ide.mcu.externaltools.gnu-tools-for-stm32.13.3.rel1.linux64_1.0.0.202410170706/tools/bin/../lib/gcc/arm-none-eabi/13.3.1/thumb/v6-m/nofp/crtn.o
OUTPUT(rfid_semb.elf elf32-littlearm)
LOAD linker stubs
LOAD /opt/st/stm32cubeide_1.18.0/plugins/com.st.stm32cube.ide.mcu.externaltools.gnu-tools-for-stm32.13.3.rel1.linux64_1.0.0.202410170706/tools/bin/../lib/gcc/arm-none-eabi/13.3.1/../../../../arm-none-eabi/lib/thumb/v6-m/nofp/libc.a
LOAD /opt/st/stm32cubeide_1.18.0/plugins/com.st.stm32cube.ide.mcu.externaltools.gnu-tools-for-stm32.13.3.rel1.linux64_1.0.0.202410170706/tools/bin/../lib/gcc/arm-none-eabi/13.3.1/../../../../arm-none-eabi/lib/thumb/v6-m/nofp/libm.a
LOAD /opt/st/stm32cubeide_1.18.0/plugins/com.st.stm32cube.ide.mcu.externaltools.gnu-tools-for-stm32.13.3.rel1.linux64_1.0.0.202410170706/tools/bin/../lib/gcc/arm-none-eabi/13.3.1/thumb/v6-m/nofp/libgcc.a

.debug_line     0x00000000    0x13dcb
 .debug_line    0x00000000       0x7b ./Application/Startup/startup_stm32u031k6ux.o
 .debug_line    0x0000007b      0x9ac ./Application/User/main.o
 .debug_line    0x00000a27      0x8e7 ./Application/User/stm32u0xx_hal_msp.o
 .debug_line    0x0000130e      0x7a6 ./Application/User/stm32u0xx_it.o
 .debug_line    0x00001ab4      0x824 ./Drivers/CMSIS/system_stm32u0xx.o
 .debug_line    0x000022d8      0xb13 ./Drivers/STM32U0xx_HAL_Driver/stm32u0xx_hal.o
 .debug_line    0x00002deb      0xba0 ./Drivers/STM32U0xx_HAL_Driver/stm32u0xx_hal_cortex.o
 .debug_line    0x0000398b      0xb6c ./Drivers/STM32U0xx_HAL_Driver/stm32u0xx_hal_gpio.o
 .debug_line    0x000044f7      0xbdc ./Drivers/STM32U0xx_HAL_Driver/stm32u0xx_hal_pwr_ex.o
 .debug_line    0x000050d3     0x1058 ./Drivers/STM32U0xx_HAL_Driver/stm32u0xx_hal_rcc.o
 .debug_line    0x0000612b     0x1071 ./Drivers/STM32U0xx_HAL_Driver/stm32u0xx_hal_rcc_ex.o
 .debug_line    0x0000719c     0x102a ./Drivers/STM32U0xx_HAL_Driver/stm32u0xx_hal_rtc.o
 .debug_line    0x000081c6     0x1feb ./Drivers/STM32U0xx_HAL_Driver/stm32u0xx_hal_spi.o
 .debug_line    0x0000a1b1     0x3c5c ./Drivers/STM32U0xx_HAL_Driver/stm32u0xx_hal_tim.o
 .debug_line    0x0000de0d     0x1bc2 ./Drivers/STM32U0xx_HAL_Driver/stm32u0xx_hal_tim_ex.o
 .debug_line    0x0000f9cf     0x36ce ./Drivers/STM32U0xx_HAL_Driver/stm32u0xx_hal_uart.o
 .debug_line    0x0001309d      0xd2e ./Drivers/STM32U0xx_HAL_Driver/stm32u0xx_hal_uart_ex.o

.debug_line_str
                0x00000000       0x6f
 .debug_line_str
                0x00000000       0x6f ./Application/Startup/startup_stm32u031k6ux.o

.debug_info     0x00000000    0x12f57
 .debug_info    0x00000000       0x30 ./Application/Startup/startup_stm32u031k6ux.o
 .debug_info    0x00000030     0x193a ./Application/User/main.o
 .debug_info    0x0000196a     0x1798 ./Application/User/stm32u0xx_hal_msp.o
 .debug_info    0x00003102      0x117 ./Application/User/stm32u0xx_it.o
 .debug_info    0x00003219      0x66c ./Drivers/CMSIS/system_stm32u0xx.o
 .debug_info    0x00003885      0x978 ./Drivers/STM32U0xx_HAL_Driver/stm32u0xx_hal.o
 .debug_info    0x000041fd      0x8e3 ./Drivers/STM32U0xx_HAL_Driver/stm32u0xx_hal_cortex.o
 .debug_info    0x00004ae0      0x590 ./Drivers/STM32U0xx_HAL_Driver/stm32u0xx_hal_gpio.o
 .debug_info    0x00005070      0x7ed ./Drivers/STM32U0xx_HAL_Driver/stm32u0xx_hal_pwr_ex.o
 .debug_info    0x0000585d      0xc5d ./Drivers/STM32U0xx_HAL_Driver/stm32u0xx_hal_rcc.o
 .debug_info    0x000064ba      0xc1d ./Drivers/STM32U0xx_HAL_Driver/stm32u0xx_hal_rcc_ex.o
 .debug_info    0x000070d7      0xca3 ./Drivers/STM32U0xx_HAL_Driver/stm32u0xx_hal_rtc.o
 .debug_info    0x00007d7a     0x1722 ./Drivers/STM32U0xx_HAL_Driver/stm32u0xx_hal_spi.o
 .debug_info    0x0000949c     0x2bb4 ./Drivers/STM32U0xx_HAL_Driver/stm32u0xx_hal_tim.o
 .debug_info    0x0000c050     0x18c5 ./Drivers/STM32U0xx_HAL_Driver/stm32u0xx_hal_tim_ex.o
 .debug_info    0x0000d915     0x46ab ./Drivers/STM32U0xx_HAL_Driver/stm32u0xx_hal_uart.o
 .debug_info    0x00011fc0      0xf97 ./Drivers/STM32U0xx_HAL_Driver/stm32u0xx_hal_uart_ex.o

.debug_abbrev   0x00000000     0x25b5
 .debug_abbrev  0x00000000       0x24 ./Application/Startup/startup_stm32u031k6ux.o
 .debug_abbrev  0x00000024      0x2b4 ./Application/User/main.o
 .debug_abbrev  0x000002d8      0x25f ./Application/User/stm32u0xx_hal_msp.o
 .debug_abbrev  0x00000537       0xac ./Application/User/stm32u0xx_it.o
 .debug_abbrev  0x000005e3      0x117 ./Drivers/CMSIS/system_stm32u0xx.o
 .debug_abbrev  0x000006fa      0x2cd ./Drivers/STM32U0xx_HAL_Driver/stm32u0xx_hal.o
 .debug_abbrev  0x000009c7      0x2ab ./Drivers/STM32U0xx_HAL_Driver/stm32u0xx_hal_cortex.o
 .debug_abbrev  0x00000c72      0x1c8 ./Drivers/STM32U0xx_HAL_Driver/stm32u0xx_hal_gpio.o
 .debug_abbrev  0x00000e3a      0x212 ./Drivers/STM32U0xx_HAL_Driver/stm32u0xx_hal_pwr_ex.o
 .debug_abbrev  0x0000104c      0x2d7 ./Drivers/STM32U0xx_HAL_Driver/stm32u0xx_hal_rcc.o
 .debug_abbrev  0x00001323      0x28e ./Drivers/STM32U0xx_HAL_Driver/stm32u0xx_hal_rcc_ex.o
 .debug_abbrev  0x000015b1      0x226 ./Drivers/STM32U0xx_HAL_Driver/stm32u0xx_hal_rtc.o
 .debug_abbrev  0x000017d7      0x291 ./Drivers/STM32U0xx_HAL_Driver/stm32u0xx_hal_spi.o
 .debug_abbrev  0x00001a68      0x29a ./Drivers/STM32U0xx_HAL_Driver/stm32u0xx_hal_tim.o
 .debug_abbrev  0x00001d02      0x2aa ./Drivers/STM32U0xx_HAL_Driver/stm32u0xx_hal_tim_ex.o
 .debug_abbrev  0x00001fac      0x323 ./Drivers/STM32U0xx_HAL_Driver/stm32u0xx_hal_uart.o
 .debug_abbrev  0x000022cf      0x2e6 ./Drivers/STM32U0xx_HAL_Driver/stm32u0xx_hal_uart_ex.o

.debug_aranges  0x00000000     0x1130
 .debug_aranges
                0x00000000       0x28 ./Application/Startup/startup_stm32u031k6ux.o
 .debug_aranges
                0x00000028       0x60 ./Application/User/main.o
 .debug_aranges
                0x00000088       0x68 ./Application/User/stm32u0xx_hal_msp.o
 .debug_aranges
                0x000000f0       0x40 ./Application/User/stm32u0xx_it.o
 .debug_aranges
                0x00000130       0x28 ./Drivers/CMSIS/system_stm32u0xx.o
 .debug_aranges
                0x00000158      0x130 ./Drivers/STM32U0xx_HAL_Driver/stm32u0xx_hal.o
 .debug_aranges
                0x00000288       0xe8 ./Drivers/STM32U0xx_HAL_Driver/stm32u0xx_hal_cortex.o
 .debug_aranges
                0x00000370       0x60 ./Drivers/STM32U0xx_HAL_Driver/stm32u0xx_hal_gpio.o
 .debug_aranges
                0x000003d0      0x108 ./Drivers/STM32U0xx_HAL_Driver/stm32u0xx_hal_pwr_ex.o
 .debug_aranges
                0x000004d8       0x88 ./Drivers/STM32U0xx_HAL_Driver/stm32u0xx_hal_rcc.o
 .debug_aranges
                0x00000560       0xa8 ./Drivers/STM32U0xx_HAL_Driver/stm32u0xx_hal_rcc_ex.o
 .debug_aranges
                0x00000608       0xe8 ./Drivers/STM32U0xx_HAL_Driver/stm32u0xx_hal_rtc.o
 .debug_aranges
                0x000006f0      0x1d8 ./Drivers/STM32U0xx_HAL_Driver/stm32u0xx_hal_spi.o
 .debug_aranges
                0x000008c8      0x3e0 ./Drivers/STM32U0xx_HAL_Driver/stm32u0xx_hal_tim.o
 .debug_aranges
                0x00000ca8      0x198 ./Drivers/STM32U0xx_HAL_Driver/stm32u0xx_hal_tim_ex.o
 .debug_aranges
                0x00000e40      0x248 ./Drivers/STM32U0xx_HAL_Driver/stm32u0xx_hal_uart.o
 .debug_aranges
                0x00001088       0xa8 ./Drivers/STM32U0xx_HAL_Driver/stm32u0xx_hal_uart_ex.o

.debug_str      0x00000000    0xacf54
 .debug_str     0x00000000    0xacf54 ./Application/Startup/startup_stm32u031k6ux.o
                                 0x8b (size before relaxing)
 .debug_str     0x000acf54    0xa8ca7 ./Application/User/main.o
 .debug_str     0x000acf54    0xa8add ./Application/User/stm32u0xx_hal_msp.o
 .debug_str     0x000acf54    0xa7b9d ./Application/User/stm32u0xx_it.o
 .debug_str     0x000acf54    0xa7a3c ./Drivers/CMSIS/system_stm32u0xx.o
 .debug_str     0x000acf54    0xa804d ./Drivers/STM32U0xx_HAL_Driver/stm32u0xx_hal.o
 .debug_str     0x000acf54    0xa7da4 ./Drivers/STM32U0xx_HAL_Driver/stm32u0xx_hal_cortex.o
 .debug_str     0x000acf54    0xa79fd ./Drivers/STM32U0xx_HAL_Driver/stm32u0xx_hal_gpio.o
 .debug_str     0x000acf54    0xa7dbf ./Drivers/STM32U0xx_HAL_Driver/stm32u0xx_hal_pwr_ex.o
 .debug_str     0x000acf54    0xa80d8 ./Drivers/STM32U0xx_HAL_Driver/stm32u0xx_hal_rcc.o
 .debug_str     0x000acf54    0xa7f6c ./Drivers/STM32U0xx_HAL_Driver/stm32u0xx_hal_rcc_ex.o
 .debug_str     0x000acf54    0xa7de3 ./Drivers/STM32U0xx_HAL_Driver/stm32u0xx_hal_rtc.o
 .debug_str     0x000acf54    0xa82ae ./Drivers/STM32U0xx_HAL_Driver/stm32u0xx_hal_spi.o
 .debug_str     0x000acf54    0xa8e0a ./Drivers/STM32U0xx_HAL_Driver/stm32u0xx_hal_tim.o
 .debug_str     0x000acf54    0xa8798 ./Drivers/STM32U0xx_HAL_Driver/stm32u0xx_hal_tim_ex.o
 .debug_str     0x000acf54    0xa8738 ./Drivers/STM32U0xx_HAL_Driver/stm32u0xx_hal_uart.o
 .debug_str     0x000acf54    0xa8152 ./Drivers/STM32U0xx_HAL_Driver/stm32u0xx_hal_uart_ex.o

.debug_rnglists
                0x00000000      0xd94
 .debug_rnglists
                0x00000000       0x19 ./Application/Startup/startup_stm32u031k6ux.o
 .debug_rnglists
                0x00000019       0x47 ./Application/User/main.o
 .debug_rnglists
                0x00000060       0x4c ./Application/User/stm32u0xx_hal_msp.o
 .debug_rnglists
                0x000000ac       0x2b ./Application/User/stm32u0xx_it.o
 .debug_rnglists
                0x000000d7       0x1a ./Drivers/CMSIS/system_stm32u0xx.o
 .debug_rnglists
                0x000000f1       0xe0 ./Drivers/STM32U0xx_HAL_Driver/stm32u0xx_hal.o
 .debug_rnglists
                0x000001d1       0xaa ./Drivers/STM32U0xx_HAL_Driver/stm32u0xx_hal_cortex.o
 .debug_rnglists
                0x0000027b       0x45 ./Drivers/STM32U0xx_HAL_Driver/stm32u0xx_hal_gpio.o
 .debug_rnglists
                0x000002c0       0xc8 ./Drivers/STM32U0xx_HAL_Driver/stm32u0xx_hal_pwr_ex.o
 .debug_rnglists
                0x00000388       0x68 ./Drivers/STM32U0xx_HAL_Driver/stm32u0xx_hal_rcc.o
 .debug_rnglists
                0x000003f0       0x81 ./Drivers/STM32U0xx_HAL_Driver/stm32u0xx_hal_rcc_ex.o
 .debug_rnglists
                0x00000471       0xb4 ./Drivers/STM32U0xx_HAL_Driver/stm32u0xx_hal_rtc.o
 .debug_rnglists
                0x00000525      0x17a ./Drivers/STM32U0xx_HAL_Driver/stm32u0xx_hal_spi.o
 .debug_rnglists
                0x0000069f      0x32a ./Drivers/STM32U0xx_HAL_Driver/stm32u0xx_hal_tim.o
 .debug_rnglists
                0x000009c9      0x14e ./Drivers/STM32U0xx_HAL_Driver/stm32u0xx_hal_tim_ex.o
 .debug_rnglists
                0x00000b17      0x1fd ./Drivers/STM32U0xx_HAL_Driver/stm32u0xx_hal_uart.o
 .debug_rnglists
                0x00000d14       0x80 ./Drivers/STM32U0xx_HAL_Driver/stm32u0xx_hal_uart_ex.o

.debug_macro    0x00000000    0x1a33d
 .debug_macro   0x00000000      0x213 ./Application/User/main.o
 .debug_macro   0x00000213      0xaae ./Application/User/main.o
 .debug_macro   0x00000cc1      0x124 ./Application/User/main.o
 .debug_macro   0x00000de5       0x2e ./Application/User/main.o
 .debug_macro   0x00000e13       0x28 ./Application/User/main.o
 .debug_macro   0x00000e3b       0x22 ./Application/User/main.o
 .debug_macro   0x00000e5d       0x8e ./Application/User/main.o
 .debug_macro   0x00000eeb       0x51 ./Application/User/main.o
 .debug_macro   0x00000f3c      0x103 ./Application/User/main.o
 .debug_macro   0x0000103f       0x6a ./Application/User/main.o
 .debug_macro   0x000010a9      0x1df ./Application/User/main.o
 .debug_macro   0x00001288       0x1c ./Application/User/main.o
 .debug_macro   0x000012a4       0x22 ./Application/User/main.o
 .debug_macro   0x000012c6       0xd1 ./Application/User/main.o
 .debug_macro   0x00001397      0x4da ./Application/User/main.o
 .debug_macro   0x00001871      0x11f ./Application/User/main.o
 .debug_macro   0x00001990     0xdc06 ./Application/User/main.o
 .debug_macro   0x0000f596       0x6c ./Application/User/main.o
 .debug_macro   0x0000f602     0x3463 ./Application/User/main.o
 .debug_macro   0x00012a65      0x190 ./Application/User/main.o
 .debug_macro   0x00012bf5       0x5a ./Application/User/main.o
 .debug_macro   0x00012c4f     0x11c3 ./Application/User/main.o
 .debug_macro   0x00013e12      0x31a ./Application/User/main.o
 .debug_macro   0x0001412c      0x1cf ./Application/User/main.o
 .debug_macro   0x000142fb      0x11c ./Application/User/main.o
 .debug_macro   0x00014417      0x432 ./Application/User/main.o
 .debug_macro   0x00014849      0x280 ./Application/User/main.o
 .debug_macro   0x00014ac9      0x3c3 ./Application/User/main.o
 .debug_macro   0x00014e8c      0x1a5 ./Application/User/main.o
 .debug_macro   0x00015031       0x43 ./Application/User/main.o
 .debug_macro   0x00015074      0x1f1 ./Application/User/main.o
 .debug_macro   0x00015265      0x1b6 ./Application/User/main.o
 .debug_macro   0x0001541b      0x375 ./Application/User/main.o
 .debug_macro   0x00015790       0x2e ./Application/User/main.o
 .debug_macro   0x000157be       0xe4 ./Application/User/main.o
 .debug_macro   0x000158a2      0x128 ./Application/User/main.o
 .debug_macro   0x000159ca      0x34b ./Application/User/main.o
 .debug_macro   0x00015d15      0x336 ./Application/User/main.o
 .debug_macro   0x0001604b      0x65f ./Application/User/main.o
 .debug_macro   0x000166aa       0xe4 ./Application/User/main.o
 .debug_macro   0x0001678e      0x2fe ./Application/User/main.o
 .debug_macro   0x00016a8c      0xac9 ./Application/User/main.o
 .debug_macro   0x00017555      0x13c ./Application/User/main.o
 .debug_macro   0x00017691      0x693 ./Application/User/main.o
 .debug_macro   0x00017d24       0xa6 ./Application/User/main.o
 .debug_macro   0x00017dca      0x555 ./Application/User/main.o
 .debug_macro   0x0001831f       0xd0 ./Application/User/main.o
 .debug_macro   0x000183ef      0x213 ./Application/User/stm32u0xx_hal_msp.o
 .debug_macro   0x00018602      0x21d ./Application/User/stm32u0xx_it.o
 .debug_macro   0x0001881f      0x210 ./Drivers/CMSIS/system_stm32u0xx.o
 .debug_macro   0x00018a2f      0x222 ./Drivers/STM32U0xx_HAL_Driver/stm32u0xx_hal.o
 .debug_macro   0x00018c51      0x204 ./Drivers/STM32U0xx_HAL_Driver/stm32u0xx_hal_cortex.o
 .debug_macro   0x00018e55      0x20a ./Drivers/STM32U0xx_HAL_Driver/stm32u0xx_hal_gpio.o
 .debug_macro   0x0001905f      0x22e ./Drivers/STM32U0xx_HAL_Driver/stm32u0xx_hal_pwr_ex.o
 .debug_macro   0x0001928d      0x234 ./Drivers/STM32U0xx_HAL_Driver/stm32u0xx_hal_rcc.o
 .debug_macro   0x000194c1      0x216 ./Drivers/STM32U0xx_HAL_Driver/stm32u0xx_hal_rcc_ex.o
 .debug_macro   0x000196d7      0x205 ./Drivers/STM32U0xx_HAL_Driver/stm32u0xx_hal_rtc.o
 .debug_macro   0x000198dc      0x20c ./Drivers/STM32U0xx_HAL_Driver/stm32u0xx_hal_spi.o
 .debug_macro   0x00019ae8      0x20c ./Drivers/STM32U0xx_HAL_Driver/stm32u0xx_hal_tim.o
 .debug_macro   0x00019cf4      0x20a ./Drivers/STM32U0xx_HAL_Driver/stm32u0xx_hal_tim_ex.o
 .debug_macro   0x00019efe      0x22f ./Drivers/STM32U0xx_HAL_Driver/stm32u0xx_hal_uart.o
 .debug_macro   0x0001a12d      0x210 ./Drivers/STM32U0xx_HAL_Driver/stm32u0xx_hal_uart_ex.o

.comment        0x00000000       0x43
 .comment       0x00000000       0x43 ./Application/User/main.o
                                 0x44 (size before relaxing)
 .comment       0x00000043       0x44 ./Application/User/stm32u0xx_hal_msp.o
 .comment       0x00000043       0x44 ./Application/User/stm32u0xx_it.o
 .comment       0x00000043       0x44 ./Drivers/CMSIS/system_stm32u0xx.o
 .comment       0x00000043       0x44 ./Drivers/STM32U0xx_HAL_Driver/stm32u0xx_hal.o
 .comment       0x00000043       0x44 ./Drivers/STM32U0xx_HAL_Driver/stm32u0xx_hal_cortex.o
 .comment       0x00000043       0x44 ./Drivers/STM32U0xx_HAL_Driver/stm32u0xx_hal_gpio.o
 .comment       0x00000043       0x44 ./Drivers/STM32U0xx_HAL_Driver/stm32u0xx_hal_pwr_ex.o
 .comment       0x00000043       0x44 ./Drivers/STM32U0xx_HAL_Driver/stm32u0xx_hal_rcc.o
 .comment       0x00000043       0x44 ./Drivers/STM32U0xx_HAL_Driver/stm32u0xx_hal_rcc_ex.o
 .comment       0x00000043       0x44 ./Drivers/STM32U0xx_HAL_Driver/stm32u0xx_hal_rtc.o
 .comment       0x00000043       0x44 ./Drivers/STM32U0xx_HAL_Driver/stm32u0xx_hal_spi.o
 .comment       0x00000043       0x44 ./Drivers/STM32U0xx_HAL_Driver/stm32u0xx_hal_tim.o
 .comment       0x00000043       0x44 ./Drivers/STM32U0xx_HAL_Driver/stm32u0xx_hal_tim_ex.o
 .comment       0x00000043       0x44 ./Drivers/STM32U0xx_HAL_Driver/stm32u0xx_hal_uart.o
 .comment       0x00000043       0x44 ./Drivers/STM32U0xx_HAL_Driver/stm32u0xx_hal_uart_ex.o

.debug_frame    0x00000000     0x3f0c
 .debug_frame   0x00000000      0x118 ./Application/User/main.o
 .debug_frame   0x00000118      0x150 ./Application/User/stm32u0xx_hal_msp.o
 .debug_frame   0x00000268       0x9c ./Application/User/stm32u0xx_it.o
 .debug_frame   0x00000304       0x50 ./Drivers/CMSIS/system_stm32u0xx.o
 .debug_frame   0x00000354      0x408 ./Drivers/STM32U0xx_HAL_Driver/stm32u0xx_hal.o
 .debug_frame   0x0000075c      0x33c ./Drivers/STM32U0xx_HAL_Driver/stm32u0xx_hal_cortex.o
 .debug_frame   0x00000a98      0x130 ./Drivers/STM32U0xx_HAL_Driver/stm32u0xx_hal_gpio.o
 .debug_frame   0x00000bc8      0x388 ./Drivers/STM32U0xx_HAL_Driver/stm32u0xx_hal_pwr_ex.o
 .debug_frame   0x00000f50      0x1c4 ./Drivers/STM32U0xx_HAL_Driver/stm32u0xx_hal_rcc.o
 .debug_frame   0x00001114      0x23c ./Drivers/STM32U0xx_HAL_Driver/stm32u0xx_hal_rcc_ex.o
 .debug_frame   0x00001350      0x354 ./Drivers/STM32U0xx_HAL_Driver/stm32u0xx_hal_rtc.o
 .debug_frame   0x000016a4      0x710 ./Drivers/STM32U0xx_HAL_Driver/stm32u0xx_hal_spi.o
 .debug_frame   0x00001db4      0xf40 ./Drivers/STM32U0xx_HAL_Driver/stm32u0xx_hal_tim.o
 .debug_frame   0x00002cf4      0x620 ./Drivers/STM32U0xx_HAL_Driver/stm32u0xx_hal_tim_ex.o
 .debug_frame   0x00003314      0x8d8 ./Drivers/STM32U0xx_HAL_Driver/stm32u0xx_hal_uart.o
 .debug_frame   0x00003bec      0x258 ./Drivers/STM32U0xx_HAL_Driver/stm32u0xx_hal_uart_ex.o
 .debug_frame   0x00003e44       0x20 /opt/st/stm32cubeide_1.18.0/plugins/com.st.stm32cube.ide.mcu.externaltools.gnu-tools-for-stm32.13.3.rel1.linux64_1.0.0.202410170706/tools/bin/../lib/gcc/arm-none-eabi/13.3.1/../../../../arm-none-eabi/lib/thumb/v6-m/nofp/libc_nano.a(libc_a-memset.o)
 .debug_frame   0x00003e64       0x2c /opt/st/stm32cubeide_1.18.0/plugins/com.st.stm32cube.ide.mcu.externaltools.gnu-tools-for-stm32.13.3.rel1.linux64_1.0.0.202410170706/tools/bin/../lib/gcc/arm-none-eabi/13.3.1/../../../../arm-none-eabi/lib/thumb/v6-m/nofp/libc_nano.a(libc_a-init.o)
 .debug_frame   0x00003e90       0x20 /opt/st/stm32cubeide_1.18.0/plugins/com.st.stm32cube.ide.mcu.externaltools.gnu-tools-for-stm32.13.3.rel1.linux64_1.0.0.202410170706/tools/bin/../lib/gcc/arm-none-eabi/13.3.1/thumb/v6-m/nofp/libgcc.a(_udivsi3.o)
 .debug_frame   0x00003eb0       0x20 /opt/st/stm32cubeide_1.18.0/plugins/com.st.stm32cube.ide.mcu.externaltools.gnu-tools-for-stm32.13.3.rel1.linux64_1.0.0.202410170706/tools/bin/../lib/gcc/arm-none-eabi/13.3.1/thumb/v6-m/nofp/libgcc.a(_divsi3.o)
 .debug_frame   0x00003ed0       0x3c /opt/st/stm32cubeide_1.18.0/plugins/com.st.stm32cube.ide.mcu.externaltools.gnu-tools-for-stm32.13.3.rel1.linux64_1.0.0.202410170706/tools/bin/../lib/gcc/arm-none-eabi/13.3.1/thumb/v6-m/nofp/libgcc.a(_udivmoddi4.o)
